For iteration 1
Total GPU time: 5.92125 ms
Total time: 9.17042 ms

For iteration 2
Total GPU time: 5.91974 ms
Total time: 9.15276 ms

For iteration 3
Total GPU time: 5.92032 ms
Total time: 9.17617 ms

For iteration 4
Total GPU time: 5.91914 ms
Total time: 9.15104 ms

For iteration 5
Total GPU time: 5.91795 ms
Total time: 9.16291 ms

For iteration 6
Total GPU time: 5.91734 ms
Total time: 9.14273 ms

For iteration 7
Total GPU time: 5.91725 ms
Total time: 9.25244 ms

For iteration 8
Total GPU time: 5.92624 ms
Total time: 9.22853 ms

For iteration 9
Total GPU time: 5.91789 ms
Total time: 9.16259 ms

For iteration 10
Total GPU time: 5.91747 ms
Total time: 9.2188 ms

For iteration 11
Total GPU time: 5.91747 ms
Total time: 9.18055 ms

For iteration 12
Total GPU time: 5.92186 ms
Total time: 9.21834 ms

For iteration 13
Total GPU time: 5.92019 ms
Total time: 9.16578 ms

For iteration 14
Total GPU time: 5.91984 ms
Total time: 9.28939 ms

For iteration 15
Total GPU time: 5.92022 ms
Total time: 9.15355 ms

For iteration 16
Total GPU time: 5.91827 ms
Total time: 9.1475 ms

For iteration 17
Total GPU time: 5.91718 ms
Total time: 9.16165 ms

For iteration 18
Total GPU time: 5.91776 ms
Total time: 9.21187 ms

For iteration 19
Total GPU time: 5.91776 ms
Total time: 9.17196 ms

For iteration 20
Total GPU time: 5.91946 ms
Total time: 9.18553 ms



Average GPU Execution Time(20 runs)= 5.919230
Average TOTAL Execution Time(20 runs)= 9.185225
