Doing image 1 --
/home/ksugumar/project/videos/walle_6ips_out/walle00165.jpg

Convolution completed!
Total Elapsed time: 51.8656 ms

Doing image 2 --
/home/ksugumar/project/videos/walle_6ips_out/walle00169.jpg

Convolution completed!
Total Elapsed time: 51.4164 ms

Doing image 3 --
/home/ksugumar/project/videos/walle_6ips_out/walle00173.jpg

Convolution completed!
Total Elapsed time: 51.3949 ms

Doing image 4 --
/home/ksugumar/project/videos/walle_6ips_out/walle00177.jpg

Convolution completed!
Total Elapsed time: 51.4493 ms

Doing image 5 --
/home/ksugumar/project/videos/walle_6ips_out/walle00181.jpg

Convolution completed!
Total Elapsed time: 51.4304 ms

Doing image 6 --
/home/ksugumar/project/videos/walle_6ips_out/walle00185.jpg

Convolution completed!
Total Elapsed time: 51.583 ms

Doing image 7 --
/home/ksugumar/project/videos/walle_6ips_out/walle00189.jpg

Convolution completed!
Total Elapsed time: 51.6101 ms

Doing image 8 --
/home/ksugumar/project/videos/walle_6ips_out/walle00193.jpg

Convolution completed!
Total Elapsed time: 51.5557 ms

Doing image 9 --
/home/ksugumar/project/videos/walle_6ips_out/walle00197.jpg

Convolution completed!
Total Elapsed time: 51.6141 ms

Doing image 10 --
/home/ksugumar/project/videos/walle_6ips_out/walle00201.jpg

Convolution completed!
Total Elapsed time: 51.6803 ms

Doing image 11 --
/home/ksugumar/project/videos/walle_6ips_out/walle00205.jpg

Convolution completed!
Total Elapsed time: 51.5625 ms

Doing image 12 --
/home/ksugumar/project/videos/walle_6ips_out/walle00209.jpg

Convolution completed!
Total Elapsed time: 51.9022 ms

Doing image 13 --
/home/ksugumar/project/videos/walle_6ips_out/walle00213.jpg

Convolution completed!
Total Elapsed time: 51.4085 ms

Doing image 14 --
/home/ksugumar/project/videos/walle_6ips_out/walle00217.jpg

Convolution completed!
Total Elapsed time: 51.4356 ms

Doing image 15 --
/home/ksugumar/project/videos/walle_6ips_out/walle00221.jpg

Convolution completed!
Total Elapsed time: 51.4873 ms

Doing image 16 --
/home/ksugumar/project/videos/walle_6ips_out/walle00225.jpg

Convolution completed!
Total Elapsed time: 51.441 ms

Doing image 17 --
/home/ksugumar/project/videos/walle_6ips_out/walle00229.jpg

Convolution completed!
Total Elapsed time: 51.4835 ms

Doing image 18 --
/home/ksugumar/project/videos/walle_6ips_out/walle00233.jpg

Convolution completed!
Total Elapsed time: 51.4277 ms

Doing image 19 --
/home/ksugumar/project/videos/walle_6ips_out/walle00237.jpg

Convolution completed!
Total Elapsed time: 51.3734 ms

Doing image 20 --
/home/ksugumar/project/videos/walle_6ips_out/walle00241.jpg

Convolution completed!
Total Elapsed time: 53.7359 ms

Doing image 21 --
/home/ksugumar/project/videos/walle_6ips_out/walle00245.jpg

Convolution completed!
Total Elapsed time: 51.602 ms

Doing image 22 --
/home/ksugumar/project/videos/walle_6ips_out/walle00249.jpg

Convolution completed!
Total Elapsed time: 51.435 ms

Doing image 23 --
/home/ksugumar/project/videos/walle_6ips_out/walle00253.jpg

Convolution completed!
Total Elapsed time: 51.4215 ms

Doing image 24 --
/home/ksugumar/project/videos/walle_6ips_out/walle00257.jpg

Convolution completed!
Total Elapsed time: 51.4762 ms

Doing image 25 --
/home/ksugumar/project/videos/walle_6ips_out/walle00261.jpg

Convolution completed!
Total Elapsed time: 51.4802 ms

Doing image 26 --
/home/ksugumar/project/videos/walle_6ips_out/walle00265.jpg

Convolution completed!
Total Elapsed time: 51.4376 ms

Doing image 27 --
/home/ksugumar/project/videos/walle_6ips_out/walle00269.jpg

Convolution completed!
Total Elapsed time: 51.4138 ms

Doing image 28 --
/home/ksugumar/project/videos/walle_6ips_out/walle00273.jpg

Convolution completed!
Total Elapsed time: 51.4861 ms

Doing image 29 --
/home/ksugumar/project/videos/walle_6ips_out/walle00277.jpg

Convolution completed!
Total Elapsed time: 51.4162 ms

Doing image 30 --
/home/ksugumar/project/videos/walle_6ips_out/walle00281.jpg

Convolution completed!
Total Elapsed time: 51.4407 ms

Doing image 31 --
/home/ksugumar/project/videos/walle_6ips_out/walle00285.jpg

Convolution completed!
Total Elapsed time: 51.3832 ms

Doing image 32 --
/home/ksugumar/project/videos/walle_6ips_out/walle00289.jpg

Convolution completed!
Total Elapsed time: 51.4438 ms

Doing image 33 --
/home/ksugumar/project/videos/walle_6ips_out/walle00293.jpg

Convolution completed!
Total Elapsed time: 51.4171 ms

Doing image 34 --
/home/ksugumar/project/videos/walle_6ips_out/walle00297.jpg

Convolution completed!
Total Elapsed time: 51.4349 ms

Doing image 35 --
/home/ksugumar/project/videos/walle_6ips_out/walle00301.jpg

Convolution completed!
Total Elapsed time: 51.521 ms

Doing image 36 --
/home/ksugumar/project/videos/walle_6ips_out/walle00305.jpg

Convolution completed!
Total Elapsed time: 51.4183 ms

Doing image 37 --
/home/ksugumar/project/videos/walle_6ips_out/walle00309.jpg
