Doing image 1 --
Total Time Taken is: 51.805
Doing image 2 --
Total Time Taken is: 103.2834
Doing image 3 --
Total Time Taken is: 155.7880
Doing image 4 --
Total Time Taken is: 207.6049
Doing image 5 --
Total Time Taken is: 259.7565
Doing image 6 --
Total Time Taken is: 311.5873
Doing image 7 --
Total Time Taken is: 364.3474
Doing image 8 --
Total Time Taken is: 416.2969
Doing image 9 --
Total Time Taken is: 468.1507
Doing image 10 --
Total Time Taken is: 519.5963
Doing image 11 --
Total Time Taken is: 571.4497
Doing image 12 --
Total Time Taken is: 624.1251
Doing image 13 --
Total Time Taken is: 679.1131
Doing image 14 --
Total Time Taken is: 731.1095
Doing image 15 --
Total Time Taken is: 783.0504
Doing image 16 --
Total Time Taken is: 835.3163
Doing image 17 --
Total Time Taken is: 887.8111
Doing image 18 --
Total Time Taken is: 939.3619
Doing image 19 --
Total Time Taken is: 992.8021
Doing image 20 --
Total Time Taken is: 1044.2912
Doing image 21 --
Total Time Taken is: 1096.2920
Doing image 22 --
Total Time Taken is: 1147.9267
Doing image 23 --
Total Time Taken is: 1199.9978
Doing image 24 --
Total Time Taken is: 1253.2444
Doing image 25 --
Total Time Taken is: 1305.7595
Doing image 26 --
Total Time Taken is: 1358.0803
Doing image 27 --
Total Time Taken is: 1410.1134
Doing image 28 --
Total Time Taken is: 1462.8041
Doing image 29 --
Total Time Taken is: 1514.6292
Doing image 30 --
Total Time Taken is: 1567.2267
Doing image 31 --
Total Time Taken is: 1618.7540
Doing image 32 --
Total Time Taken is: 1671.3857
Doing image 33 --
Total Time Taken is: 1723.2277
Doing image 34 --
Total Time Taken is: 1775.8466
Doing image 35 --
Total Time Taken is: 1827.8692
Doing image 36 --
Total Time Taken is: 1880.6654
Doing image 37 --
Total Time Taken is: 1932.3997
Doing image 38 --
Total Time Taken is: 1983.9090
Doing image 39 --
Total Time Taken is: 2037.4005
Doing image 40 --
Total Time Taken is: 2089.3196
Doing image 41 --
Total Time Taken is: 2141.4277
Doing image 42 --
Total Time Taken is: 2192.9305
Doing image 43 --
Total Time Taken is: 2245.0210
Doing image 44 --
Total Time Taken is: 2296.9517
Doing image 45 --
Total Time Taken is: 2348.6423
Doing image 46 --
Total Time Taken is: 2400.3730
Doing image 47 --
Total Time Taken is: 2452.2089
Doing image 48 --
Total Time Taken is: 2504.7467
Doing image 49 --
Total Time Taken is: 2557.6084
Doing image 50 --
Total Time Taken is: 2609.3837
Doing image 51 --
Total Time Taken is: 2660.9837
Doing image 52 --
Total Time Taken is: 2713.1201
Doing image 53 --
Total Time Taken is: 2764.8024
Doing image 54 --
Total Time Taken is: 2816.7978
Doing image 55 --
Total Time Taken is: 2869.8518
Doing image 56 --
Total Time Taken is: 2921.5092
Doing image 57 --
Total Time Taken is: 2974.0142
Doing image 58 --
Total Time Taken is: 3025.6103
Doing image 59 --
Total Time Taken is: 3077.1137
Doing image 60 --
Total Time Taken is: 3128.8334
Doing image 61 --
Total Time Taken is: 3180.7679
Doing image 62 --
Total Time Taken is: 3232.4486
Doing image 63 --
Total Time Taken is: 3284.1934
Doing image 64 --
Total Time Taken is: 3336.0751
Doing image 65 --
Total Time Taken is: 3387.5413
Doing image 66 --
Total Time Taken is: 3439.7335
Doing image 67 --
Total Time Taken is: 3492.0953
Doing image 68 --
Total Time Taken is: 3545.5406
Doing image 69 --
Total Time Taken is: 3597.2238
Doing image 70 --
Total Time Taken is: 3649.0060
Doing image 71 --
Total Time Taken is: 3701.8887
Doing image 72 --
Total Time Taken is: 3756.5059
Doing image 73 --
Total Time Taken is: 3808.9134
Doing image 74 --
Total Time Taken is: 3861.4457
Doing image 75 --
Total Time Taken is: 3915.0355
Doing image 76 --
Total Time Taken is: 3968.5400
Doing image 77 --
Total Time Taken is: 4020.4117
Doing image 78 --
Total Time Taken is: 4072.7947
Doing image 79 --
Total Time Taken is: 4126.1510
Doing image 80 --
Total Time Taken is: 4178.7610
Doing image 81 --
Total Time Taken is: 4232.4063
Doing image 82 --
Total Time Taken is: 4284.7467
Doing image 83 --
Total Time Taken is: 4337.4364
Doing image 84 --
Total Time Taken is: 4389.1020
Doing image 85 --
Total Time Taken is: 4441.1515
Doing image 86 --
Total Time Taken is: 4493.2062
Doing image 87 --
Total Time Taken is: 4545.6256
Doing image 88 --
Total Time Taken is: 4598.4767
Doing image 89 --
Total Time Taken is: 4650.3810
Doing image 90 --
Total Time Taken is: 4701.9376
Doing image 91 --
Total Time Taken is: 4753.3357
Doing image 92 --
Total Time Taken is: 4806.0964
Doing image 93 --
Total Time Taken is: 4858.4199
Doing image 94 --
Total Time Taken is: 4910.7825
Doing image 95 --
Total Time Taken is: 4962.9543
Doing image 96 --
Total Time Taken is: 5015.0852
Doing image 97 --
Total Time Taken is: 5067.2335
Doing image 98 --
Total Time Taken is: 5119.1085
Doing image 99 --
Total Time Taken is: 5172.2207
Doing image 100 --
Total Time Taken is: 5223.3130
Doing image 101 --
Total Time Taken is: 5276.2971
Doing image 102 --
Total Time Taken is: 5330.4366
Doing image 103 --
Total Time Taken is: 5383.3213
Doing image 104 --
Total Time Taken is: 5435.0852
Doing image 105 --
Total Time Taken is: 5487.3281
Doing image 106 --
Total Time Taken is: 5539.6009
Doing image 107 --
Total Time Taken is: 5591.2426
Doing image 108 --
Total Time Taken is: 5643.8423
Doing image 109 --
Total Time Taken is: 5695.7908
Doing image 110 --
Total Time Taken is: 5749.0390
Doing image 111 --
Total Time Taken is: 5801.2027
Doing image 112 --
Total Time Taken is: 5853.7936
Doing image 113 --
Total Time Taken is: 5905.3004
Doing image 114 --
Total Time Taken is: 5956.8929
Doing image 115 --
Total Time Taken is: 6009.6875
Doing image 116 --
Total Time Taken is: 6061.5585
Doing image 117 --
Total Time Taken is: 6113.5746
Doing image 118 --
Total Time Taken is: 6166.9246
Doing image 119 --
Total Time Taken is: 6219.6733
Doing image 120 --
Total Time Taken is: 6272.8168
Doing image 121 --
Total Time Taken is: 6324.9816
Doing image 122 --
Total Time Taken is: 6377.8590
Doing image 123 --
Total Time Taken is: 6430.9012
Doing image 124 --
Total Time Taken is: 6484.9776
Doing image 125 --
Total Time Taken is: 6536.6837
Doing image 126 --
Total Time Taken is: 6590.0277
Doing image 127 --
Total Time Taken is: 6644.8303
Doing image 128 --
Total Time Taken is: 6697.0873
Doing image 129 --
Total Time Taken is: 6749.5283
Doing image 130 --
Total Time Taken is: 6802.3082
Doing image 131 --
Total Time Taken is: 6855.3871
Doing image 132 --
Total Time Taken is: 6907.9754
Doing image 133 --
Total Time Taken is: 6960.5137
Doing image 134 --
Total Time Taken is: 7013.5484
Doing image 135 --
Total Time Taken is: 7065.7310
Doing image 136 --
Total Time Taken is: 7117.7071
Doing image 137 --
Total Time Taken is: 7172.8477
Doing image 138 --
Total Time Taken is: 7225.3966
Doing image 139 --
Total Time Taken is: 7277.0778
Doing image 140 --
Total Time Taken is: 7328.6104
Doing image 141 --
Total Time Taken is: 7380.7303
Doing image 142 --
Total Time Taken is: 7432.8908
Doing image 143 --
Total Time Taken is: 7485.4776
Doing image 144 --
Total Time Taken is: 7537.1909
Doing image 145 --
Total Time Taken is: 7588.6677
Doing image 146 --
Total Time Taken is: 7640.3720
Doing image 147 --
Total Time Taken is: 7691.8688
Doing image 148 --
Total Time Taken is: 7743.5074
Doing image 149 --
Total Time Taken is: 7795.0737
Doing image 150 --
Total Time Taken is: 7848.3354
Doing image 151 --
Total Time Taken is: 7900.4033
Doing image 152 --
Total Time Taken is: 7952.5829
Doing image 153 --
Total Time Taken is: 8005.2398
Doing image 154 --
Total Time Taken is: 8057.7149
Doing image 155 --
Total Time Taken is: 8110.3026
Doing image 156 --
Total Time Taken is: 8162.4040
Doing image 157 --
Total Time Taken is: 8215.0019
Doing image 158 --
Total Time Taken is: 8266.6409
Doing image 159 --
Total Time Taken is: 8318.5791
Doing image 160 --
Total Time Taken is: 8371.5156
Doing image 161 --
Total Time Taken is: 8423.4149
Doing image 162 --
Total Time Taken is: 8475.0547
Doing image 163 --
Total Time Taken is: 8526.9692
Doing image 164 --
Total Time Taken is: 8579.6234
Doing image 165 --
Total Time Taken is: 8632.0017
Doing image 166 --
Total Time Taken is: 8683.5309
Doing image 167 --
Total Time Taken is: 8736.1189
Doing image 168 --
Total Time Taken is: 8788.6437
Doing image 169 --
Total Time Taken is: 8841.2140
Doing image 170 --
Total Time Taken is: 8892.9114
Doing image 171 --
Total Time Taken is: 8944.9678
Doing image 172 --
Total Time Taken is: 8998.7645
Doing image 173 --
Total Time Taken is: 9051.5381
Doing image 174 --
Total Time Taken is: 9103.3814
Doing image 175 --
Total Time Taken is: 9154.8862
Doing image 176 --
Total Time Taken is: 9206.5384
Doing image 177 --
Total Time Taken is: 9259.2287
Doing image 178 --
Total Time Taken is: 9311.9003
Doing image 179 --
Total Time Taken is: 9363.9983
Doing image 180 --
Total Time Taken is: 9415.9263
Doing image 181 --
Total Time Taken is: 9467.5417
Doing image 182 --
Total Time Taken is: 9519.1205
Doing image 183 --
Total Time Taken is: 9571.2729
Doing image 184 --
Total Time Taken is: 9624.7397
Doing image 185 --
Total Time Taken is: 9677.2542
Doing image 186 --
Total Time Taken is: 9729.2250
Doing image 187 --
Total Time Taken is: 9781.7146
Doing image 188 --
Total Time Taken is: 9834.2516
Doing image 189 --
Total Time Taken is: 9886.8492
Doing image 190 --
Total Time Taken is: 9938.5342
Doing image 191 --
Total Time Taken is: 9990.1740
Doing image 192 --
Total Time Taken is: 10044.5617
Doing image 193 --
Total Time Taken is: 10096.6340
Doing image 194 --
Total Time Taken is: 10148.8389
Doing image 195 --
Total Time Taken is: 10200.3504
Doing image 196 --
Total Time Taken is: 10252.3752
Doing image 197 --
Total Time Taken is: 10304.7843
Doing image 198 --
Total Time Taken is: 10356.6590
Doing image 199 --
Total Time Taken is: 10410.0485
Doing image 200 --
Total Time Taken is: 10462.8088
Doing image 201 --
Total Time Taken is: 10516.1201
Doing image 202 --
Total Time Taken is: 10568.9697
Doing image 203 --
Total Time Taken is: 10621.6627
Doing image 204 --
Total Time Taken is: 10674.1265
Doing image 205 --
Total Time Taken is: 10726.8312
Doing image 206 --
Total Time Taken is: 10778.9455
Doing image 207 --
Total Time Taken is: 10832.2421
Doing image 208 --
Total Time Taken is: 10884.5750
Doing image 209 --
Total Time Taken is: 10938.1849
Doing image 210 --
Total Time Taken is: 10989.6831
Doing image 211 --
Total Time Taken is: 11042.4201
Doing image 212 --
Total Time Taken is: 11096.0036
Doing image 213 --
Total Time Taken is: 11153.5281
Doing image 214 --
Total Time Taken is: 11209.3790
Doing image 215 --
Total Time Taken is: 11261.9215
Doing image 216 --
Total Time Taken is: 11313.4258
Doing image 217 --
Total Time Taken is: 11365.5412
Doing image 218 --
Total Time Taken is: 11417.4013
Doing image 219 --
Total Time Taken is: 11469.3432
Doing image 220 --
Total Time Taken is: 11520.9564
Doing image 221 --
Total Time Taken is: 11572.5348
Doing image 222 --
Total Time Taken is: 11623.9735
Doing image 223 --
Total Time Taken is: 11675.4963
Doing image 224 --
Total Time Taken is: 11727.0266
Doing image 225 --
Total Time Taken is: 11778.5624
Doing image 226 --
Total Time Taken is: 11830.0321
Doing image 227 --
Total Time Taken is: 11881.5840
Doing image 228 --
Total Time Taken is: 11933.0693
Doing image 229 --
Total Time Taken is: 11984.5576
Doing image 230 --
Total Time Taken is: 12036.7395
Doing image 231 --
Total Time Taken is: 12088.4129
Doing image 232 --
Total Time Taken is: 12139.9425
Doing image 233 --
Total Time Taken is: 12192.0068
Doing image 234 --
Total Time Taken is: 12243.7973
Doing image 235 --
Total Time Taken is: 12295.5120
Doing image 236 --
Total Time Taken is: 12346.9966
Doing image 237 --
Total Time Taken is: 12398.4594
Doing image 238 --
Total Time Taken is: 12450.4957
Doing image 239 --
Total Time Taken is: 12502.1261
Doing image 240 --
Total Time Taken is: 12554.7087
Doing image 241 --
Total Time Taken is: 12606.7154
Doing image 242 --
Total Time Taken is: 12659.6917
Doing image 243 --
Total Time Taken is: 12711.7415
Doing image 244 --
Total Time Taken is: 12764.6909
Doing image 245 --
Total Time Taken is: 12816.8746
Doing image 246 --
Total Time Taken is: 12869.2249
Doing image 247 --
Total Time Taken is: 12921.4263
Doing image 248 --
Total Time Taken is: 12973.6052
Doing image 249 --
Total Time Taken is: 13026.0312
Doing image 250 --
Total Time Taken is: 13077.7047
Doing image 251 --
Total Time Taken is: 13131.1841
Doing image 252 --
Total Time Taken is: 13182.9287
Doing image 253 --
Total Time Taken is: 13234.5060
Doing image 254 --
Total Time Taken is: 13287.5532
Doing image 255 --
Total Time Taken is: 13340.0135
Doing image 256 --
Total Time Taken is: 13392.7878
Doing image 257 --
Total Time Taken is: 13446.6400
Doing image 258 --
Total Time Taken is: 13499.3563
Doing image 259 --
Total Time Taken is: 13551.1650
Doing image 260 --
Total Time Taken is: 13603.2494
Doing image 261 --
Total Time Taken is: 13655.0633
Doing image 262 --
Total Time Taken is: 13708.2017
Doing image 263 --
Total Time Taken is: 13760.4588
Doing image 264 --
Total Time Taken is: 13812.0965
Doing image 265 --
Total Time Taken is: 13864.1975
Doing image 266 --
Total Time Taken is: 13916.5671
Doing image 267 --
Total Time Taken is: 13968.8950
Doing image 268 --
Total Time Taken is: 14020.8421
Doing image 269 --
Total Time Taken is: 14073.6099
Doing image 270 --
Total Time Taken is: 14125.5430
Doing image 271 --
Total Time Taken is: 14177.5079
Doing image 272 --
Total Time Taken is: 14233.3999
Doing image 273 --
Total Time Taken is: 14286.3101
Doing image 274 --
Total Time Taken is: 14338.7469
Doing image 275 --
Total Time Taken is: 14391.0635
Doing image 276 --
Total Time Taken is: 14442.8242
Doing image 277 --
Total Time Taken is: 14495.1953
Doing image 278 --
Total Time Taken is: 14547.3574
Doing image 279 --
Total Time Taken is: 14599.3482
Doing image 280 --
Total Time Taken is: 14651.7153
Doing image 281 --
Total Time Taken is: 14705.3084
Doing image 282 --
Total Time Taken is: 14761.6665
Doing image 283 --
Total Time Taken is: 14816.3619
Doing image 284 --
Total Time Taken is: 14868.9033
Doing image 285 --
Total Time Taken is: 14921.2219
Doing image 286 --
Total Time Taken is: 14972.9317
Doing image 287 --
Total Time Taken is: 15025.4284
Doing image 288 --
Total Time Taken is: 15077.0327
Doing image 289 --
Total Time Taken is: 15128.5439
Doing image 290 --
Total Time Taken is: 15181.2975
Doing image 291 --
Total Time Taken is: 15235.2423
Doing image 292 --
Total Time Taken is: 15287.4657
Doing image 293 --
Total Time Taken is: 15340.9299
Doing image 294 --
Total Time Taken is: 15394.0561
Doing image 295 --
Total Time Taken is: 15446.4300
Doing image 296 --
Total Time Taken is: 15498.8682
Doing image 297 --
Total Time Taken is: 15550.4337
Doing image 298 --
Total Time Taken is: 15602.2334
Doing image 299 --
Total Time Taken is: 15654.0571
Doing image 300 --
Total Time Taken is: 15705.7630
Doing image 301 --
Total Time Taken is: 15758.0818
Doing image 302 --
Total Time Taken is: 15812.3074
Doing image 303 --
Total Time Taken is: 15863.8340
Doing image 304 --
Total Time Taken is: 15915.6292
Doing image 305 --
Total Time Taken is: 15967.1438
Doing image 306 --
Total Time Taken is: 16019.1764
Doing image 307 --
Total Time Taken is: 16071.1267
Doing image 308 --
Total Time Taken is: 16123.7988
Doing image 309 --
Total Time Taken is: 16175.9606
Doing image 310 --
Total Time Taken is: 16229.7038
Doing image 311 --
Total Time Taken is: 16281.6615
Doing image 312 --
Total Time Taken is: 16334.5813
Doing image 313 --
Total Time Taken is: 16386.3301
Doing image 314 --
Total Time Taken is: 16438.7908
Doing image 315 --
Total Time Taken is: 16491.8550
Doing image 316 --
Total Time Taken is: 16544.4750
Doing image 317 --
Total Time Taken is: 16597.1054
Doing image 318 --
Total Time Taken is: 16649.3154
Doing image 319 --
Total Time Taken is: 16701.2600
Doing image 320 --
Total Time Taken is: 16753.7284
Doing image 321 --
Total Time Taken is: 16805.5367
Doing image 322 --
Total Time Taken is: 16857.2711
Doing image 323 --
Total Time Taken is: 16909.7014
Doing image 324 --
Total Time Taken is: 16961.9114
Doing image 325 --
Total Time Taken is: 17013.3527
Doing image 326 --
Total Time Taken is: 17065.0586
Doing image 327 --
Total Time Taken is: 17117.4587
Doing image 328 --
Total Time Taken is: 17170.1875
Doing image 329 --
Total Time Taken is: 17222.1127
Doing image 330 --
Total Time Taken is: 17273.7995
Doing image 331 --
Total Time Taken is: 17325.7898
Doing image 332 --
Total Time Taken is: 17377.8128
Doing image 333 --
Total Time Taken is: 17429.6818
Doing image 334 --
Total Time Taken is: 17482.4308
Doing image 335 --
Total Time Taken is: 17534.8921
Doing image 336 --
Total Time Taken is: 17586.5079
Doing image 337 --
Total Time Taken is: 17639.0347
Doing image 338 --
Total Time Taken is: 17691.2520
Doing image 339 --
Total Time Taken is: 17742.8434
Doing image 340 --
Total Time Taken is: 17795.2643
Doing image 341 --
Total Time Taken is: 17847.5051
Doing image 342 --
Total Time Taken is: 17901.6453
Doing image 343 --
Total Time Taken is: 17954.8091
Doing image 344 --
Total Time Taken is: 18006.3477
Doing image 345 --
Total Time Taken is: 18058.3124
Doing image 346 --
Total Time Taken is: 18110.1262
Doing image 347 --
Total Time Taken is: 18162.1161
Doing image 348 --
Total Time Taken is: 18214.3652
Doing image 349 --
Total Time Taken is: 18268.1266
Doing image 350 --
Total Time Taken is: 18320.1403
Doing image 351 --
Total Time Taken is: 18373.5583
Doing image 352 --
Total Time Taken is: 18425.7195
Doing image 353 --
Total Time Taken is: 18478.9268
Doing image 354 --
Total Time Taken is: 18531.6318
Doing image 355 --
Total Time Taken is: 18584.4711
Doing image 356 --
Total Time Taken is: 18636.7621
Doing image 357 --
Total Time Taken is: 18689.6961
Doing image 358 --
Total Time Taken is: 18741.2511
Doing image 359 --
Total Time Taken is: 18792.7013
Doing image 360 --
Total Time Taken is: 18844.3954
Doing image 361 --
Total Time Taken is: 18896.3399
Doing image 362 --
Total Time Taken is: 18948.3209
Doing image 363 --
Total Time Taken is: 19000.8194
Doing image 364 --
Total Time Taken is: 19052.9367
Doing image 365 --
Total Time Taken is: 19104.7236
Doing image 366 --
Total Time Taken is: 19156.7540
Doing image 367 --
Total Time Taken is: 19209.0371
Doing image 368 --
Total Time Taken is: 19261.1507
Doing image 369 --
Total Time Taken is: 19312.8226
Doing image 370 --
Total Time Taken is: 19365.2807
Doing image 371 --
Total Time Taken is: 19417.8697
Doing image 372 --
Total Time Taken is: 19469.4118
Doing image 373 --
Total Time Taken is: 19521.3129
Doing image 374 --
Total Time Taken is: 19573.7456
Doing image 375 --
Total Time Taken is: 19626.1232
Doing image 376 --
Total Time Taken is: 19678.0187
Doing image 377 --
Total Time Taken is: 19731.3333
Doing image 378 --
Total Time Taken is: 19783.5570
Doing image 379 --
Total Time Taken is: 19837.2253
Doing image 380 --
Total Time Taken is: 19888.8669
Doing image 381 --
Total Time Taken is: 19940.3404
Doing image 382 --
Total Time Taken is: 19991.8482
Doing image 383 --
Total Time Taken is: 20043.4253
Doing image 384 --
Total Time Taken is: 20095.6904
Doing image 385 --
Total Time Taken is: 20147.1994
Doing image 386 --
Total Time Taken is: 20200.1833
Doing image 387 --
Total Time Taken is: 20252.1376
Doing image 388 --
Total Time Taken is: 20303.6163
Doing image 389 --
Total Time Taken is: 20355.8600
Doing image 390 --
Total Time Taken is: 20409.1230
Doing image 391 --
Total Time Taken is: 20460.8739
Doing image 392 --
Total Time Taken is: 20512.6246
Doing image 393 --
Total Time Taken is: 20564.1452
Doing image 394 --
Total Time Taken is: 20616.0961
Doing image 395 --
Total Time Taken is: 20667.6440
Doing image 396 --
Total Time Taken is: 20719.4114
Doing image 397 --
Total Time Taken is: 20770.8922
Doing image 398 --
Total Time Taken is: 20822.3677
Doing image 399 --
Total Time Taken is: 20873.8579
Doing image 400 --
Total Time Taken is: 20925.3437
Doing image 401 --
Total Time Taken is: 20977.5628
Doing image 402 --
Total Time Taken is: 21029.0476
Doing image 403 --
Total Time Taken is: 21080.5940
Doing image 404 --
Total Time Taken is: 21132.4528
Doing image 405 --
Total Time Taken is: 21183.9371
Doing image 406 --
Total Time Taken is: 21235.5843
Doing image 407 --
Total Time Taken is: 21287.4573
Doing image 408 --
Total Time Taken is: 21339.4800
Doing image 409 --
Total Time Taken is: 21391.8007
Doing image 410 --
Total Time Taken is: 21443.3651
Doing image 411 --
Total Time Taken is: 21494.8491
Doing image 412 --
Total Time Taken is: 21546.3275
Doing image 413 --
Total Time Taken is: 21598.2997
Doing image 414 --
Total Time Taken is: 21650.9101
Doing image 415 --
Total Time Taken is: 21703.9519
Doing image 416 --
Total Time Taken is: 21756.0339
Doing image 417 --
Total Time Taken is: 21808.1854
Doing image 418 --
Total Time Taken is: 21860.2637
Doing image 419 --
Total Time Taken is: 21912.4865
Doing image 420 --
Total Time Taken is: 21964.0988
Doing image 421 --
Total Time Taken is: 22016.2425
Doing image 422 --
Total Time Taken is: 22068.8560
Doing image 423 --
Total Time Taken is: 22120.9721
Doing image 424 --
Total Time Taken is: 22173.5170
Doing image 425 --
Total Time Taken is: 22225.0133
Doing image 426 --
Total Time Taken is: 22277.0314
Doing image 427 --
Total Time Taken is: 22328.8698
Doing image 428 --
Total Time Taken is: 22380.1667
Doing image 429 --
Total Time Taken is: 22431.7209
Doing image 430 --
Total Time Taken is: 22484.0682
Doing image 431 --
Total Time Taken is: 22536.2356
Doing image 432 --
Total Time Taken is: 22588.9683
Doing image 433 --
Total Time Taken is: 22640.6176
Doing image 434 --
Total Time Taken is: 22692.5728
Doing image 435 --
Total Time Taken is: 22744.9966
Doing image 436 --
Total Time Taken is: 22796.5567
Doing image 437 --
Total Time Taken is: 22849.2652
Doing image 438 --
Total Time Taken is: 22901.4106
Doing image 439 --
Total Time Taken is: 22953.1930
Doing image 440 --
Total Time Taken is: 23004.8201
Doing image 441 --
Total Time Taken is: 23056.5246
Doing image 442 --
Total Time Taken is: 23108.1527
Doing image 443 --
Total Time Taken is: 23159.7800
Doing image 444 --
Total Time Taken is: 23212.0983
Doing image 445 --
Total Time Taken is: 23263.6997
Doing image 446 --
Total Time Taken is: 23315.9064
Doing image 447 --
Total Time Taken is: 23367.9817
Doing image 448 --
Total Time Taken is: 23419.9300
Doing image 449 --
Total Time Taken is: 23472.1214
Doing image 450 --
Total Time Taken is: 23524.0486
Doing image 451 --
Total Time Taken is: 23575.8935
Doing image 452 --
Total Time Taken is: 23627.7528
Doing image 453 --
Total Time Taken is: 23679.3733
Doing image 454 --
Total Time Taken is: 23731.5577
Doing image 455 --
Total Time Taken is: 23785.3720
Doing image 456 --
Total Time Taken is: 23837.9678
Doing image 457 --
Total Time Taken is: 23889.5462
Doing image 458 --
Total Time Taken is: 23941.1373
Doing image 459 --
Total Time Taken is: 23992.9038
Doing image 460 --
Total Time Taken is: 24044.6144
Doing image 461 --
Total Time Taken is: 24096.5868
Doing image 462 --
Total Time Taken is: 24148.0496
Doing image 463 --
Total Time Taken is: 24199.9390
Doing image 464 --
Total Time Taken is: 24251.6367
Doing image 465 --
Total Time Taken is: 24303.9955
Doing image 466 --
Total Time Taken is: 24356.2370
Doing image 467 --
Total Time Taken is: 24408.3934
Doing image 468 --
Total Time Taken is: 24460.2081
Doing image 469 --
Total Time Taken is: 24511.7545
Doing image 470 --
Total Time Taken is: 24563.2183
Doing image 471 --
Total Time Taken is: 24614.7328
Doing image 472 --
Total Time Taken is: 24668.5421
Doing image 473 --
Total Time Taken is: 24720.3524
Doing image 474 --
Total Time Taken is: 24773.2859
Doing image 475 --
Total Time Taken is: 24825.6121
Doing image 476 --
Total Time Taken is: 24877.6855
Doing image 477 --
Total Time Taken is: 24929.3233
Doing image 478 --
Total Time Taken is: 24981.2959
Doing image 479 --
Total Time Taken is: 25033.2396
Doing image 480 --
Total Time Taken is: 25085.4110
Doing image 481 --
Total Time Taken is: 25137.3791
Doing image 482 --
Total Time Taken is: 25188.9757
Doing image 483 --
Total Time Taken is: 25241.0882
Doing image 484 --
Total Time Taken is: 25292.7386
Doing image 485 --
Total Time Taken is: 25344.2400
Doing image 486 --
Total Time Taken is: 25396.2323
Doing image 487 --
Total Time Taken is: 25447.7741
Doing image 488 --
Total Time Taken is: 25499.8234
Doing image 489 --
Total Time Taken is: 25551.5365
Doing image 490 --
Total Time Taken is: 25603.2912
Doing image 491 --
Total Time Taken is: 25655.2193
Doing image 492 --
Total Time Taken is: 25706.7942
Doing image 493 --
Total Time Taken is: 25758.9275
Doing image 494 --
Total Time Taken is: 25810.5931
Doing image 495 --
Total Time Taken is: 25862.4556
Doing image 496 --
Total Time Taken is: 25914.0275
Doing image 497 --
Total Time Taken is: 25965.7307
Doing image 498 --
Total Time Taken is: 26017.3202
Doing image 499 --
Total Time Taken is: 26068.8614
Doing image 500 --
Total Time Taken is: 26120.3705
Doing image 501 --
Total Time Taken is: 26171.9592
Doing image 502 --
Total Time Taken is: 26223.5512
Doing image 503 --
Total Time Taken is: 26275.5898
Doing image 504 --
Total Time Taken is: 26327.9272
Doing image 505 --
Total Time Taken is: 26379.5829
Doing image 506 --
Total Time Taken is: 26433.0303
Doing image 507 --
Total Time Taken is: 26484.8088
Doing image 508 --
Total Time Taken is: 26536.4531
Doing image 509 --
Total Time Taken is: 26588.0848
Doing image 510 --
Total Time Taken is: 26639.6914
Doing image 511 --
Total Time Taken is: 26691.4734
Doing image 512 --
Total Time Taken is: 26743.6702
Doing image 513 --
Total Time Taken is: 26795.4904
Doing image 514 --
Total Time Taken is: 26847.1070
Doing image 515 --
Total Time Taken is: 26898.6383
Doing image 516 --
Total Time Taken is: 26950.2386
Doing image 517 --
Total Time Taken is: 27003.0877
Doing image 518 --
Total Time Taken is: 27054.9006
Doing image 519 --
Total Time Taken is: 27106.7415
Doing image 520 --
Total Time Taken is: 27158.4959
Doing image 521 --
Total Time Taken is: 27210.8925
Doing image 522 --
Total Time Taken is: 27263.6438
Doing image 523 --
Total Time Taken is: 27315.7439
Doing image 524 --
Total Time Taken is: 27367.7078
Doing image 525 --
Total Time Taken is: 27420.1760
Doing image 526 --
Total Time Taken is: 27472.6767
Doing image 527 --
Total Time Taken is: 27525.2053
Doing image 528 --
Total Time Taken is: 27576.8340
Doing image 529 --
Total Time Taken is: 27629.1124
Doing image 530 --
Total Time Taken is: 27681.9635
Doing image 531 --
Total Time Taken is: 27733.9293
Doing image 532 --
Total Time Taken is: 27785.7130
Doing image 533 --
Total Time Taken is: 27837.3885
Doing image 534 --
Total Time Taken is: 27888.9820
Doing image 535 --
Total Time Taken is: 27940.7280
Doing image 536 --
Total Time Taken is: 27993.3887
Doing image 537 --
Total Time Taken is: 28044.9023
Doing image 538 --
Total Time Taken is: 28096.6588
Doing image 539 --
Total Time Taken is: 28148.7537
Doing image 540 --
Total Time Taken is: 28200.3924
Doing image 541 --
Total Time Taken is: 28252.7206
Doing image 542 --
Total Time Taken is: 28304.6328
Doing image 543 --
Total Time Taken is: 28359.7624
Doing image 544 --
Total Time Taken is: 28413.8111
Doing image 545 --
Total Time Taken is: 28470.7356
Doing image 546 --
Total Time Taken is: 28526.7199
Doing image 547 --
Total Time Taken is: 28582.4340
Doing image 548 --
Total Time Taken is: 28638.1796
Doing image 549 --
Total Time Taken is: 28690.4999
Doing image 550 --
Total Time Taken is: 28742.4625
Doing image 551 --
Total Time Taken is: 28794.3118
Doing image 552 --
Total Time Taken is: 28846.4612
Doing image 553 --
Total Time Taken is: 28898.1875
Doing image 554 --
Total Time Taken is: 28951.3804
Doing image 555 --
Total Time Taken is: 29003.8665
Doing image 556 --
Total Time Taken is: 29055.6268
Doing image 557 --
Total Time Taken is: 29107.8939
Doing image 558 --
Total Time Taken is: 29159.5525
Doing image 559 --
Total Time Taken is: 29211.3634
Doing image 560 --
Total Time Taken is: 29263.5634
Doing image 561 --
Total Time Taken is: 29316.1108
Doing image 562 --
Total Time Taken is: 29368.6887
Doing image 563 --
Total Time Taken is: 29421.1582
Doing image 564 --
Total Time Taken is: 29472.9429
Doing image 565 --
Total Time Taken is: 29524.8619
Doing image 566 --
Total Time Taken is: 29576.3640
Doing image 567 --
Total Time Taken is: 29628.0527
Doing image 568 --
Total Time Taken is: 29679.7799
Doing image 569 --
Total Time Taken is: 29732.1838
Doing image 570 --
Total Time Taken is: 29783.8096
Doing image 571 --
Total Time Taken is: 29835.6357
Doing image 572 --
Total Time Taken is: 29887.4594
Doing image 573 --
Total Time Taken is: 29939.6417
Doing image 574 --
Total Time Taken is: 29991.7844
Doing image 575 --
Total Time Taken is: 30043.3588
Doing image 576 --
Total Time Taken is: 30095.8201
Doing image 577 --
Total Time Taken is: 30147.6005
Doing image 578 --
Total Time Taken is: 30200.3487
Doing image 579 --
Total Time Taken is: 30251.9560
Doing image 580 --
Total Time Taken is: 30303.4545
Doing image 581 --
Total Time Taken is: 30355.1380
Doing image 582 --
Total Time Taken is: 30407.4737
Doing image 583 --
Total Time Taken is: 30459.8167
Doing image 584 --
Total Time Taken is: 30512.3683
Doing image 585 --
Total Time Taken is: 30564.7248
Doing image 586 --
Total Time Taken is: 30616.4993
Doing image 587 --
Total Time Taken is: 30668.6636
Doing image 588 --
Total Time Taken is: 30720.5901
Doing image 589 --
Total Time Taken is: 30772.1384
Doing image 590 --
Total Time Taken is: 30823.8712
Doing image 591 --
Total Time Taken is: 30875.8210
Doing image 592 --
Total Time Taken is: 30927.9767
Doing image 593 --
Total Time Taken is: 30983.1415
Doing image 594 --
Total Time Taken is: 31036.0416
Doing image 595 --
Total Time Taken is: 31087.7244
Doing image 596 --
Total Time Taken is: 31140.1759
Doing image 597 --
Total Time Taken is: 31191.7274
Doing image 598 --
Total Time Taken is: 31243.2417
Doing image 599 --
Total Time Taken is: 31295.3564
Doing image 600 --
Total Time Taken is: 31346.8265
Doing image 601 --
Total Time Taken is: 31398.5115
Doing image 602 --
Total Time Taken is: 31450.1431
Doing image 603 --
Total Time Taken is: 31501.9641
Doing image 604 --
Total Time Taken is: 31553.9932
Doing image 605 --
Total Time Taken is: 31605.6471
Doing image 606 --
Total Time Taken is: 31657.6728
Doing image 607 --
Total Time Taken is: 31709.6435
Doing image 608 --
Total Time Taken is: 31761.8950
Doing image 609 --
Total Time Taken is: 31813.6463
Doing image 610 --
Total Time Taken is: 31865.4883
Doing image 611 --
Total Time Taken is: 31917.0166
Doing image 612 --
Total Time Taken is: 31968.7703
Doing image 613 --
Total Time Taken is: 32020.9674
Doing image 614 --
Total Time Taken is: 32072.5764
Doing image 615 --
Total Time Taken is: 32125.3619
Doing image 616 --
Total Time Taken is: 32177.5353
Doing image 617 --
Total Time Taken is: 32229.1381
Doing image 618 --
Total Time Taken is: 32281.0324
Doing image 619 --
Total Time Taken is: 32332.7508
Doing image 620 --
Total Time Taken is: 32384.9354
Doing image 621 --
Total Time Taken is: 32437.7160
Doing image 622 --
Total Time Taken is: 32489.8944
Doing image 623 --
Total Time Taken is: 32541.6595
Doing image 624 --
Total Time Taken is: 32593.7338
Doing image 625 --
Total Time Taken is: 32647.3280
Doing image 626 --
Total Time Taken is: 32699.2888
Doing image 627 --
Total Time Taken is: 32751.3681
Doing image 628 --
Total Time Taken is: 32803.2981
Doing image 629 --
Total Time Taken is: 32855.2909
Doing image 630 --
Total Time Taken is: 32907.9187
Doing image 631 --
Total Time Taken is: 32960.0957
Doing image 632 --
Total Time Taken is: 33012.4676
Doing image 633 --
Total Time Taken is: 33064.5204
Doing image 634 --
Total Time Taken is: 33116.6191
Doing image 635 --
Total Time Taken is: 33168.7806
Doing image 636 --
Total Time Taken is: 33221.2606
Doing image 637 --
Total Time Taken is: 33273.4113
Doing image 638 --
Total Time Taken is: 33325.7085
Doing image 639 --
Total Time Taken is: 33377.2375
Doing image 640 --
Total Time Taken is: 33429.9669
Doing image 641 --
Total Time Taken is: 33482.3326
Doing image 642 --
Total Time Taken is: 33534.0365
Doing image 643 --
Total Time Taken is: 33586.2351
Doing image 644 --
Total Time Taken is: 33638.7702
Doing image 645 --
Total Time Taken is: 33690.5755
Doing image 646 --
Total Time Taken is: 33742.1931
Doing image 647 --
Total Time Taken is: 33793.8437
Doing image 648 --
Total Time Taken is: 33845.6883
Doing image 649 --
Total Time Taken is: 33898.6265
Doing image 650 --
Total Time Taken is: 33951.7723
Doing image 651 --
Total Time Taken is: 34004.6528
Doing image 652 --
Total Time Taken is: 34056.3589
Doing image 653 --
Total Time Taken is: 34108.0142
Doing image 654 --
Total Time Taken is: 34159.4920
Doing image 655 --
Total Time Taken is: 34211.9335
Doing image 656 --
Total Time Taken is: 34265.2126
Doing image 657 --
Total Time Taken is: 34316.7390
Doing image 658 --
Total Time Taken is: 34369.1030
Doing image 659 --
Total Time Taken is: 34421.0700
Doing image 660 --
Total Time Taken is: 34472.5093
Doing image 661 --
Total Time Taken is: 34524.2102
Doing image 662 --
Total Time Taken is: 34575.8740
Doing image 663 --
Total Time Taken is: 34627.6359
Doing image 664 --
Total Time Taken is: 34679.7018
Doing image 665 --
Total Time Taken is: 34731.2367
Doing image 666 --
Total Time Taken is: 34784.2398
Doing image 667 --
Total Time Taken is: 34836.7026
Doing image 668 --
Total Time Taken is: 34889.4893
Doing image 669 --
Total Time Taken is: 34942.6416
Doing image 670 --
Total Time Taken is: 34995.2044
Doing image 671 --
Total Time Taken is: 35047.5679
Doing image 672 --
Total Time Taken is: 35099.1407
Doing image 673 --
Total Time Taken is: 35151.0852
Doing image 674 --
Total Time Taken is: 35202.9454
Doing image 675 --
Total Time Taken is: 35254.9292
Doing image 676 --
Total Time Taken is: 35307.1412
Doing image 677 --
Total Time Taken is: 35358.6880
Doing image 678 --
Total Time Taken is: 35410.7049
Doing image 679 --
Total Time Taken is: 35462.8405
Doing image 680 --
Total Time Taken is: 35515.3495
Doing image 681 --
Total Time Taken is: 35566.8439
Doing image 682 --
Total Time Taken is: 35619.5964
Doing image 683 --
Total Time Taken is: 35671.9419
Doing image 684 --
Total Time Taken is: 35723.8951
Doing image 685 --
Total Time Taken is: 35777.0286
Doing image 686 --
Total Time Taken is: 35828.5459
Doing image 687 --
Total Time Taken is: 35880.1595
Doing image 688 --
Total Time Taken is: 35932.1146
Doing image 689 --
Total Time Taken is: 35984.3268
Doing image 690 --
Total Time Taken is: 36036.1300
Doing image 691 --
Total Time Taken is: 36087.7414
Doing image 692 --
Total Time Taken is: 36140.0941
Doing image 693 --
Total Time Taken is: 36191.7420
Doing image 694 --
Total Time Taken is: 36244.5445
Doing image 695 --
Total Time Taken is: 36296.3597
Doing image 696 --
Total Time Taken is: 36347.8430
Doing image 697 --
Total Time Taken is: 36399.5854
Doing image 698 --
Total Time Taken is: 36451.6619
Doing image 699 --
Total Time Taken is: 36504.6253
Doing image 700 --
Total Time Taken is: 36556.7457
Doing image 701 --
Total Time Taken is: 36608.3137
Doing image 702 --
Total Time Taken is: 36659.9373
Doing image 703 --
Total Time Taken is: 36711.8115
Doing image 704 --
Total Time Taken is: 36763.4499
Doing image 705 --
Total Time Taken is: 36814.9258
Doing image 706 --
Total Time Taken is: 36867.4504
Doing image 707 --
Total Time Taken is: 36918.9513
Doing image 708 --
Total Time Taken is: 36970.4350
Doing image 709 --
Total Time Taken is: 37023.0506
Doing image 710 --
Total Time Taken is: 37074.7712
Doing image 711 --
Total Time Taken is: 37126.2488
Doing image 712 --
Total Time Taken is: 37177.7353
Doing image 713 --
Total Time Taken is: 37229.9103
Doing image 714 --
Total Time Taken is: 37281.4153
Doing image 715 --
Total Time Taken is: 37333.2401
Doing image 716 --
Total Time Taken is: 37384.6912
Doing image 717 --
Total Time Taken is: 37436.1863
Doing image 718 --
Total Time Taken is: 37488.5163
Doing image 719 --
Total Time Taken is: 37540.0946
Doing image 720 --
Total Time Taken is: 37592.0047
Doing image 721 --
Total Time Taken is: 37644.3369
Doing image 722 --
Total Time Taken is: 37696.4080
Doing image 723 --
Total Time Taken is: 37749.1282
Doing image 724 --
Total Time Taken is: 37800.5839
Doing image 725 --
Total Time Taken is: 37852.0828
Doing image 726 --
Total Time Taken is: 37903.6336
Doing image 727 --
Total Time Taken is: 37955.1525
Doing image 728 --
Total Time Taken is: 38006.6745
Doing image 729 --
Total Time Taken is: 38058.2041
Doing image 730 --
Total Time Taken is: 38109.7256
Doing image 731 --
Total Time Taken is: 38161.5632
Doing image 732 --
Total Time Taken is: 38213.1195
Doing image 733 --
Total Time Taken is: 38264.5731
Doing image 734 --
Total Time Taken is: 38316.1205
Doing image 735 --
Total Time Taken is: 38367.7074
Doing image 736 --
Total Time Taken is: 38419.4382
Doing image 737 --
Total Time Taken is: 38471.4666
Doing image 738 --
Total Time Taken is: 38523.2688
Doing image 739 --
Total Time Taken is: 38574.8166
Doing image 740 --
Total Time Taken is: 38626.9232
Doing image 741 --
Total Time Taken is: 38679.5745
Doing image 742 --
Total Time Taken is: 38732.3289
Doing image 743 --
Total Time Taken is: 38784.3007
Doing image 744 --
Total Time Taken is: 38836.2056
Doing image 745 --
Total Time Taken is: 38888.2051
Doing image 746 --
Total Time Taken is: 38940.1064
Doing image 747 --
Total Time Taken is: 38992.0276
Doing image 748 --
Total Time Taken is: 39043.7281
Doing image 749 --
Total Time Taken is: 39095.2807
Doing image 750 --
Total Time Taken is: 39147.1954
Doing image 751 --
Total Time Taken is: 39199.5429
Doing image 752 --
Total Time Taken is: 39251.9589
Doing image 753 --
Total Time Taken is: 39303.6435
Doing image 754 --
Total Time Taken is: 39355.9748
Doing image 755 --
Total Time Taken is: 39408.8954
Doing image 756 --
Total Time Taken is: 39461.0167
Doing image 757 --
Total Time Taken is: 39512.7031
Doing image 758 --
Total Time Taken is: 39564.2560
Doing image 759 --
Total Time Taken is: 39615.8108
Doing image 760 --
Total Time Taken is: 39667.5674
Doing image 761 --
Total Time Taken is: 39719.3103
Doing image 762 --
Total Time Taken is: 39771.1086
Doing image 763 --
Total Time Taken is: 39823.4682
Doing image 764 --
Total Time Taken is: 39876.2673
Doing image 765 --
Total Time Taken is: 39927.9164
Doing image 766 --
Total Time Taken is: 39979.8787
Doing image 767 --
Total Time Taken is: 40031.6485
Doing image 768 --
Total Time Taken is: 40083.2507
Doing image 769 --
Total Time Taken is: 40135.1331
Doing image 770 --
Total Time Taken is: 40187.3422
Doing image 771 --
Total Time Taken is: 40238.8215
Doing image 772 --
Total Time Taken is: 40290.7317
Doing image 773 --
Total Time Taken is: 40342.2661
Doing image 774 --
Total Time Taken is: 40394.2803
Doing image 775 --
Total Time Taken is: 40446.1500
Doing image 776 --
Total Time Taken is: 40497.6971
Doing image 777 --
Total Time Taken is: 40550.2174
Doing image 778 --
Total Time Taken is: 40602.0410
Doing image 779 --
Total Time Taken is: 40654.1197
Doing image 780 --
Total Time Taken is: 40705.6471
Doing image 781 --
Total Time Taken is: 40757.7494
Doing image 782 --
Total Time Taken is: 40809.4381
Doing image 783 --
Total Time Taken is: 40860.9574
Doing image 784 --
Total Time Taken is: 40912.5875
Doing image 785 --
Total Time Taken is: 40964.3974
Doing image 786 --
Total Time Taken is: 41015.9927
Doing image 787 --
Total Time Taken is: 41067.7929
Doing image 788 --
Total Time Taken is: 41119.7221
Doing image 789 --
Total Time Taken is: 41172.0328
Doing image 790 --
Total Time Taken is: 41223.7907
Doing image 791 --
Total Time Taken is: 41276.0129
Doing image 792 --
Total Time Taken is: 41327.8727
Doing image 793 --
Total Time Taken is: 41379.9498
Doing image 794 --
Total Time Taken is: 41431.4504
Doing image 795 --
Total Time Taken is: 41484.2630
Doing image 796 --
Total Time Taken is: 41536.6146
Doing image 797 --
Total Time Taken is: 41588.1942
Doing image 798 --
Total Time Taken is: 41639.7512
Doing image 799 --
Total Time Taken is: 41691.2195
Doing image 800 --
Total Time Taken is: 41742.8505
Doing image 801 --
Total Time Taken is: 41794.3740
Doing image 802 --
Total Time Taken is: 41845.8744
Doing image 803 --
Total Time Taken is: 41898.4285
Doing image 804 --
Total Time Taken is: 41950.0131
Doing image 805 --
Total Time Taken is: 42001.6671
Doing image 806 --
Total Time Taken is: 42053.4340
Doing image 807 --
Total Time Taken is: 42105.2159
Doing image 808 --
Total Time Taken is: 42156.8117
Doing image 809 --
Total Time Taken is: 42208.7631
Doing image 810 --
Total Time Taken is: 42260.5349
Doing image 811 --
Total Time Taken is: 42312.2015
Doing image 812 --
Total Time Taken is: 42364.7290
Doing image 813 --
Total Time Taken is: 42418.6496
Doing image 814 --
Total Time Taken is: 42470.3195
Doing image 815 --
Total Time Taken is: 42522.3722
Doing image 816 --
Total Time Taken is: 42573.8954
Doing image 817 --
Total Time Taken is: 42626.2648
Doing image 818 --
Total Time Taken is: 42677.8222
Doing image 819 --
Total Time Taken is: 42730.8120
Doing image 820 --
Total Time Taken is: 42782.5669
Doing image 821 --
Total Time Taken is: 42834.7338
Doing image 822 --
Total Time Taken is: 42886.2864
Doing image 823 --
Total Time Taken is: 42937.8323
Doing image 824 --
Total Time Taken is: 42990.3112
Doing image 825 --
Total Time Taken is: 43041.8838
Doing image 826 --
Total Time Taken is: 43093.7277
Doing image 827 --
Total Time Taken is: 43145.3640
Doing image 828 --
Total Time Taken is: 43196.9345
Doing image 829 --
Total Time Taken is: 43248.6266
Doing image 830 --
Total Time Taken is: 43300.3926
Doing image 831 --
Total Time Taken is: 43353.1421
Doing image 832 --
Total Time Taken is: 43404.7068
Doing image 833 --
Total Time Taken is: 43456.2372
Doing image 834 --
Total Time Taken is: 43508.3228
Doing image 835 --
Total Time Taken is: 43560.5778
Doing image 836 --
Total Time Taken is: 43612.1253
Doing image 837 --
Total Time Taken is: 43663.9280
Doing image 838 --
Total Time Taken is: 43715.8617
Doing image 839 --
Total Time Taken is: 43768.1785
Doing image 840 --
Total Time Taken is: 43819.9351
Doing image 841 --
Total Time Taken is: 43872.3155
Doing image 842 --
Total Time Taken is: 43924.0282
Doing image 843 --
Total Time Taken is: 43975.8713
Doing image 844 --
Total Time Taken is: 44027.8996
Doing image 845 --
Total Time Taken is: 44081.3495
Doing image 846 --
Total Time Taken is: 44133.1152
Doing image 847 --
Total Time Taken is: 44185.8658
Doing image 848 --
Total Time Taken is: 44238.0814
Doing image 849 --
Total Time Taken is: 44289.8623
Doing image 850 --
Total Time Taken is: 44342.5449
Doing image 851 --
Total Time Taken is: 44394.3844
Doing image 852 --
Total Time Taken is: 44447.1168
Doing image 853 --
Total Time Taken is: 44500.0328
Doing image 854 --
Total Time Taken is: 44553.4882
Doing image 855 --
Total Time Taken is: 44606.6264
Doing image 856 --
Total Time Taken is: 44663.6531
Doing image 857 --
Total Time Taken is: 44722.1537
Doing image 858 --
Total Time Taken is: 44779.1694
Doing image 859 --
Total Time Taken is: 44831.7434
Doing image 860 --
Total Time Taken is: 44884.8494
Doing image 861 --
Total Time Taken is: 44938.6027
Doing image 862 --
Total Time Taken is: 44991.3224
Doing image 863 --
Total Time Taken is: 45044.2976
Doing image 864 --
Total Time Taken is: 45096.4730
Doing image 865 --
Total Time Taken is: 45148.9458
Doing image 866 --
Total Time Taken is: 45201.2294
Doing image 867 --
Total Time Taken is: 45254.0149
Doing image 868 --
Total Time Taken is: 45307.0554
Doing image 869 --
Total Time Taken is: 45359.1204
Doing image 870 --
Total Time Taken is: 45412.1695
Doing image 871 --
Total Time Taken is: 45464.5384
Doing image 872 --
Total Time Taken is: 45516.5308
Doing image 873 --
Total Time Taken is: 45568.7984
Doing image 874 --
Total Time Taken is: 45622.1879
Doing image 875 --
Total Time Taken is: 45675.2386
Doing image 876 --
Total Time Taken is: 45727.6586
Doing image 877 --
Total Time Taken is: 45779.1940
Doing image 878 --
Total Time Taken is: 45830.9472
Doing image 879 --
Total Time Taken is: 45883.3282
Doing image 880 --
Total Time Taken is: 45936.0357
Doing image 881 --
Total Time Taken is: 45988.5331
Doing image 882 --
Total Time Taken is: 46040.5014
Doing image 883 --
Total Time Taken is: 46092.3282
Doing image 884 --
Total Time Taken is: 46143.9560
Doing image 885 --
Total Time Taken is: 46196.4654
Doing image 886 --
Total Time Taken is: 46248.9161
Doing image 887 --
Total Time Taken is: 46300.4388
Doing image 888 --
Total Time Taken is: 46352.9621
Doing image 889 --
Total Time Taken is: 46404.9178
Doing image 890 --
Total Time Taken is: 46456.4012
Doing image 891 --
Total Time Taken is: 46508.2516
Doing image 892 --
Total Time Taken is: 46559.7591
Doing image 893 --
Total Time Taken is: 46611.2653
Doing image 894 --
Total Time Taken is: 46662.7607
Doing image 895 --
Total Time Taken is: 46714.2756
Doing image 896 --
Total Time Taken is: 46765.8720
Doing image 897 --
Total Time Taken is: 46817.7357
Doing image 898 --
Total Time Taken is: 46869.6165
Doing image 899 --
Total Time Taken is: 46923.3860
Doing image 900 --
Total Time Taken is: 46976.2361
Doing image 901 --
Total Time Taken is: 47031.5146
Doing image 902 --
Total Time Taken is: 47083.2356
Doing image 903 --
Total Time Taken is: 47135.0154
Doing image 904 --
Total Time Taken is: 47187.6402
Doing image 905 --
Total Time Taken is: 47240.5757
Doing image 906 --
Total Time Taken is: 47292.8988
Doing image 907 --
Total Time Taken is: 47344.3808
Doing image 908 --
Total Time Taken is: 47396.5574
Doing image 909 --
Total Time Taken is: 47448.6545
Doing image 910 --
Total Time Taken is: 47500.5358
Doing image 911 --
Total Time Taken is: 47552.1976
Doing image 912 --
Total Time Taken is: 47604.3040
Doing image 913 --
Total Time Taken is: 47655.8654
Doing image 914 --
Total Time Taken is: 47707.8571
Doing image 915 --
Total Time Taken is: 47759.3780
Doing image 916 --
Total Time Taken is: 47811.0081
Doing image 917 --
Total Time Taken is: 47862.6245
Doing image 918 --
Total Time Taken is: 47914.6215
Doing image 919 --
Total Time Taken is: 47967.6474
Doing image 920 --
Total Time Taken is: 48019.6193
Doing image 921 --
Total Time Taken is: 48072.2339
Doing image 922 --
Total Time Taken is: 48123.6573
Doing image 923 --
Total Time Taken is: 48175.2117
Doing image 924 --
Total Time Taken is: 48227.0106
Doing image 925 --
Total Time Taken is: 48278.5741
Doing image 926 --
Total Time Taken is: 48330.2422
Doing image 927 --
Total Time Taken is: 48382.4512
Doing image 928 --
Total Time Taken is: 48435.2981
Doing image 929 --
Total Time Taken is: 48487.5201
Doing image 930 --
Total Time Taken is: 48540.0361
Doing image 931 --
Total Time Taken is: 48591.6332
Doing image 932 --
Total Time Taken is: 48643.2274
Doing image 933 --
Total Time Taken is: 48695.0365
Doing image 934 --
Total Time Taken is: 48747.3291
Doing image 935 --
Total Time Taken is: 48799.2310
Doing image 936 --
Total Time Taken is: 48851.7863
Doing image 937 --
Total Time Taken is: 48903.7063
Doing image 938 --
Total Time Taken is: 48955.3267
Doing image 939 --
Total Time Taken is: 49006.8363
Doing image 940 --
Total Time Taken is: 49058.3001
Doing image 941 --
Total Time Taken is: 49109.7498
Doing image 942 --
Total Time Taken is: 49161.4034
Doing image 943 --
Total Time Taken is: 49212.9823
Doing image 944 --
Total Time Taken is: 49264.5353
Doing image 945 --
Total Time Taken is: 49316.2710
Doing image 946 --
Total Time Taken is: 49367.7865
Doing image 947 --
Total Time Taken is: 49419.4041
Doing image 948 --
Total Time Taken is: 49471.4329
Doing image 949 --
Total Time Taken is: 49522.9231
Doing image 950 --
Total Time Taken is: 49574.3737


It took 49574.3737 ms to complete this task of converting 950 images....
It took 89128 ms to complete the script....