Doing image 1 --
Total Time Taken is: 52.9139
Doing image 2 --
Total Time Taken is: 104.5461
Doing image 3 --
Total Time Taken is: 156.0202
Doing image 4 --
Total Time Taken is: 207.5351
Doing image 5 --
Total Time Taken is: 258.9910
Doing image 6 --
Total Time Taken is: 310.7202
Doing image 7 --
Total Time Taken is: 362.0872
Doing image 8 --
Total Time Taken is: 413.8111
Doing image 9 --
Total Time Taken is: 465.4998
Doing image 10 --
Total Time Taken is: 517.0060
Doing image 11 --
Total Time Taken is: 568.4241
Doing image 12 --
Total Time Taken is: 619.8242
Doing image 13 --
Total Time Taken is: 671.4638
Doing image 14 --
Total Time Taken is: 722.9021
Doing image 15 --
Total Time Taken is: 775.9411
Doing image 16 --
Total Time Taken is: 827.4484
Doing image 17 --
Total Time Taken is: 878.8889
Doing image 18 --
Total Time Taken is: 931.2500
Doing image 19 --
Total Time Taken is: 982.7617
Doing image 20 --
Total Time Taken is: 1034.3512
Doing image 21 --
Total Time Taken is: 1085.8589
Doing image 22 --
Total Time Taken is: 1137.3907
Doing image 23 --
Total Time Taken is: 1188.9487
Doing image 24 --
Total Time Taken is: 1240.3709
Doing image 25 --
Total Time Taken is: 1291.7735
Doing image 26 --
Total Time Taken is: 1344.0352
Doing image 27 --
Total Time Taken is: 1395.4864
Doing image 28 --
Total Time Taken is: 1446.9915
Doing image 29 --
Total Time Taken is: 1498.4721
Doing image 30 --
Total Time Taken is: 1549.8986
Doing image 31 --
Total Time Taken is: 1601.3241
Doing image 32 --
Total Time Taken is: 1652.8234
Doing image 33 --
Total Time Taken is: 1704.2905
Doing image 34 --
Total Time Taken is: 1755.7348
Doing image 35 --
Total Time Taken is: 1807.1552
Doing image 36 --
Total Time Taken is: 1858.5901
Doing image 37 --
Total Time Taken is: 1910.0541
Doing image 38 --
Total Time Taken is: 1961.5411
Doing image 39 --
Total Time Taken is: 2012.9497
Doing image 40 --
Total Time Taken is: 2064.4656
Doing image 41 --
Total Time Taken is: 2115.9067
Doing image 42 --
Total Time Taken is: 2167.3429
Doing image 43 --
Total Time Taken is: 2218.8033
Doing image 44 --
Total Time Taken is: 2270.2813
Doing image 45 --
Total Time Taken is: 2321.7742
Doing image 46 --
Total Time Taken is: 2373.4200
Doing image 47 --
Total Time Taken is: 2426.1067
Doing image 48 --
Total Time Taken is: 2480.4602
Doing image 49 --
Total Time Taken is: 2532.0550
Doing image 50 --
Total Time Taken is: 2583.4934
Doing image 51 --
Total Time Taken is: 2634.9974
Doing image 52 --
Total Time Taken is: 2686.4433
Doing image 53 --
Total Time Taken is: 2737.8525
Doing image 54 --
Total Time Taken is: 2789.2806
Doing image 55 --
Total Time Taken is: 2840.7157
Doing image 56 --
Total Time Taken is: 2892.1477
Doing image 57 --
Total Time Taken is: 2943.6616
Doing image 58 --
Total Time Taken is: 2995.0877
Doing image 59 --
Total Time Taken is: 3046.6170
Doing image 60 --
Total Time Taken is: 3098.0145
Doing image 61 --
Total Time Taken is: 3149.4504
Doing image 62 --
Total Time Taken is: 3200.9287
Doing image 63 --
Total Time Taken is: 3252.4260
Doing image 64 --
Total Time Taken is: 3303.8358
Doing image 65 --
Total Time Taken is: 3355.2826
Doing image 66 --
Total Time Taken is: 3406.7460
Doing image 67 --
Total Time Taken is: 3458.3984
Doing image 68 --
Total Time Taken is: 3509.8246
Doing image 69 --
Total Time Taken is: 3561.3335
Doing image 70 --
Total Time Taken is: 3612.8187
Doing image 71 --
Total Time Taken is: 3664.4438
Doing image 72 --
Total Time Taken is: 3716.0066
Doing image 73 --
Total Time Taken is: 3767.4664
Doing image 74 --
Total Time Taken is: 3818.9349
Doing image 75 --
Total Time Taken is: 3870.4115
Doing image 76 --
Total Time Taken is: 3921.8963
Doing image 77 --
Total Time Taken is: 3973.4144
Doing image 78 --
Total Time Taken is: 4024.8654
Doing image 79 --
Total Time Taken is: 4076.4084
Doing image 80 --
Total Time Taken is: 4127.8198
Doing image 81 --
Total Time Taken is: 4182.5161
Doing image 82 --
Total Time Taken is: 4234.0424
Doing image 83 --
Total Time Taken is: 4285.5025
Doing image 84 --
Total Time Taken is: 4337.0464
Doing image 85 --
Total Time Taken is: 4388.5003
Doing image 86 --
Total Time Taken is: 4439.9646
Doing image 87 --
Total Time Taken is: 4491.4875
Doing image 88 --
Total Time Taken is: 4542.8983
Doing image 89 --
Total Time Taken is: 4594.4067
Doing image 90 --
Total Time Taken is: 4645.8764
Doing image 91 --
Total Time Taken is: 4697.4788
Doing image 92 --
Total Time Taken is: 4748.9430
Doing image 93 --
Total Time Taken is: 4800.3681
Doing image 94 --
Total Time Taken is: 4851.8407
Doing image 95 --
Total Time Taken is: 4903.2820
Doing image 96 --
Total Time Taken is: 4954.7086
Doing image 97 --
Total Time Taken is: 5006.2452
Doing image 98 --
Total Time Taken is: 5057.6572
Doing image 99 --
Total Time Taken is: 5109.9514
Doing image 100 --
Total Time Taken is: 5161.5955
Doing image 101 --
Total Time Taken is: 5213.0614
Doing image 102 --
Total Time Taken is: 5264.6283
Doing image 103 --
Total Time Taken is: 5316.1682
Doing image 104 --
Total Time Taken is: 5367.7029
Doing image 105 --
Total Time Taken is: 5419.2947
Doing image 106 --
Total Time Taken is: 5471.0061
Doing image 107 --
Total Time Taken is: 5522.4941
Doing image 108 --
Total Time Taken is: 5573.9248
Doing image 109 --
Total Time Taken is: 5625.3541
Doing image 110 --
Total Time Taken is: 5676.7833
Doing image 111 --
Total Time Taken is: 5728.2534
Doing image 112 --
Total Time Taken is: 5779.6745
Doing image 113 --
Total Time Taken is: 5831.0981
Doing image 114 --
Total Time Taken is: 5882.5518
Doing image 115 --
Total Time Taken is: 5934.0658
Doing image 116 --
Total Time Taken is: 5985.7471
Doing image 117 --
Total Time Taken is: 6037.5786
Doing image 118 --
Total Time Taken is: 6089.1725
Doing image 119 --
Total Time Taken is: 6140.6876
Doing image 120 --
Total Time Taken is: 6192.1508
Doing image 121 --
Total Time Taken is: 6243.5812
Doing image 122 --
Total Time Taken is: 6295.0767
Doing image 123 --
Total Time Taken is: 6346.5338
Doing image 124 --
Total Time Taken is: 6397.9836
Doing image 125 --
Total Time Taken is: 6449.8408
Doing image 126 --
Total Time Taken is: 6501.4254
Doing image 127 --
Total Time Taken is: 6552.8448
Doing image 128 --
Total Time Taken is: 6604.2787
Doing image 129 --
Total Time Taken is: 6655.7146
Doing image 130 --
Total Time Taken is: 6707.1938
Doing image 131 --
Total Time Taken is: 6758.6713
Doing image 132 --
Total Time Taken is: 6810.1220
Doing image 133 --
Total Time Taken is: 6861.5467
Doing image 134 --
Total Time Taken is: 6913.0855
Doing image 135 --
Total Time Taken is: 6964.4912
Doing image 136 --
Total Time Taken is: 7015.9948
Doing image 137 --
Total Time Taken is: 7067.4244
Doing image 138 --
Total Time Taken is: 7118.8662
Doing image 139 --
Total Time Taken is: 7170.2860
Doing image 140 --
Total Time Taken is: 7221.7404
Doing image 141 --
Total Time Taken is: 7273.2316
Doing image 142 --
Total Time Taken is: 7324.6657
Doing image 143 --
Total Time Taken is: 7376.0991
Doing image 144 --
Total Time Taken is: 7427.5714
Doing image 145 --
Total Time Taken is: 7479.0567
Doing image 146 --
Total Time Taken is: 7530.5153
Doing image 147 --
Total Time Taken is: 7581.9322
Doing image 148 --
Total Time Taken is: 7633.4975
Doing image 149 --
Total Time Taken is: 7684.9343
Doing image 150 --
Total Time Taken is: 7736.3427
Doing image 151 --
Total Time Taken is: 7787.7632
Doing image 152 --
Total Time Taken is: 7839.1883
Doing image 153 --
Total Time Taken is: 7890.6550
Doing image 154 --
Total Time Taken is: 7942.1604
Doing image 155 --
Total Time Taken is: 7993.8957
Doing image 156 --
Total Time Taken is: 8045.6310
Doing image 157 --
Total Time Taken is: 8100.7100
Doing image 158 --
Total Time Taken is: 8152.1479
Doing image 159 --
Total Time Taken is: 8203.6331
Doing image 160 --
Total Time Taken is: 8255.0767
Doing image 161 --
Total Time Taken is: 8306.6887
Doing image 162 --
Total Time Taken is: 8358.1462
Doing image 163 --
Total Time Taken is: 8409.5805
Doing image 164 --
Total Time Taken is: 8461.0128
Doing image 165 --
Total Time Taken is: 8512.4575
Doing image 166 --
Total Time Taken is: 8563.8580
Doing image 167 --
Total Time Taken is: 8615.2787
Doing image 168 --
Total Time Taken is: 8666.6843
Doing image 169 --
Total Time Taken is: 8718.1345
Doing image 170 --
Total Time Taken is: 8769.6169
Doing image 171 --
Total Time Taken is: 8821.1223
Doing image 172 --
Total Time Taken is: 8872.7854
Doing image 173 --
Total Time Taken is: 8924.2945
Doing image 174 --
Total Time Taken is: 8975.8262
Doing image 175 --
Total Time Taken is: 9027.2802
Doing image 176 --
Total Time Taken is: 9078.7850
Doing image 177 --
Total Time Taken is: 9130.3729
Doing image 178 --
Total Time Taken is: 9181.8258
Doing image 179 --
Total Time Taken is: 9233.3158
Doing image 180 --
Total Time Taken is: 9284.7828
Doing image 181 --
Total Time Taken is: 9336.2941
Doing image 182 --
Total Time Taken is: 9387.8339
Doing image 183 --
Total Time Taken is: 9439.3393
Doing image 184 --
Total Time Taken is: 9490.8338
Doing image 185 --
Total Time Taken is: 9542.2794
Doing image 186 --
Total Time Taken is: 9593.7486
Doing image 187 --
Total Time Taken is: 9645.2342
Doing image 188 --
Total Time Taken is: 9696.7369
Doing image 189 --
Total Time Taken is: 9748.2661
Doing image 190 --
Total Time Taken is: 9800.0047
Doing image 191 --
Total Time Taken is: 9855.2389
Doing image 192 --
Total Time Taken is: 9906.8548
Doing image 193 --
Total Time Taken is: 9958.2939
Doing image 194 --
Total Time Taken is: 10009.6938
Doing image 195 --
Total Time Taken is: 10061.1131
Doing image 196 --
Total Time Taken is: 10112.5154
Doing image 197 --
Total Time Taken is: 10163.9304
Doing image 198 --
Total Time Taken is: 10215.4599
Doing image 199 --
Total Time Taken is: 10266.9016
Doing image 200 --
Total Time Taken is: 10318.3352
Doing image 201 --
Total Time Taken is: 10369.7315
Doing image 202 --
Total Time Taken is: 10421.1762
Doing image 203 --
Total Time Taken is: 10472.6036
Doing image 204 --
Total Time Taken is: 10524.0454
Doing image 205 --
Total Time Taken is: 10575.4217
Doing image 206 --
Total Time Taken is: 10627.0883
Doing image 207 --
Total Time Taken is: 10678.5262
Doing image 208 --
Total Time Taken is: 10730.0087
Doing image 209 --
Total Time Taken is: 10781.5677
Doing image 210 --
Total Time Taken is: 10833.0048
Doing image 211 --
Total Time Taken is: 10884.4273
Doing image 212 --
Total Time Taken is: 10935.8544
Doing image 213 --
Total Time Taken is: 10987.2747
Doing image 214 --
Total Time Taken is: 11038.9666
Doing image 215 --
Total Time Taken is: 11090.4129
Doing image 216 --
Total Time Taken is: 11141.8302
Doing image 217 --
Total Time Taken is: 11193.3043
Doing image 218 --
Total Time Taken is: 11244.9241
Doing image 219 --
Total Time Taken is: 11296.3238
Doing image 220 --
Total Time Taken is: 11347.8629
Doing image 221 --
Total Time Taken is: 11399.2490
Doing image 222 --
Total Time Taken is: 11450.7757
Doing image 223 --
Total Time Taken is: 11502.2082
Doing image 224 --
Total Time Taken is: 11553.7026
Doing image 225 --
Total Time Taken is: 11605.1489
Doing image 226 --
Total Time Taken is: 11656.5930
Doing image 227 --
Total Time Taken is: 11708.2223
Doing image 228 --
Total Time Taken is: 11759.6621
Doing image 229 --
Total Time Taken is: 11811.0721
Doing image 230 --
Total Time Taken is: 11862.5131
Doing image 231 --
Total Time Taken is: 11913.9221
Doing image 232 --
Total Time Taken is: 11965.3367
Doing image 233 --
Total Time Taken is: 12016.7918
Doing image 234 --
Total Time Taken is: 12068.2981
Doing image 235 --
Total Time Taken is: 12119.7531
Doing image 236 --
Total Time Taken is: 12171.1879
Doing image 237 --
Total Time Taken is: 12222.6118
Doing image 238 --
Total Time Taken is: 12274.0524
Doing image 239 --
Total Time Taken is: 12325.4307
Doing image 240 --
Total Time Taken is: 12376.8345
Doing image 241 --
Total Time Taken is: 12428.3194
Doing image 242 --
Total Time Taken is: 12479.9089
Doing image 243 --
Total Time Taken is: 12531.4832
Doing image 244 --
Total Time Taken is: 12582.9908
Doing image 245 --
Total Time Taken is: 12634.4327
Doing image 246 --
Total Time Taken is: 12685.8006
Doing image 247 --
Total Time Taken is: 12737.2638
Doing image 248 --
Total Time Taken is: 12788.6671
Doing image 249 --
Total Time Taken is: 12840.3021
Doing image 250 --
Total Time Taken is: 12891.7716
Doing image 251 --
Total Time Taken is: 12945.4442
Doing image 252 --
Total Time Taken is: 12996.8621
Doing image 253 --
Total Time Taken is: 13048.3035
Doing image 254 --
Total Time Taken is: 13099.7337
Doing image 255 --
Total Time Taken is: 13151.1334
Doing image 256 --
Total Time Taken is: 13202.5848
Doing image 257 --
Total Time Taken is: 13254.0873
Doing image 258 --
Total Time Taken is: 13305.5289
Doing image 259 --
Total Time Taken is: 13356.9387
Doing image 260 --
Total Time Taken is: 13408.5268
Doing image 261 --
Total Time Taken is: 13460.3077
Doing image 262 --
Total Time Taken is: 13511.7765
Doing image 263 --
Total Time Taken is: 13563.1982
Doing image 264 --
Total Time Taken is: 13614.6810
Doing image 265 --
Total Time Taken is: 13666.2282
Doing image 266 --
Total Time Taken is: 13717.6816
Doing image 267 --
Total Time Taken is: 13769.1108
Doing image 268 --
Total Time Taken is: 13820.4829
Doing image 269 --
Total Time Taken is: 13871.9367
Doing image 270 --
Total Time Taken is: 13923.4655
Doing image 271 --
Total Time Taken is: 13974.9491
Doing image 272 --
Total Time Taken is: 14026.4898
Doing image 273 --
Total Time Taken is: 14077.9348
Doing image 274 --
Total Time Taken is: 14129.4398
Doing image 275 --
Total Time Taken is: 14180.8584
Doing image 276 --
Total Time Taken is: 14232.2694
Doing image 277 --
Total Time Taken is: 14283.6725
Doing image 278 --
Total Time Taken is: 14335.1413
Doing image 279 --
Total Time Taken is: 14386.6542
Doing image 280 --
Total Time Taken is: 14438.0954
Doing image 281 --
Total Time Taken is: 14489.5257
Doing image 282 --
Total Time Taken is: 14541.3148
Doing image 283 --
Total Time Taken is: 14592.7251
Doing image 284 --
Total Time Taken is: 14644.1832
Doing image 285 --
Total Time Taken is: 14695.5824
Doing image 286 --
Total Time Taken is: 14747.0001
Doing image 287 --
Total Time Taken is: 14798.5394
Doing image 288 --
Total Time Taken is: 14850.1022
Doing image 289 --
Total Time Taken is: 14901.6791
Doing image 290 --
Total Time Taken is: 14953.1636
Doing image 291 --
Total Time Taken is: 15004.7685
Doing image 292 --
Total Time Taken is: 15056.2327
Doing image 293 --
Total Time Taken is: 15107.8559
Doing image 294 --
Total Time Taken is: 15159.2981
Doing image 295 --
Total Time Taken is: 15210.7056
Doing image 296 --
Total Time Taken is: 15262.2201
Doing image 297 --
Total Time Taken is: 15313.8186
Doing image 298 --
Total Time Taken is: 15365.3061
Doing image 299 --
Total Time Taken is: 15417.5041
Doing image 300 --
Total Time Taken is: 15469.0279
Doing image 301 --
Total Time Taken is: 15520.5350
Doing image 302 --
Total Time Taken is: 15571.9961
Doing image 303 --
Total Time Taken is: 15623.4315
Doing image 304 --
Total Time Taken is: 15674.8911
Doing image 305 --
Total Time Taken is: 15726.4701
Doing image 306 --
Total Time Taken is: 15778.0965
Doing image 307 --
Total Time Taken is: 15829.5594
Doing image 308 --
Total Time Taken is: 15880.9923
Doing image 309 --
Total Time Taken is: 15932.4469
Doing image 310 --
Total Time Taken is: 15983.9338
Doing image 311 --
Total Time Taken is: 16035.3913
Doing image 312 --
Total Time Taken is: 16086.9502
Doing image 313 --
Total Time Taken is: 16138.4383
Doing image 314 --
Total Time Taken is: 16189.9981
Doing image 315 --
Total Time Taken is: 16241.5893
Doing image 316 --
Total Time Taken is: 16293.0441
Doing image 317 --
Total Time Taken is: 16344.4725
Doing image 318 --
Total Time Taken is: 16395.9273
Doing image 319 --
Total Time Taken is: 16447.4113
Doing image 320 --
Total Time Taken is: 16498.8536
Doing image 321 --
Total Time Taken is: 16551.6121
Doing image 322 --
Total Time Taken is: 16604.4829
Doing image 323 --
Total Time Taken is: 16656.0873
Doing image 324 --
Total Time Taken is: 16707.7043
Doing image 325 --
Total Time Taken is: 16759.3041
Doing image 326 --
Total Time Taken is: 16810.7397
Doing image 327 --
Total Time Taken is: 16862.1867
Doing image 328 --
Total Time Taken is: 16913.6364
Doing image 329 --
Total Time Taken is: 16965.0525
Doing image 330 --
Total Time Taken is: 17016.6307
Doing image 331 --
Total Time Taken is: 17068.0786
Doing image 332 --
Total Time Taken is: 17119.5149
Doing image 333 --
Total Time Taken is: 17171.1919
Doing image 334 --
Total Time Taken is: 17222.6730
Doing image 335 --
Total Time Taken is: 17274.1615
Doing image 336 --
Total Time Taken is: 17325.6520
Doing image 337 --
Total Time Taken is: 17377.1492
Doing image 338 --
Total Time Taken is: 17428.5971
Doing image 339 --
Total Time Taken is: 17480.0348
Doing image 340 --
Total Time Taken is: 17531.4770
Doing image 341 --
Total Time Taken is: 17582.9098
Doing image 342 --
Total Time Taken is: 17634.4205
Doing image 343 --
Total Time Taken is: 17685.8595
Doing image 344 --
Total Time Taken is: 17737.3250
Doing image 345 --
Total Time Taken is: 17788.8147
Doing image 346 --
Total Time Taken is: 17840.3175
Doing image 347 --
Total Time Taken is: 17891.8235
Doing image 348 --
Total Time Taken is: 17943.2515
Doing image 349 --
Total Time Taken is: 17994.6782
Doing image 350 --
Total Time Taken is: 18046.0576
Doing image 351 --
Total Time Taken is: 18097.5649
Doing image 352 --
Total Time Taken is: 18149.2747
Doing image 353 --
Total Time Taken is: 18200.9894
Doing image 354 --
Total Time Taken is: 18252.4150
Doing image 355 --
Total Time Taken is: 18303.8695
Doing image 356 --
Total Time Taken is: 18355.3026
Doing image 357 --
Total Time Taken is: 18406.7313
Doing image 358 --
Total Time Taken is: 18458.1617
Doing image 359 --
Total Time Taken is: 18509.6193
Doing image 360 --
Total Time Taken is: 18561.2968
Doing image 361 --
Total Time Taken is: 18612.6787
Doing image 362 --
Total Time Taken is: 18664.1406
Doing image 363 --
Total Time Taken is: 18715.5798
Doing image 364 --
Total Time Taken is: 18767.0579
Doing image 365 --
Total Time Taken is: 18818.5144
Doing image 366 --
Total Time Taken is: 18870.0074
Doing image 367 --
Total Time Taken is: 18921.4760
Doing image 368 --
Total Time Taken is: 18972.8971
Doing image 369 --
Total Time Taken is: 19024.4752
Doing image 370 --
Total Time Taken is: 19075.9676
Doing image 371 --
Total Time Taken is: 19127.3927
Doing image 372 --
Total Time Taken is: 19178.8970
Doing image 373 --
Total Time Taken is: 19230.4898
Doing image 374 --
Total Time Taken is: 19281.9292
Doing image 375 --
Total Time Taken is: 19333.3439
Doing image 376 --
Total Time Taken is: 19384.7877
Doing image 377 --
Total Time Taken is: 19436.2837
Doing image 378 --
Total Time Taken is: 19487.7661
Doing image 379 --
Total Time Taken is: 19539.3207
Doing image 380 --
Total Time Taken is: 19590.8086
Doing image 381 --
Total Time Taken is: 19642.2652
Doing image 382 --
Total Time Taken is: 19693.7234
Doing image 383 --
Total Time Taken is: 19745.1825
Doing image 384 --
Total Time Taken is: 19796.9992
Doing image 385 --
Total Time Taken is: 19848.5281
Doing image 386 --
Total Time Taken is: 19900.1867
Doing image 387 --
Total Time Taken is: 19951.6073
Doing image 388 --
Total Time Taken is: 20003.0687
Doing image 389 --
Total Time Taken is: 20054.4828
Doing image 390 --
Total Time Taken is: 20106.0432
Doing image 391 --
Total Time Taken is: 20157.4973
Doing image 392 --
Total Time Taken is: 20208.9947
Doing image 393 --
Total Time Taken is: 20260.4976
Doing image 394 --
Total Time Taken is: 20311.8973
Doing image 395 --
Total Time Taken is: 20363.3942
Doing image 396 --
Total Time Taken is: 20414.8254
Doing image 397 --
Total Time Taken is: 20466.4046
Doing image 398 --
Total Time Taken is: 20517.8381
Doing image 399 --
Total Time Taken is: 20569.4339
Doing image 400 --
Total Time Taken is: 20620.8713
Doing image 401 --
Total Time Taken is: 20672.3016
Doing image 402 --
Total Time Taken is: 20723.7314
Doing image 403 --
Total Time Taken is: 20775.1947
Doing image 404 --
Total Time Taken is: 20826.7794
Doing image 405 --
Total Time Taken is: 20878.3142
Doing image 406 --
Total Time Taken is: 20929.8947
Doing image 407 --
Total Time Taken is: 20981.3943
Doing image 408 --
Total Time Taken is: 21032.9334
Doing image 409 --
Total Time Taken is: 21084.3680
Doing image 410 --
Total Time Taken is: 21135.7694
Doing image 411 --
Total Time Taken is: 21187.2802
Doing image 412 --
Total Time Taken is: 21238.9465
Doing image 413 --
Total Time Taken is: 21290.4216
Doing image 414 --
Total Time Taken is: 21341.8946
Doing image 415 --
Total Time Taken is: 21393.3197
Doing image 416 --
Total Time Taken is: 21444.7950
Doing image 417 --
Total Time Taken is: 21496.2933
Doing image 418 --
Total Time Taken is: 21547.7469
Doing image 419 --
Total Time Taken is: 21599.2093
Doing image 420 --
Total Time Taken is: 21650.8464
Doing image 421 --
Total Time Taken is: 21702.4006
Doing image 422 --
Total Time Taken is: 21753.8606
Doing image 423 --
Total Time Taken is: 21805.3066
Doing image 424 --
Total Time Taken is: 21856.7712
Doing image 425 --
Total Time Taken is: 21908.4068
Doing image 426 --
Total Time Taken is: 21959.9099
Doing image 427 --
Total Time Taken is: 22011.3785
Doing image 428 --
Total Time Taken is: 22062.8404
Doing image 429 --
Total Time Taken is: 22114.2905
Doing image 430 --
Total Time Taken is: 22165.7505
Doing image 431 --
Total Time Taken is: 22217.1950
Doing image 432 --
Total Time Taken is: 22269.2858
Doing image 433 --
Total Time Taken is: 22320.8786
Doing image 434 --
Total Time Taken is: 22372.3466
Doing image 435 --
Total Time Taken is: 22423.7876
Doing image 436 --
Total Time Taken is: 22475.2313
Doing image 437 --
Total Time Taken is: 22526.7132
Doing image 438 --
Total Time Taken is: 22578.1871
Doing image 439 --
Total Time Taken is: 22629.6327
Doing image 440 --
Total Time Taken is: 22681.0881
Doing image 441 --
Total Time Taken is: 22732.5547
Doing image 442 --
Total Time Taken is: 22784.1629
Doing image 443 --
Total Time Taken is: 22835.7082
Doing image 444 --
Total Time Taken is: 22887.2183
Doing image 445 --
Total Time Taken is: 22938.6922
Doing image 446 --
Total Time Taken is: 22990.3724
Doing image 447 --
Total Time Taken is: 23041.8207
Doing image 448 --
Total Time Taken is: 23093.3082
Doing image 449 --
Total Time Taken is: 23144.9204
Doing image 450 --
Total Time Taken is: 23196.4220
Doing image 451 --
Total Time Taken is: 23247.8731
Doing image 452 --
Total Time Taken is: 23299.3278
Doing image 453 --
Total Time Taken is: 23350.7644
Doing image 454 --
Total Time Taken is: 23402.1558
Doing image 455 --
Total Time Taken is: 23453.7860
Doing image 456 --
Total Time Taken is: 23508.3954
Doing image 457 --
Total Time Taken is: 23561.0498
Doing image 458 --
Total Time Taken is: 23612.5610
Doing image 459 --
Total Time Taken is: 23663.9859
Doing image 460 --
Total Time Taken is: 23715.4250
Doing image 461 --
Total Time Taken is: 23766.8861
Doing image 462 --
Total Time Taken is: 23818.3682
Doing image 463 --
Total Time Taken is: 23869.7867
Doing image 464 --
Total Time Taken is: 23921.5875
Doing image 465 --
Total Time Taken is: 23973.1352
Doing image 466 --
Total Time Taken is: 24024.6142
Doing image 467 --
Total Time Taken is: 24076.1141
Doing image 468 --
Total Time Taken is: 24127.5750
Doing image 469 --
Total Time Taken is: 24179.0408
Doing image 470 --
Total Time Taken is: 24230.5131
Doing image 471 --
Total Time Taken is: 24282.0304
Doing image 472 --
Total Time Taken is: 24333.6770
Doing image 473 --
Total Time Taken is: 24385.1536
Doing image 474 --
Total Time Taken is: 24436.6611
Doing image 475 --
Total Time Taken is: 24488.1793
Doing image 476 --
Total Time Taken is: 24539.6549
Doing image 477 --
Total Time Taken is: 24591.0608
Doing image 478 --
Total Time Taken is: 24642.4911
Doing image 479 --
Total Time Taken is: 24693.9974
Doing image 480 --
Total Time Taken is: 24745.7769
Doing image 481 --
Total Time Taken is: 24797.2548
Doing image 482 --
Total Time Taken is: 24848.7731
Doing image 483 --
Total Time Taken is: 24900.2770
Doing image 484 --
Total Time Taken is: 24951.7697
Doing image 485 --
Total Time Taken is: 25003.2741
Doing image 486 --
Total Time Taken is: 25054.7037
Doing image 487 --
Total Time Taken is: 25106.1316
Doing image 488 --
Total Time Taken is: 25157.8591
Doing image 489 --
Total Time Taken is: 25209.4544
Doing image 490 --
Total Time Taken is: 25260.8986
Doing image 491 --
Total Time Taken is: 25313.3732
Doing image 492 --
Total Time Taken is: 25364.9071
Doing image 493 --
Total Time Taken is: 25416.3752
Doing image 494 --
Total Time Taken is: 25467.8550
Doing image 495 --
Total Time Taken is: 25519.2329
Doing image 496 --
Total Time Taken is: 25570.8672
Doing image 497 --
Total Time Taken is: 25622.3856
Doing image 498 --
Total Time Taken is: 25674.0086
Doing image 499 --
Total Time Taken is: 25725.4868
Doing image 500 --
Total Time Taken is: 25777.0309
Doing image 501 --
Total Time Taken is: 25828.4465
Doing image 502 --
Total Time Taken is: 25879.9095
Doing image 503 --
Total Time Taken is: 25931.4559
Doing image 504 --
Total Time Taken is: 25982.8781
Doing image 505 --
Total Time Taken is: 26034.6485
Doing image 506 --
Total Time Taken is: 26086.1013
Doing image 507 --
Total Time Taken is: 26137.6421
Doing image 508 --
Total Time Taken is: 26189.0890
Doing image 509 --
Total Time Taken is: 26240.6023
Doing image 510 --
Total Time Taken is: 26292.1005
Doing image 511 --
Total Time Taken is: 26343.6270
Doing image 512 --
Total Time Taken is: 26395.4079
Doing image 513 --
Total Time Taken is: 26446.8734
Doing image 514 --
Total Time Taken is: 26498.2761
Doing image 515 --
Total Time Taken is: 26549.7934
Doing image 516 --
Total Time Taken is: 26601.3582
Doing image 517 --
Total Time Taken is: 26652.8125
Doing image 518 --
Total Time Taken is: 26704.2389
Doing image 519 --
Total Time Taken is: 26755.6994
Doing image 520 --
Total Time Taken is: 26807.1494
Doing image 521 --
Total Time Taken is: 26858.7523
Doing image 522 --
Total Time Taken is: 26910.2778
Doing image 523 --
Total Time Taken is: 26961.8048
Doing image 524 --
Total Time Taken is: 27013.3640
Doing image 525 --
Total Time Taken is: 27064.8563
Doing image 526 --
Total Time Taken is: 27116.3144
Doing image 527 --
Total Time Taken is: 27167.7856
Doing image 528 --
Total Time Taken is: 27219.2702
Doing image 529 --
Total Time Taken is: 27270.7247
Doing image 530 --
Total Time Taken is: 27322.1812
Doing image 531 --
Total Time Taken is: 27373.6087
Doing image 532 --
Total Time Taken is: 27425.0728
Doing image 533 --
Total Time Taken is: 27476.5423
Doing image 534 --
Total Time Taken is: 27528.0160
Doing image 535 --
Total Time Taken is: 27579.4804
Doing image 536 --
Total Time Taken is: 27631.0335
Doing image 537 --
Total Time Taken is: 27682.5264
Doing image 538 --
Total Time Taken is: 27733.9798
Doing image 539 --
Total Time Taken is: 27785.7172
Doing image 540 --
Total Time Taken is: 27837.2557
Doing image 541 --
Total Time Taken is: 27888.7098
Doing image 542 --
Total Time Taken is: 27944.0232
Doing image 543 --
Total Time Taken is: 27995.6055
Doing image 544 --
Total Time Taken is: 28047.0969
Doing image 545 --
Total Time Taken is: 28098.6443
Doing image 546 --
Total Time Taken is: 28150.1543
Doing image 547 --
Total Time Taken is: 28201.6087
Doing image 548 --
Total Time Taken is: 28253.0635
Doing image 549 --
Total Time Taken is: 28304.4969
Doing image 550 --
Total Time Taken is: 28355.9408
Doing image 551 --
Total Time Taken is: 28407.4945
Doing image 552 --
Total Time Taken is: 28459.0977
Doing image 553 --
Total Time Taken is: 28510.5670
Doing image 554 --
Total Time Taken is: 28562.2294
Doing image 555 --
Total Time Taken is: 28613.8848
Doing image 556 --
Total Time Taken is: 28665.3815
Doing image 557 --
Total Time Taken is: 28716.8490
Doing image 558 --
Total Time Taken is: 28768.2908
Doing image 559 --
Total Time Taken is: 28819.7799
Doing image 560 --
Total Time Taken is: 28871.6350
Doing image 561 --
Total Time Taken is: 28923.2359
Doing image 562 --
Total Time Taken is: 28974.7063
Doing image 563 --
Total Time Taken is: 29026.2369
Doing image 564 --
Total Time Taken is: 29077.7162
Doing image 565 --
Total Time Taken is: 29129.1675
Doing image 566 --
Total Time Taken is: 29180.6077
Doing image 567 --
Total Time Taken is: 29232.0531
Doing image 568 --
Total Time Taken is: 29283.5061
Doing image 569 --
Total Time Taken is: 29335.0017
Doing image 570 --
Total Time Taken is: 29386.4922
Doing image 571 --
Total Time Taken is: 29438.0180
Doing image 572 --
Total Time Taken is: 29489.4879
Doing image 573 --
Total Time Taken is: 29540.9370
Doing image 574 --
Total Time Taken is: 29592.3447
Doing image 575 --
Total Time Taken is: 29643.7691
Doing image 576 --
Total Time Taken is: 29695.3196
Doing image 577 --
Total Time Taken is: 29747.0426
Doing image 578 --
Total Time Taken is: 29799.1817
Doing image 579 --
Total Time Taken is: 29852.8501
Doing image 580 --
Total Time Taken is: 29904.4043
Doing image 581 --
Total Time Taken is: 29955.8582
Doing image 582 --
Total Time Taken is: 30007.3243
Doing image 583 --
Total Time Taken is: 30058.8319
Doing image 584 --
Total Time Taken is: 30110.2838
Doing image 585 --
Total Time Taken is: 30161.7048
Doing image 586 --
Total Time Taken is: 30213.1941
Doing image 587 --
Total Time Taken is: 30264.7098
Doing image 588 --
Total Time Taken is: 30316.2977
Doing image 589 --
Total Time Taken is: 30367.7572
Doing image 590 --
Total Time Taken is: 30419.2006
Doing image 591 --
Total Time Taken is: 30470.7876
Doing image 592 --
Total Time Taken is: 30522.2222
Doing image 593 --
Total Time Taken is: 30573.6942
Doing image 594 --
Total Time Taken is: 30625.1629
Doing image 595 --
Total Time Taken is: 30676.6645
Doing image 596 --
Total Time Taken is: 30728.1814
Doing image 597 --
Total Time Taken is: 30779.7032
Doing image 598 --
Total Time Taken is: 30831.1814
Doing image 599 --
Total Time Taken is: 30882.5840
Doing image 600 --
Total Time Taken is: 30934.0630
Doing image 601 --
Total Time Taken is: 30985.5672
Doing image 602 --
Total Time Taken is: 31036.9870
Doing image 603 --
Total Time Taken is: 31088.6337
Doing image 604 --
Total Time Taken is: 31140.0863
Doing image 605 --
Total Time Taken is: 31191.7072
Doing image 606 --
Total Time Taken is: 31243.1434
Doing image 607 --
Total Time Taken is: 31294.7640
Doing image 608 --
Total Time Taken is: 31346.2592
Doing image 609 --
Total Time Taken is: 31397.7891
Doing image 610 --
Total Time Taken is: 31449.2054
Doing image 611 --
Total Time Taken is: 31500.7516
Doing image 612 --
Total Time Taken is: 31552.2067
Doing image 613 --
Total Time Taken is: 31603.7175
Doing image 614 --
Total Time Taken is: 31655.1884
Doing image 615 --
Total Time Taken is: 31706.6211
Doing image 616 --
Total Time Taken is: 31758.0884
Doing image 617 --
Total Time Taken is: 31809.5398
Doing image 618 --
Total Time Taken is: 31861.0373
Doing image 619 --
Total Time Taken is: 31912.4887
Doing image 620 --
Total Time Taken is: 31963.9271
Doing image 621 --
Total Time Taken is: 32015.4364
Doing image 622 --
Total Time Taken is: 32067.0628
Doing image 623 --
Total Time Taken is: 32118.4848
Doing image 624 --
Total Time Taken is: 32169.9213
Doing image 625 --
Total Time Taken is: 32221.3790
Doing image 626 --
Total Time Taken is: 32272.8957
Doing image 627 --
Total Time Taken is: 32324.3375
Doing image 628 --
Total Time Taken is: 32375.8953
Doing image 629 --
Total Time Taken is: 32427.3903
Doing image 630 --
Total Time Taken is: 32478.8554
Doing image 631 --
Total Time Taken is: 32530.6629
Doing image 632 --
Total Time Taken is: 32582.0613
Doing image 633 --
Total Time Taken is: 32633.5271
Doing image 634 --
Total Time Taken is: 32686.9635
Doing image 635 --
Total Time Taken is: 32738.6163
Doing image 636 --
Total Time Taken is: 32790.0828
Doing image 637 --
Total Time Taken is: 32841.5518
Doing image 638 --
Total Time Taken is: 32892.9839
Doing image 639 --
Total Time Taken is: 32944.4705
Doing image 640 --
Total Time Taken is: 32996.1371
Doing image 641 --
Total Time Taken is: 33047.5581
Doing image 642 --
Total Time Taken is: 33098.9778
Doing image 643 --
Total Time Taken is: 33150.4111
Doing image 644 --
Total Time Taken is: 33208.4265
Doing image 645 --
Total Time Taken is: 33259.9230
Doing image 646 --
Total Time Taken is: 33311.4469
Doing image 647 --
Total Time Taken is: 33363.8606
Doing image 648 --
Total Time Taken is: 33415.4410
Doing image 649 --
Total Time Taken is: 33466.9091
Doing image 650 --
Total Time Taken is: 33518.4205
Doing image 651 --
Total Time Taken is: 33569.8879
Doing image 652 --
Total Time Taken is: 33621.3393
Doing image 653 --
Total Time Taken is: 33672.8711
Doing image 654 --
Total Time Taken is: 33724.4358
Doing image 655 --
Total Time Taken is: 33775.9171
Doing image 656 --
Total Time Taken is: 33827.3819
Doing image 657 --
Total Time Taken is: 33879.0825
Doing image 658 --
Total Time Taken is: 33930.5325
Doing image 659 --
Total Time Taken is: 33981.9753
Doing image 660 --
Total Time Taken is: 34033.4230
Doing image 661 --
Total Time Taken is: 34085.0478
Doing image 662 --
Total Time Taken is: 34136.5358
Doing image 663 --
Total Time Taken is: 34187.9743
Doing image 664 --
Total Time Taken is: 34239.3928
Doing image 665 --
Total Time Taken is: 34290.8649
Doing image 666 --
Total Time Taken is: 34342.5726
Doing image 667 --
Total Time Taken is: 34394.0612
Doing image 668 --
Total Time Taken is: 34445.5344
Doing image 669 --
Total Time Taken is: 34497.0204
Doing image 670 --
Total Time Taken is: 34548.5013
Doing image 671 --
Total Time Taken is: 34599.9387
Doing image 672 --
Total Time Taken is: 34651.7088
Doing image 673 --
Total Time Taken is: 34703.1476
Doing image 674 --
Total Time Taken is: 34754.6834
Doing image 675 --
Total Time Taken is: 34806.2512
Doing image 676 --
Total Time Taken is: 34857.7060
Doing image 677 --
Total Time Taken is: 34909.1227
Doing image 678 --
Total Time Taken is: 34960.5939
Doing image 679 --
Total Time Taken is: 35012.1543
Doing image 680 --
Total Time Taken is: 35063.6556
Doing image 681 --
Total Time Taken is: 35115.1785
Doing image 682 --
Total Time Taken is: 35166.6370
Doing image 683 --
Total Time Taken is: 35218.0991
Doing image 684 --
Total Time Taken is: 35269.5518
Doing image 685 --
Total Time Taken is: 35320.9992
Doing image 686 --
Total Time Taken is: 35372.4182
Doing image 687 --
Total Time Taken is: 35423.9705
Doing image 688 --
Total Time Taken is: 35475.9020
Doing image 689 --
Total Time Taken is: 35527.3918
Doing image 690 --
Total Time Taken is: 35579.0387
Doing image 691 --
Total Time Taken is: 35630.4614
Doing image 692 --
Total Time Taken is: 35682.0830
Doing image 693 --
Total Time Taken is: 35733.5440
Doing image 694 --
Total Time Taken is: 35785.0375
Doing image 695 --
Total Time Taken is: 35836.5169
Doing image 696 --
Total Time Taken is: 35888.0493
Doing image 697 --
Total Time Taken is: 35939.5479
Doing image 698 --
Total Time Taken is: 35991.0768
Doing image 699 --
Total Time Taken is: 36042.7436
Doing image 700 --
Total Time Taken is: 36094.1517
Doing image 701 --
Total Time Taken is: 36145.5774
Doing image 702 --
Total Time Taken is: 36197.0389
Doing image 703 --
Total Time Taken is: 36248.7699
Doing image 704 --
Total Time Taken is: 36300.2233
Doing image 705 --
Total Time Taken is: 36351.7432
Doing image 706 --
Total Time Taken is: 36403.2113
Doing image 707 --
Total Time Taken is: 36454.6439
Doing image 708 --
Total Time Taken is: 36506.1470
Doing image 709 --
Total Time Taken is: 36558.1658
Doing image 710 --
Total Time Taken is: 36613.0251
Doing image 711 --
Total Time Taken is: 36664.5518
Doing image 712 --
Total Time Taken is: 36715.9640
Doing image 713 --
Total Time Taken is: 36767.5282
Doing image 714 --
Total Time Taken is: 36819.0019
Doing image 715 --
Total Time Taken is: 36871.2145
Doing image 716 --
Total Time Taken is: 36922.8087
Doing image 717 --
Total Time Taken is: 36974.2252
Doing image 718 --
Total Time Taken is: 37025.6662
Doing image 719 --
Total Time Taken is: 37077.1070
Doing image 720 --
Total Time Taken is: 37128.5649
Doing image 721 --
Total Time Taken is: 37180.0120
Doing image 722 --
Total Time Taken is: 37231.4896
Doing image 723 --
Total Time Taken is: 37282.9507
Doing image 724 --
Total Time Taken is: 37334.4264
Doing image 725 --
Total Time Taken is: 37385.8751
Doing image 726 --
Total Time Taken is: 37437.2825
Doing image 727 --
Total Time Taken is: 37488.7393
Doing image 728 --
Total Time Taken is: 37540.2246
Doing image 729 --
Total Time Taken is: 37591.6823
Doing image 730 --
Total Time Taken is: 37643.0532
Doing image 731 --
Total Time Taken is: 37694.5349
Doing image 732 --
Total Time Taken is: 37746.2136
Doing image 733 --
Total Time Taken is: 37797.6989
Doing image 734 --
Total Time Taken is: 37849.2033
Doing image 735 --
Total Time Taken is: 37900.6454
Doing image 736 --
Total Time Taken is: 37952.1259
Doing image 737 --
Total Time Taken is: 38003.7164
Doing image 738 --
Total Time Taken is: 38055.1598
Doing image 739 --
Total Time Taken is: 38106.6320
Doing image 740 --
Total Time Taken is: 38158.0657
Doing image 741 --
Total Time Taken is: 38209.5609
Doing image 742 --
Total Time Taken is: 38261.1483
Doing image 743 --
Total Time Taken is: 38312.6315
Doing image 744 --
Total Time Taken is: 38364.1410
Doing image 745 --
Total Time Taken is: 38415.5680
Doing image 746 --
Total Time Taken is: 38467.0095
Doing image 747 --
Total Time Taken is: 38518.4709
Doing image 748 --
Total Time Taken is: 38569.9663
Doing image 749 --
Total Time Taken is: 38621.4643
Doing image 750 --
Total Time Taken is: 38673.0023
Doing image 751 --
Total Time Taken is: 38725.2797
Doing image 752 --
Total Time Taken is: 38776.9980
Doing image 753 --
Total Time Taken is: 38828.5179
Doing image 754 --
Total Time Taken is: 38879.9847
Doing image 755 --
Total Time Taken is: 38931.5642
Doing image 756 --
Total Time Taken is: 38983.0871
Doing image 757 --
Total Time Taken is: 39034.5810
Doing image 758 --
Total Time Taken is: 39085.9953
Doing image 759 --
Total Time Taken is: 39137.4366
Doing image 760 --
Total Time Taken is: 39188.8509
Doing image 761 --
Total Time Taken is: 39240.3585
Doing image 762 --
Total Time Taken is: 39291.9378
Doing image 763 --
Total Time Taken is: 39344.2696
Doing image 764 --
Total Time Taken is: 39399.3876
Doing image 765 --
Total Time Taken is: 39450.8053
Doing image 766 --
Total Time Taken is: 39502.3418
Doing image 767 --
Total Time Taken is: 39553.7501
Doing image 768 --
Total Time Taken is: 39605.3837
Doing image 769 --
Total Time Taken is: 39656.8542
Doing image 770 --
Total Time Taken is: 39708.3502
Doing image 771 --
Total Time Taken is: 39759.7803
Doing image 772 --
Total Time Taken is: 39811.1759
Doing image 773 --
Total Time Taken is: 39862.5959
Doing image 774 --
Total Time Taken is: 39914.0674
Doing image 775 --
Total Time Taken is: 39965.6277
Doing image 776 --
Total Time Taken is: 40017.0837
Doing image 777 --
Total Time Taken is: 40068.5905
Doing image 778 --
Total Time Taken is: 40120.0404
Doing image 779 --
Total Time Taken is: 40171.7072
Doing image 780 --
Total Time Taken is: 40223.1471
Doing image 781 --
Total Time Taken is: 40274.6967
Doing image 782 --
Total Time Taken is: 40326.1494
Doing image 783 --
Total Time Taken is: 40377.6491
Doing image 784 --
Total Time Taken is: 40429.1720
Doing image 785 --
Total Time Taken is: 40480.6449
Doing image 786 --
Total Time Taken is: 40532.0635
Doing image 787 --
Total Time Taken is: 40583.5076
Doing image 788 --
Total Time Taken is: 40635.4603
Doing image 789 --
Total Time Taken is: 40686.8861
Doing image 790 --
Total Time Taken is: 40738.3195
Doing image 791 --
Total Time Taken is: 40789.7437
Doing image 792 --
Total Time Taken is: 40841.1635
Doing image 793 --
Total Time Taken is: 40892.7060
Doing image 794 --
Total Time Taken is: 40944.1610
Doing image 795 --
Total Time Taken is: 40995.6479
Doing image 796 --
Total Time Taken is: 41047.2226
Doing image 797 --
Total Time Taken is: 41098.7140
Doing image 798 --
Total Time Taken is: 41150.1368
Doing image 799 --
Total Time Taken is: 41201.5625
Doing image 800 --
Total Time Taken is: 41253.0290
Doing image 801 --
Total Time Taken is: 41304.4922
Doing image 802 --
Total Time Taken is: 41356.2191
Doing image 803 --
Total Time Taken is: 41407.7163
Doing image 804 --
Total Time Taken is: 41459.1136
Doing image 805 --
Total Time Taken is: 41510.6146
Doing image 806 --
Total Time Taken is: 41562.0676
Doing image 807 --
Total Time Taken is: 41613.5075
Doing image 808 --
Total Time Taken is: 41664.9508
Doing image 809 --
Total Time Taken is: 41716.5063
Doing image 810 --
Total Time Taken is: 41768.1961
Doing image 811 --
Total Time Taken is: 41819.6903
Doing image 812 --
Total Time Taken is: 41871.1856
Doing image 813 --
Total Time Taken is: 41922.6840
Doing image 814 --
Total Time Taken is: 41974.1525
Doing image 815 --
Total Time Taken is: 42025.5471
Doing image 816 --
Total Time Taken is: 42076.9885
Doing image 817 --
Total Time Taken is: 42128.4743
Doing image 818 --
Total Time Taken is: 42179.9332
Doing image 819 --
Total Time Taken is: 42231.4254
Doing image 820 --
Total Time Taken is: 42283.2296
Doing image 821 --
Total Time Taken is: 42334.6742
Doing image 822 --
Total Time Taken is: 42389.6620
Doing image 823 --
Total Time Taken is: 42441.0885
Doing image 824 --
Total Time Taken is: 42492.5160
Doing image 825 --
Total Time Taken is: 42543.9641
Doing image 826 --
Total Time Taken is: 42595.4287
Doing image 827 --
Total Time Taken is: 42646.8863
Doing image 828 --
Total Time Taken is: 42698.3865
Doing image 829 --
Total Time Taken is: 42749.8263
Doing image 830 --
Total Time Taken is: 42801.8827
Doing image 831 --
Total Time Taken is: 42857.6209
Doing image 832 --
Total Time Taken is: 42909.4855
Doing image 833 --
Total Time Taken is: 42960.9427
Doing image 834 --
Total Time Taken is: 43012.4338
Doing image 835 --
Total Time Taken is: 43063.9136
Doing image 836 --
Total Time Taken is: 43115.3569
Doing image 837 --
Total Time Taken is: 43166.8452
Doing image 838 --
Total Time Taken is: 43218.3246
Doing image 839 --
Total Time Taken is: 43269.7926
Doing image 840 --
Total Time Taken is: 43321.3311
Doing image 841 --
Total Time Taken is: 43372.7940
Doing image 842 --
Total Time Taken is: 43424.2247
Doing image 843 --
Total Time Taken is: 43475.6758
Doing image 844 --
Total Time Taken is: 43527.1332
Doing image 845 --
Total Time Taken is: 43578.5798
Doing image 846 --
Total Time Taken is: 43630.2040
Doing image 847 --
Total Time Taken is: 43681.6296
Doing image 848 --
Total Time Taken is: 43733.1008
Doing image 849 --
Total Time Taken is: 43784.6276
Doing image 850 --
Total Time Taken is: 43836.3669
Doing image 851 --
Total Time Taken is: 43887.7824
Doing image 852 --
Total Time Taken is: 43939.2710
Doing image 853 --
Total Time Taken is: 43990.8917
Doing image 854 --
Total Time Taken is: 44042.3446
Doing image 855 --
Total Time Taken is: 44093.7937
Doing image 856 --
Total Time Taken is: 44145.3007
Doing image 857 --
Total Time Taken is: 44196.8323
Doing image 858 --
Total Time Taken is: 44248.3206
Doing image 859 --
Total Time Taken is: 44299.8372
Doing image 860 --
Total Time Taken is: 44351.2822
Doing image 861 --
Total Time Taken is: 44402.9785
Doing image 862 --
Total Time Taken is: 44454.5199
Doing image 863 --
Total Time Taken is: 44506.0116
Doing image 864 --
Total Time Taken is: 44557.6173
Doing image 865 --
Total Time Taken is: 44609.0093
Doing image 866 --
Total Time Taken is: 44660.4390
Doing image 867 --
Total Time Taken is: 44711.8628
Doing image 868 --
Total Time Taken is: 44763.3730
Doing image 869 --
Total Time Taken is: 44814.8052
Doing image 870 --
Total Time Taken is: 44866.2383
Doing image 871 --
Total Time Taken is: 44917.6750
Doing image 872 --
Total Time Taken is: 44969.1045
Doing image 873 --
Total Time Taken is: 45020.5738
Doing image 874 --
Total Time Taken is: 45071.9872
Doing image 875 --
Total Time Taken is: 45123.4502
Doing image 876 --
Total Time Taken is: 45174.8576
Doing image 877 --
Total Time Taken is: 45226.3574
Doing image 878 --
Total Time Taken is: 45277.8214
Doing image 879 --
Total Time Taken is: 45329.2561
Doing image 880 --
Total Time Taken is: 45380.7069
Doing image 881 --
Total Time Taken is: 45432.1797
Doing image 882 --
Total Time Taken is: 45483.6377
Doing image 883 --
Total Time Taken is: 45535.0727
Doing image 884 --
Total Time Taken is: 45586.5547
Doing image 885 --
Total Time Taken is: 45638.2002
Doing image 886 --
Total Time Taken is: 45689.6589
Doing image 887 --
Total Time Taken is: 45741.1699
Doing image 888 --
Total Time Taken is: 45792.6150
Doing image 889 --
Total Time Taken is: 45844.1173
Doing image 890 --
Total Time Taken is: 45895.6368
Doing image 891 --
Total Time Taken is: 45947.0679
Doing image 892 --
Total Time Taken is: 45998.5157
Doing image 893 --
Total Time Taken is: 46050.0081
Doing image 894 --
Total Time Taken is: 46101.6441
Doing image 895 --
Total Time Taken is: 46153.1017
Doing image 896 --
Total Time Taken is: 46204.9916
Doing image 897 --
Total Time Taken is: 46256.6487
Doing image 898 --
Total Time Taken is: 46308.1125
Doing image 899 --
Total Time Taken is: 46359.5996
Doing image 900 --
Total Time Taken is: 46411.0677
Doing image 901 --
Total Time Taken is: 46462.5521
Doing image 902 --
Total Time Taken is: 46514.0061
Doing image 903 --
Total Time Taken is: 46565.6659
Doing image 904 --
Total Time Taken is: 46617.0672
Doing image 905 --
Total Time Taken is: 46668.5696
Doing image 906 --
Total Time Taken is: 46720.5890
Doing image 907 --
Total Time Taken is: 46772.5481
Doing image 908 --
Total Time Taken is: 46823.9693
Doing image 909 --
Total Time Taken is: 46875.4214
Doing image 910 --
Total Time Taken is: 46926.8426
Doing image 911 --
Total Time Taken is: 46978.3692
Doing image 912 --
Total Time Taken is: 47029.8951
Doing image 913 --
Total Time Taken is: 47081.3158
Doing image 914 --
Total Time Taken is: 47132.7778
Doing image 915 --
Total Time Taken is: 47184.2662
Doing image 916 --
Total Time Taken is: 47235.8704
Doing image 917 --
Total Time Taken is: 47287.3172
Doing image 918 --
Total Time Taken is: 47338.7369
Doing image 919 --
Total Time Taken is: 47390.1743
Doing image 920 --
Total Time Taken is: 47441.5874
Doing image 921 --
Total Time Taken is: 47493.0993
Doing image 922 --
Total Time Taken is: 47544.5615
Doing image 923 --
Total Time Taken is: 47596.1430
Doing image 924 --
Total Time Taken is: 47647.5884
Doing image 925 --
Total Time Taken is: 47699.5523
Doing image 926 --
Total Time Taken is: 47751.0031
Doing image 927 --
Total Time Taken is: 47802.4856
Doing image 928 --
Total Time Taken is: 47853.9213
Doing image 929 --
Total Time Taken is: 47906.3257
Doing image 930 --
Total Time Taken is: 47958.0211
Doing image 931 --
Total Time Taken is: 48009.5248
Doing image 932 --
Total Time Taken is: 48061.0156
Doing image 933 --
Total Time Taken is: 48112.4826
Doing image 934 --
Total Time Taken is: 48164.1944
Doing image 935 --
Total Time Taken is: 48215.6561
Doing image 936 --
Total Time Taken is: 48267.0573
Doing image 937 --
Total Time Taken is: 48318.5212
Doing image 938 --
Total Time Taken is: 48370.1053
Doing image 939 --
Total Time Taken is: 48421.6798
Doing image 940 --
Total Time Taken is: 48473.1070
Doing image 941 --
Total Time Taken is: 48524.5884
Doing image 942 --
Total Time Taken is: 48576.0806
Doing image 943 --
Total Time Taken is: 48627.5397
Doing image 944 --
Total Time Taken is: 48679.0130
Doing image 945 --
Total Time Taken is: 48730.4255
Doing image 946 --
Total Time Taken is: 48781.9236
Doing image 947 --
Total Time Taken is: 48833.5247
Doing image 948 --
Total Time Taken is: 48885.0919
Doing image 949 --
Total Time Taken is: 48936.5651
Doing image 950 --
Total Time Taken is: 48988.0671


It took 48988.0671 ms to complete this task of converting 950 images....
It took 217923 ms to complete the script....
