For iteration 1
Total GPU time: 0.180576 ms
Total time: 1.06739 ms

For iteration 2
Total GPU time: 0.176928 ms
Total time: 1.06348 ms

For iteration 3
Total GPU time: 0.183552 ms
Total time: 1.09571 ms

For iteration 4
Total GPU time: 0.174304 ms
Total time: 1.06128 ms

For iteration 5
Total GPU time: 0.181408 ms
Total time: 1.09862 ms

For iteration 6
Total GPU time: 0.185248 ms
Total time: 1.07253 ms

For iteration 7
Total GPU time: 0.175488 ms
Total time: 1.08739 ms

For iteration 8
Total GPU time: 0.174208 ms
Total time: 1.10216 ms

For iteration 9
Total GPU time: 0.192864 ms
Total time: 1.10198 ms

For iteration 10
Total GPU time: 0.175104 ms
Total time: 1.08937 ms

For iteration 11
Total GPU time: 0.173856 ms
Total time: 1.06919 ms

For iteration 12
Total GPU time: 0.180896 ms
Total time: 1.09583 ms

For iteration 13
Total GPU time: 0.181568 ms
Total time: 1.11807 ms

For iteration 14
Total GPU time: 0.18064 ms
Total time: 1.09683 ms

For iteration 15
Total GPU time: 0.181088 ms
Total time: 1.09582 ms

For iteration 16
Total GPU time: 0.174688 ms
Total time: 1.07186 ms

For iteration 17
Total GPU time: 0.181408 ms
Total time: 1.09328 ms

For iteration 18
Total GPU time: 0.171872 ms
Total time: 1.10749 ms

For iteration 19
Total GPU time: 0.181344 ms
Total time: 1.10469 ms

For iteration 20
Total GPU time: 0.185824 ms
Total time: 1.11375 ms



Average GPU Execution Time(20 runs)= .179643
Average TOTAL Execution Time(20 runs)= 1.090336