For iteration 1
Total GPU time: 67.1766 ms
Total time: 70.3537 ms

For iteration 2
Total GPU time: 67.1814 ms
Total time: 70.3455 ms

For iteration 3
Total GPU time: 67.184 ms
Total time: 70.3464 ms

For iteration 4
Total GPU time: 67.1864 ms
Total time: 70.3583 ms

For iteration 5
Total GPU time: 67.1833 ms
Total time: 70.3713 ms

For iteration 6
Total GPU time: 67.1845 ms
Total time: 70.36 ms

For iteration 7
Total GPU time: 67.1865 ms
Total time: 70.3378 ms

For iteration 8
Total GPU time: 67.1897 ms
Total time: 70.3675 ms

For iteration 9
Total GPU time: 67.188 ms
Total time: 70.433 ms

For iteration 10
Total GPU time: 67.1917 ms
Total time: 70.349 ms

For iteration 11
Total GPU time: 67.1894 ms
Total time: 70.3426 ms

For iteration 12
Total GPU time: 67.1895 ms
Total time: 70.3492 ms

For iteration 13
Total GPU time: 67.1867 ms
Total time: 70.3528 ms

For iteration 14
Total GPU time: 67.1919 ms
Total time: 70.3561 ms

For iteration 15
Total GPU time: 67.1847 ms
Total time: 70.3486 ms

For iteration 16
Total GPU time: 67.1855 ms
Total time: 70.3501 ms

For iteration 17
Total GPU time: 67.1903 ms
Total time: 70.359 ms

For iteration 18
Total GPU time: 67.1848 ms
Total time: 70.3908 ms

For iteration 19
Total GPU time: 67.1832 ms
Total time: 70.3614 ms

For iteration 20
Total GPU time: 67.1881 ms
Total time: 70.3989 ms



Average GPU Execution Time(20 runs)= 67.186310
Average TOTAL Execution Time(20 runs)= 70.361600