For iteration 1
Total GPU time: 0.092544 ms
Total time: 0.765515 ms

For iteration 2
Total GPU time: 0.088864 ms
Total time: 0.764896 ms

For iteration 3
Total GPU time: 0.091488 ms
Total time: 0.773214 ms

For iteration 4
Total GPU time: 0.090528 ms
Total time: 0.757731 ms

For iteration 5
Total GPU time: 0.089344 ms
Total time: 0.754388 ms

For iteration 6
Total GPU time: 0.091296 ms
Total time: 0.761151 ms

For iteration 7
Total GPU time: 0.09104 ms
Total time: 0.761773 ms

For iteration 8
Total GPU time: 0.089408 ms
Total time: 0.775577 ms

For iteration 9
Total GPU time: 0.089632 ms
Total time: 0.760396 ms

For iteration 10
Total GPU time: 0.088864 ms
Total time: 0.758742 ms

For iteration 11
Total GPU time: 0.088736 ms
Total time: 0.788879 ms

For iteration 12
Total GPU time: 0.089056 ms
Total time: 0.767333 ms

For iteration 13
Total GPU time: 0.128768 ms
Total time: 0.797294 ms

For iteration 14
Total GPU time: 0.089024 ms
Total time: 0.758828 ms

For iteration 15
Total GPU time: 0.088928 ms
Total time: 0.779065 ms

For iteration 16
Total GPU time: 0.091808 ms
Total time: 0.766429 ms

For iteration 17
Total GPU time: 0.08864 ms
Total time: 0.777069 ms

For iteration 18
Total GPU time: 0.090208 ms
Total time: 0.76914 ms

For iteration 19
Total GPU time: 0.090816 ms
Total time: 0.766786 ms

For iteration 20
Total GPU time: 0.089056 ms
Total time: 0.762618 ms



Average GPU Execution Time(20 runs)= .091902
Average TOTAL Execution Time(20 runs)= .768341
