For iteration 1
Total GPU time: 0.837536 ms
Total time: 4.05469 ms

For iteration 2
Total GPU time: 0.839872 ms
Total time: 4.13524 ms

For iteration 3
Total GPU time: 0.835872 ms
Total time: 4.06292 ms

For iteration 4
Total GPU time: 0.83824 ms
Total time: 4.13482 ms

For iteration 5
Total GPU time: 0.83936 ms
Total time: 4.04586 ms

For iteration 6
Total GPU time: 0.835968 ms
Total time: 4.10099 ms

For iteration 7
Total GPU time: 0.838848 ms
Total time: 4.04544 ms

For iteration 8
Total GPU time: 0.839552 ms
Total time: 4.0364 ms

For iteration 9
Total GPU time: 0.838208 ms
Total time: 4.09097 ms

For iteration 10
Total GPU time: 0.871552 ms
Total time: 4.22052 ms

For iteration 11
Total GPU time: 0.83824 ms
Total time: 4.0915 ms

For iteration 12
Total GPU time: 0.8376 ms
Total time: 4.26334 ms

For iteration 13
Total GPU time: 0.835808 ms
Total time: 4.13237 ms

For iteration 14
Total GPU time: 0.838432 ms
Total time: 4.17876 ms

For iteration 15
Total GPU time: 0.837024 ms
Total time: 4.28072 ms

For iteration 16
Total GPU time: 0.838592 ms
Total time: 4.25174 ms

For iteration 17
Total GPU time: 0.839648 ms
Total time: 4.11575 ms

For iteration 18
Total GPU time: 0.840032 ms
Total time: 4.15416 ms

For iteration 19
Total GPU time: 0.837312 ms
Total time: 4.15806 ms

For iteration 20
Total GPU time: 0.838688 ms
Total time: 4.06516 ms



Average GPU Execution Time(20 runs)= .839819
Average TOTAL Execution Time(20 runs)= 4.130970
