For iteration 1
Total GPU time: 0.123488 ms
Total time: 1.58239 ms

For iteration 2
Total GPU time: 0.148896 ms
Total time: 1.60904 ms

For iteration 3
Total GPU time: 0.123488 ms
Total time: 1.59648 ms

For iteration 4
Total GPU time: 0.123648 ms
Total time: 1.58681 ms

For iteration 5
Total GPU time: 0.123648 ms
Total time: 1.63839 ms

For iteration 6
Total GPU time: 0.122784 ms
Total time: 1.62618 ms

For iteration 7
Total GPU time: 0.123328 ms
Total time: 1.62816 ms

For iteration 8
Total GPU time: 0.123968 ms
Total time: 1.6391 ms

For iteration 9
Total GPU time: 0.123616 ms
Total time: 1.58505 ms

For iteration 10
Total GPU time: 0.124416 ms
Total time: 1.63536 ms

For iteration 11
Total GPU time: 0.124064 ms
Total time: 1.57845 ms

For iteration 12
Total GPU time: 0.125664 ms
Total time: 1.62845 ms

For iteration 13
Total GPU time: 0.121856 ms
Total time: 1.65202 ms

For iteration 14
Total GPU time: 0.123456 ms
Total time: 1.59099 ms

For iteration 15
Total GPU time: 0.125312 ms
Total time: 1.60007 ms

For iteration 16
Total GPU time: 0.125408 ms
Total time: 1.625 ms

For iteration 17
Total GPU time: 0.125248 ms
Total time: 1.58821 ms

For iteration 18
Total GPU time: 0.12368 ms
Total time: 1.59186 ms

For iteration 19
Total GPU time: 0.12368 ms
Total time: 1.58008 ms

For iteration 20
Total GPU time: 0.124128 ms
Total time: 1.61965 ms



Average GPU Execution Time(20 runs)= .125188
Average TOTAL Execution Time(20 runs)= 1.609087
