Doing image 1 --
Total Time Taken is: 3.57283
Doing image 2 --
Total Time Taken is: 7.19397
Doing image 3 --
Total Time Taken is: 10.86803
Doing image 4 --
Total Time Taken is: 14.65706
Doing image 5 --
Total Time Taken is: 18.21413
Doing image 6 --
Total Time Taken is: 22.11189
Doing image 7 --
Total Time Taken is: 25.67619
Doing image 8 --
Total Time Taken is: 29.58606
Doing image 9 --
Total Time Taken is: 33.21676
Doing image 10 --
Total Time Taken is: 36.88658
Doing image 11 --
Total Time Taken is: 40.44550
Doing image 12 --
Total Time Taken is: 44.03988
Doing image 13 --
Total Time Taken is: 47.63874
Doing image 14 --
Total Time Taken is: 51.21341
Doing image 15 --
Total Time Taken is: 54.76780
Doing image 16 --
Total Time Taken is: 58.57064
Doing image 17 --
Total Time Taken is: 62.14932
Doing image 18 --
Total Time Taken is: 65.69408
Doing image 19 --
Total Time Taken is: 69.31670
Doing image 20 --
Total Time Taken is: 72.87377
Doing image 21 --
Total Time Taken is: 76.53052
Doing image 22 --
Total Time Taken is: 80.14166
Doing image 23 --
Total Time Taken is: 83.75546
Doing image 24 --
Total Time Taken is: 87.31577
Doing image 25 --
Total Time Taken is: 90.98752
Doing image 26 --
Total Time Taken is: 94.64252
Doing image 27 --
Total Time Taken is: 98.28141
Doing image 28 --
Total Time Taken is: 101.86096
Doing image 29 --
Total Time Taken is: 105.48484
Doing image 30 --
Total Time Taken is: 109.14793
Doing image 31 --
Total Time Taken is: 112.74772
Doing image 32 --
Total Time Taken is: 116.36476
Doing image 33 --
Total Time Taken is: 119.92442
Doing image 34 --
Total Time Taken is: 123.57998
Doing image 35 --
Total Time Taken is: 127.23667
Doing image 36 --
Total Time Taken is: 130.89425
Doing image 37 --
Total Time Taken is: 134.54429
Doing image 38 --
Total Time Taken is: 138.16814
Doing image 39 --
Total Time Taken is: 141.75780
Doing image 40 --
Total Time Taken is: 145.38417
Doing image 41 --
Total Time Taken is: 148.96459
Doing image 42 --
Total Time Taken is: 152.60846
Doing image 43 --
Total Time Taken is: 155.18237
Doing image 44 --
Total Time Taken is: 158.73111
Doing image 45 --
Total Time Taken is: 162.32952
Doing image 46 --
Total Time Taken is: 166.01328
Doing image 47 --
Total Time Taken is: 169.65258
Doing image 48 --
Total Time Taken is: 173.26668
Doing image 49 --
Total Time Taken is: 176.92227
Doing image 50 --
Total Time Taken is: 180.53384
Doing image 51 --
Total Time Taken is: 184.15035
Doing image 52 --
Total Time Taken is: 187.74664
Doing image 53 --
Total Time Taken is: 191.31335
Doing image 54 --
Total Time Taken is: 194.87114
Doing image 55 --
Total Time Taken is: 198.49517
Doing image 56 --
Total Time Taken is: 202.05859
Doing image 57 --
Total Time Taken is: 205.64921
Doing image 58 --
Total Time Taken is: 209.18833
Doing image 59 --
Total Time Taken is: 212.79861
Doing image 60 --
Total Time Taken is: 216.34330
Doing image 61 --
Total Time Taken is: 219.88205
Doing image 62 --
Total Time Taken is: 223.49264
Doing image 63 --
Total Time Taken is: 227.09356
Doing image 64 --
Total Time Taken is: 230.70970
Doing image 65 --
Total Time Taken is: 234.24894
Doing image 66 --
Total Time Taken is: 237.80714
Doing image 67 --
Total Time Taken is: 241.37909
Doing image 68 --
Total Time Taken is: 244.99855
Doing image 69 --
Total Time Taken is: 248.60290
Doing image 70 --
Total Time Taken is: 252.20707
Doing image 71 --
Total Time Taken is: 255.80119
Doing image 72 --
Total Time Taken is: 258.38698
Doing image 73 --
Total Time Taken is: 261.96309
Doing image 74 --
Total Time Taken is: 265.57005
Doing image 75 --
Total Time Taken is: 269.16073
Doing image 76 --
Total Time Taken is: 272.92776
Doing image 77 --
Total Time Taken is: 276.54829
Doing image 78 --
Total Time Taken is: 280.15038
Doing image 79 --
Total Time Taken is: 283.75244
Doing image 80 --
Total Time Taken is: 287.30165
Doing image 81 --
Total Time Taken is: 290.91453
Doing image 82 --
Total Time Taken is: 294.45932
Doing image 83 --
Total Time Taken is: 298.08970
Doing image 84 --
Total Time Taken is: 301.74780
Doing image 85 --
Total Time Taken is: 305.32379
Doing image 86 --
Total Time Taken is: 308.87823
Doing image 87 --
Total Time Taken is: 312.45001
Doing image 88 --
Total Time Taken is: 316.01292
Doing image 89 --
Total Time Taken is: 319.58072
Doing image 90 --
Total Time Taken is: 323.13577
Doing image 91 --
Total Time Taken is: 326.73986
Doing image 92 --
Total Time Taken is: 330.32048
Doing image 93 --
Total Time Taken is: 333.95952
Doing image 94 --
Total Time Taken is: 337.57016
Doing image 95 --
Total Time Taken is: 341.15092
Doing image 96 --
Total Time Taken is: 344.69057
Doing image 97 --
Total Time Taken is: 348.24243
Doing image 98 --
Total Time Taken is: 351.80262
Doing image 99 --
Total Time Taken is: 355.46579
Doing image 100 --
Total Time Taken is: 359.10263
Doing image 101 --
Total Time Taken is: 362.72795
Doing image 102 --
Total Time Taken is: 366.28393
Doing image 103 --
Total Time Taken is: 369.95522
Doing image 104 --
Total Time Taken is: 373.55618
Doing image 105 --
Total Time Taken is: 377.10532
Doing image 106 --
Total Time Taken is: 380.78145
Doing image 107 --
Total Time Taken is: 383.43681
Doing image 108 --
Total Time Taken is: 386.99489
Doing image 109 --
Total Time Taken is: 390.65008
Doing image 110 --
Total Time Taken is: 394.28620
Doing image 111 --
Total Time Taken is: 397.93348
Doing image 112 --
Total Time Taken is: 401.48823
Doing image 113 --
Total Time Taken is: 405.07080
Doing image 114 --
Total Time Taken is: 408.62754
Doing image 115 --
Total Time Taken is: 412.21228
Doing image 116 --
Total Time Taken is: 415.83698
Doing image 117 --
Total Time Taken is: 419.75006
Doing image 118 --
Total Time Taken is: 423.37283
Doing image 119 --
Total Time Taken is: 427.01748
Doing image 120 --
Total Time Taken is: 430.57266
Doing image 121 --
Total Time Taken is: 434.20719
Doing image 122 --
Total Time Taken is: 437.86938
Doing image 123 --
Total Time Taken is: 441.47137
Doing image 124 --
Total Time Taken is: 445.06847
Doing image 125 --
Total Time Taken is: 448.61555
Doing image 126 --
Total Time Taken is: 452.26569
Doing image 127 --
Total Time Taken is: 455.96508
Doing image 128 --
Total Time Taken is: 459.66703
Doing image 129 --
Total Time Taken is: 463.26986
Doing image 130 --
Total Time Taken is: 466.85769
Doing image 131 --
Total Time Taken is: 470.43880
Doing image 132 --
Total Time Taken is: 473.98855
Doing image 133 --
Total Time Taken is: 477.72006
Doing image 134 --
Total Time Taken is: 481.38363
Doing image 135 --
Total Time Taken is: 485.00687
Doing image 136 --
Total Time Taken is: 488.57917
Doing image 137 --
Total Time Taken is: 492.17308
Doing image 138 --
Total Time Taken is: 495.75730
Doing image 139 --
Total Time Taken is: 499.38954
Doing image 140 --
Total Time Taken is: 503.01046
Doing image 141 --
Total Time Taken is: 506.58935
Doing image 142 --
Total Time Taken is: 510.21170
Doing image 143 --
Total Time Taken is: 513.80605
Doing image 144 --
Total Time Taken is: 517.74998
Doing image 145 --
Total Time Taken is: 521.35857
Doing image 146 --
Total Time Taken is: 524.91378
Doing image 147 --
Total Time Taken is: 528.51498
Doing image 148 --
Total Time Taken is: 532.04632
Doing image 149 --
Total Time Taken is: 535.82496
Doing image 150 --
Total Time Taken is: 539.43889
Doing image 151 --
Total Time Taken is: 543.06170
Doing image 152 --
Total Time Taken is: 546.65288
Doing image 153 --
Total Time Taken is: 550.22217
Doing image 154 --
Total Time Taken is: 553.75314
Doing image 155 --
Total Time Taken is: 557.34247
Doing image 156 --
Total Time Taken is: 560.88997
Doing image 157 --
Total Time Taken is: 564.49673
Doing image 158 --
Total Time Taken is: 568.14741
Doing image 159 --
Total Time Taken is: 571.70069
Doing image 160 --
Total Time Taken is: 575.30033
Doing image 161 --
Total Time Taken is: 578.93742
Doing image 162 --
Total Time Taken is: 582.48521
Doing image 163 --
Total Time Taken is: 586.03794
Doing image 164 --
Total Time Taken is: 589.63700
Doing image 165 --
Total Time Taken is: 593.19477
Doing image 166 --
Total Time Taken is: 596.75384
Doing image 167 --
Total Time Taken is: 600.34459
Doing image 168 --
Total Time Taken is: 604.02145
Doing image 169 --
Total Time Taken is: 607.59035
Doing image 170 --
Total Time Taken is: 611.18895
Doing image 171 --
Total Time Taken is: 614.79300
Doing image 172 --
Total Time Taken is: 618.47724
Doing image 173 --
Total Time Taken is: 622.03429
Doing image 174 --
Total Time Taken is: 625.61780
Doing image 175 --
Total Time Taken is: 629.25431
Doing image 176 --
Total Time Taken is: 632.86187
Doing image 177 --
Total Time Taken is: 636.54132
Doing image 178 --
Total Time Taken is: 640.21350
Doing image 179 --
Total Time Taken is: 643.80232
Doing image 180 --
Total Time Taken is: 647.44468
Doing image 181 --
Total Time Taken is: 651.07304
Doing image 182 --
Total Time Taken is: 654.62743
Doing image 183 --
Total Time Taken is: 658.17921
Doing image 184 --
Total Time Taken is: 661.84093
Doing image 185 --
Total Time Taken is: 665.41435
Doing image 186 --
Total Time Taken is: 668.98151
Doing image 187 --
Total Time Taken is: 672.63492
Doing image 188 --
Total Time Taken is: 676.19582
Doing image 189 --
Total Time Taken is: 679.77037
Doing image 190 --
Total Time Taken is: 683.41370
Doing image 191 --
Total Time Taken is: 687.02721
Doing image 192 --
Total Time Taken is: 690.60345
Doing image 193 --
Total Time Taken is: 694.25976
Doing image 194 --
Total Time Taken is: 697.87112
Doing image 195 --
Total Time Taken is: 701.42978
Doing image 196 --
Total Time Taken is: 704.97134
Doing image 197 --
Total Time Taken is: 708.59617
Doing image 198 --
Total Time Taken is: 712.43400
Doing image 199 --
Total Time Taken is: 716.03711
Doing image 200 --
Total Time Taken is: 719.60579
Doing image 201 --
Total Time Taken is: 723.15002
Doing image 202 --
Total Time Taken is: 726.70352
Doing image 203 --
Total Time Taken is: 730.30205
Doing image 204 --
Total Time Taken is: 733.91833
Doing image 205 --
Total Time Taken is: 737.53412
Doing image 206 --
Total Time Taken is: 741.19409
Doing image 207 --
Total Time Taken is: 744.76869
Doing image 208 --
Total Time Taken is: 748.40248
Doing image 209 --
Total Time Taken is: 751.98852
Doing image 210 --
Total Time Taken is: 755.58449
Doing image 211 --
Total Time Taken is: 759.13287
Doing image 212 --
Total Time Taken is: 762.70996
Doing image 213 --
Total Time Taken is: 766.29487
Doing image 214 --
Total Time Taken is: 769.96548
Doing image 215 --
Total Time Taken is: 773.51005
Doing image 216 --
Total Time Taken is: 777.46469
Doing image 217 --
Total Time Taken is: 781.09575
Doing image 218 --
Total Time Taken is: 784.64498
Doing image 219 --
Total Time Taken is: 788.20401
Doing image 220 --
Total Time Taken is: 791.81880
Doing image 221 --
Total Time Taken is: 795.49440
Doing image 222 --
Total Time Taken is: 799.03756
Doing image 223 --
Total Time Taken is: 802.58758
Doing image 224 --
Total Time Taken is: 806.16340
Doing image 225 --
Total Time Taken is: 809.78356
Doing image 226 --
Total Time Taken is: 813.37063
Doing image 227 --
Total Time Taken is: 817.02890
Doing image 228 --
Total Time Taken is: 820.58553
Doing image 229 --
Total Time Taken is: 824.15377
Doing image 230 --
Total Time Taken is: 827.71422
Doing image 231 --
Total Time Taken is: 831.28913
Doing image 232 --
Total Time Taken is: 834.84855
Doing image 233 --
Total Time Taken is: 838.47260
Doing image 234 --
Total Time Taken is: 842.02309
Doing image 235 --
Total Time Taken is: 845.65121
Doing image 236 --
Total Time Taken is: 849.22375
Doing image 237 --
Total Time Taken is: 852.77130
Doing image 238 --
Total Time Taken is: 856.32357
Doing image 239 --
Total Time Taken is: 860.16952
Doing image 240 --
Total Time Taken is: 863.72155
Doing image 241 --
Total Time Taken is: 867.37120
Doing image 242 --
Total Time Taken is: 871.00926
Doing image 243 --
Total Time Taken is: 874.58308
Doing image 244 --
Total Time Taken is: 878.21161
Doing image 245 --
Total Time Taken is: 881.82864
Doing image 246 --
Total Time Taken is: 885.40149
Doing image 247 --
Total Time Taken is: 888.93854
Doing image 248 --
Total Time Taken is: 892.57715
Doing image 249 --
Total Time Taken is: 896.23138
Doing image 250 --
Total Time Taken is: 899.86366
Doing image 251 --
Total Time Taken is: 903.42599
Doing image 252 --
Total Time Taken is: 907.00902
Doing image 253 --
Total Time Taken is: 910.60823
Doing image 254 --
Total Time Taken is: 914.18481
Doing image 255 --
Total Time Taken is: 917.73730
Doing image 256 --
Total Time Taken is: 921.36080
Doing image 257 --
Total Time Taken is: 924.96538
Doing image 258 --
Total Time Taken is: 928.55256
Doing image 259 --
Total Time Taken is: 932.15585
Doing image 260 --
Total Time Taken is: 935.73508
Doing image 261 --
Total Time Taken is: 939.37458
Doing image 262 --
Total Time Taken is: 942.93508
Doing image 263 --
Total Time Taken is: 946.66572
Doing image 264 --
Total Time Taken is: 950.28825
Doing image 265 --
Total Time Taken is: 953.86730
Doing image 266 --
Total Time Taken is: 957.43343
Doing image 267 --
Total Time Taken is: 961.08837
Doing image 268 --
Total Time Taken is: 964.78706
Doing image 269 --
Total Time Taken is: 968.56658
Doing image 270 --
Total Time Taken is: 972.18374
Doing image 271 --
Total Time Taken is: 975.76198
Doing image 272 --
Total Time Taken is: 979.40223
Doing image 273 --
Total Time Taken is: 982.96484
Doing image 274 --
Total Time Taken is: 986.51802
Doing image 275 --
Total Time Taken is: 990.16046
Doing image 276 --
Total Time Taken is: 993.82907
Doing image 277 --
Total Time Taken is: 997.61215
Doing image 278 --
Total Time Taken is: 1001.24014
Doing image 279 --
Total Time Taken is: 1004.84199
Doing image 280 --
Total Time Taken is: 1008.47925
Doing image 281 --
Total Time Taken is: 1012.10590
Doing image 282 --
Total Time Taken is: 1015.75565
Doing image 283 --
Total Time Taken is: 1019.30442
Doing image 284 --
Total Time Taken is: 1022.89965
Doing image 285 --
Total Time Taken is: 1026.51510
Doing image 286 --
Total Time Taken is: 1030.09504
Doing image 287 --
Total Time Taken is: 1033.67705
Doing image 288 --
Total Time Taken is: 1037.31074
Doing image 289 --
Total Time Taken is: 1040.86433
Doing image 290 --
Total Time Taken is: 1044.39546
Doing image 291 --
Total Time Taken is: 1048.01805
Doing image 292 --
Total Time Taken is: 1051.58946
Doing image 293 --
Total Time Taken is: 1055.26930
Doing image 294 --
Total Time Taken is: 1058.84279
Doing image 295 --
Total Time Taken is: 1062.51108
Doing image 296 --
Total Time Taken is: 1066.13856
Doing image 297 --
Total Time Taken is: 1069.75371
Doing image 298 --
Total Time Taken is: 1073.36288
Doing image 299 --
Total Time Taken is: 1076.96942
Doing image 300 --
Total Time Taken is: 1080.55170
Doing image 301 --
Total Time Taken is: 1084.12297
Doing image 302 --
Total Time Taken is: 1087.72866
Doing image 303 --
Total Time Taken is: 1091.35248
Doing image 304 --
Total Time Taken is: 1095.00484
Doing image 305 --
Total Time Taken is: 1098.59530
Doing image 306 --
Total Time Taken is: 1102.20144
Doing image 307 --
Total Time Taken is: 1105.76010
Doing image 308 --
Total Time Taken is: 1109.31242
Doing image 309 --
Total Time Taken is: 1112.92899
Doing image 310 --
Total Time Taken is: 1116.48652
Doing image 311 --
Total Time Taken is: 1120.02377
Doing image 312 --
Total Time Taken is: 1123.73962
Doing image 313 --
Total Time Taken is: 1127.49013
Doing image 314 --
Total Time Taken is: 1131.10663
Doing image 315 --
Total Time Taken is: 1134.65724
Doing image 316 --
Total Time Taken is: 1138.20852
Doing image 317 --
Total Time Taken is: 1141.86446
Doing image 318 --
Total Time Taken is: 1145.50703
Doing image 319 --
Total Time Taken is: 1149.08764
Doing image 320 --
Total Time Taken is: 1152.73554
Doing image 321 --
Total Time Taken is: 1156.40998
Doing image 322 --
Total Time Taken is: 1160.02378
Doing image 323 --
Total Time Taken is: 1163.58822
Doing image 324 --
Total Time Taken is: 1167.18269
Doing image 325 --
Total Time Taken is: 1170.82077
Doing image 326 --
Total Time Taken is: 1174.42276
Doing image 327 --
Total Time Taken is: 1178.01380
Doing image 328 --
Total Time Taken is: 1181.60925
Doing image 329 --
Total Time Taken is: 1185.27181
Doing image 330 --
Total Time Taken is: 1188.98426
Doing image 331 --
Total Time Taken is: 1192.67741
Doing image 332 --
Total Time Taken is: 1196.36812
Doing image 333 --
Total Time Taken is: 1200.12580
Doing image 334 --
Total Time Taken is: 1203.66386
Doing image 335 --
Total Time Taken is: 1207.23912
Doing image 336 --
Total Time Taken is: 1210.85972
Doing image 337 --
Total Time Taken is: 1214.43644
Doing image 338 --
Total Time Taken is: 1218.09649
Doing image 339 --
Total Time Taken is: 1221.69486
Doing image 340 --
Total Time Taken is: 1225.31529
Doing image 341 --
Total Time Taken is: 1228.89388
Doing image 342 --
Total Time Taken is: 1232.52554
Doing image 343 --
Total Time Taken is: 1236.13209
Doing image 344 --
Total Time Taken is: 1239.73516
Doing image 345 --
Total Time Taken is: 1243.36597
Doing image 346 --
Total Time Taken is: 1247.07324
Doing image 347 --
Total Time Taken is: 1250.74670
Doing image 348 --
Total Time Taken is: 1254.35977
Doing image 349 --
Total Time Taken is: 1257.97414
Doing image 350 --
Total Time Taken is: 1261.60123
Doing image 351 --
Total Time Taken is: 1265.25902
Doing image 352 --
Total Time Taken is: 1268.90325
Doing image 353 --
Total Time Taken is: 1272.51636
Doing image 354 --
Total Time Taken is: 1276.13261
Doing image 355 --
Total Time Taken is: 1279.67374
Doing image 356 --
Total Time Taken is: 1283.21384
Doing image 357 --
Total Time Taken is: 1286.81265
Doing image 358 --
Total Time Taken is: 1290.37196
Doing image 359 --
Total Time Taken is: 1293.92946
Doing image 360 --
Total Time Taken is: 1297.48348
Doing image 361 --
Total Time Taken is: 1301.01939
Doing image 362 --
Total Time Taken is: 1304.65387
Doing image 363 --
Total Time Taken is: 1308.21573
Doing image 364 --
Total Time Taken is: 1311.76386
Doing image 365 --
Total Time Taken is: 1315.40005
Doing image 366 --
Total Time Taken is: 1318.98675
Doing image 367 --
Total Time Taken is: 1322.65920
Doing image 368 --
Total Time Taken is: 1326.24677
Doing image 369 --
Total Time Taken is: 1329.80485
Doing image 370 --
Total Time Taken is: 1333.36873
Doing image 371 --
Total Time Taken is: 1336.94997
Doing image 372 --
Total Time Taken is: 1340.57224
Doing image 373 --
Total Time Taken is: 1344.12504
Doing image 374 --
Total Time Taken is: 1347.70616
Doing image 375 --
Total Time Taken is: 1351.33973
Doing image 376 --
Total Time Taken is: 1354.96213
Doing image 377 --
Total Time Taken is: 1358.55037
Doing image 378 --
Total Time Taken is: 1362.11569
Doing image 379 --
Total Time Taken is: 1365.84869
Doing image 380 --
Total Time Taken is: 1369.43638
Doing image 381 --
Total Time Taken is: 1372.99279
Doing image 382 --
Total Time Taken is: 1376.54271
Doing image 383 --
Total Time Taken is: 1380.08129
Doing image 384 --
Total Time Taken is: 1383.65367
Doing image 385 --
Total Time Taken is: 1387.36006
Doing image 386 --
Total Time Taken is: 1390.90425
Doing image 387 --
Total Time Taken is: 1394.52944
Doing image 388 --
Total Time Taken is: 1398.15596
Doing image 389 --
Total Time Taken is: 1401.70912
Doing image 390 --
Total Time Taken is: 1405.35986
Doing image 391 --
Total Time Taken is: 1408.91419
Doing image 392 --
Total Time Taken is: 1412.50620
Doing image 393 --
Total Time Taken is: 1416.07052
Doing image 394 --
Total Time Taken is: 1419.68848
Doing image 395 --
Total Time Taken is: 1423.32124
Doing image 396 --
Total Time Taken is: 1426.87878
Doing image 397 --
Total Time Taken is: 1430.54596
Doing image 398 --
Total Time Taken is: 1434.17148
Doing image 399 --
Total Time Taken is: 1437.74218
Doing image 400 --
Total Time Taken is: 1441.31066
Doing image 401 --
Total Time Taken is: 1444.87928
Doing image 402 --
Total Time Taken is: 1448.42491
Doing image 403 --
Total Time Taken is: 1451.97491
Doing image 404 --
Total Time Taken is: 1455.59753
Doing image 405 --
Total Time Taken is: 1459.13910
Doing image 406 --
Total Time Taken is: 1462.79872
Doing image 407 --
Total Time Taken is: 1466.41701
Doing image 408 --
Total Time Taken is: 1470.03469
Doing image 409 --
Total Time Taken is: 1473.61630
Doing image 410 --
Total Time Taken is: 1477.18001
Doing image 411 --
Total Time Taken is: 1480.82322
Doing image 412 --
Total Time Taken is: 1484.37096
Doing image 413 --
Total Time Taken is: 1487.92687
Doing image 414 --
Total Time Taken is: 1491.50712
Doing image 415 --
Total Time Taken is: 1495.13873
Doing image 416 --
Total Time Taken is: 1498.69181
Doing image 417 --
Total Time Taken is: 1502.28323
Doing image 418 --
Total Time Taken is: 1505.93885
Doing image 419 --
Total Time Taken is: 1509.52222
Doing image 420 --
Total Time Taken is: 1513.06850
Doing image 421 --
Total Time Taken is: 1516.64078
Doing image 422 --
Total Time Taken is: 1520.19996
Doing image 423 --
Total Time Taken is: 1523.83080
Doing image 424 --
Total Time Taken is: 1527.42953
Doing image 425 --
Total Time Taken is: 1530.98383
Doing image 426 --
Total Time Taken is: 1534.56332
Doing image 427 --
Total Time Taken is: 1538.14140
Doing image 428 --
Total Time Taken is: 1541.95214
Doing image 429 --
Total Time Taken is: 1545.58700
Doing image 430 --
Total Time Taken is: 1549.13640
Doing image 431 --
Total Time Taken is: 1552.69263
Doing image 432 --
Total Time Taken is: 1556.25727
Doing image 433 --
Total Time Taken is: 1559.85913
Doing image 434 --
Total Time Taken is: 1563.47348
Doing image 435 --
Total Time Taken is: 1567.02632
Doing image 436 --
Total Time Taken is: 1570.61014
Doing image 437 --
Total Time Taken is: 1574.18317
Doing image 438 --
Total Time Taken is: 1577.81673
Doing image 439 --
Total Time Taken is: 1581.43578
Doing image 440 --
Total Time Taken is: 1584.99319
Doing image 441 --
Total Time Taken is: 1588.59941
Doing image 442 --
Total Time Taken is: 1592.14312
Doing image 443 --
Total Time Taken is: 1595.73884
Doing image 444 --
Total Time Taken is: 1599.47671
Doing image 445 --
Total Time Taken is: 1603.03464
Doing image 446 --
Total Time Taken is: 1606.57472
Doing image 447 --
Total Time Taken is: 1610.22883
Doing image 448 --
Total Time Taken is: 1613.77040
Doing image 449 --
Total Time Taken is: 1617.38587
Doing image 450 --
Total Time Taken is: 1620.94338
Doing image 451 --
Total Time Taken is: 1624.50098
Doing image 452 --
Total Time Taken is: 1628.05061
Doing image 453 --
Total Time Taken is: 1631.67775
Doing image 454 --
Total Time Taken is: 1635.22736
Doing image 455 --
Total Time Taken is: 1638.83969
Doing image 456 --
Total Time Taken is: 1642.39081
Doing image 457 --
Total Time Taken is: 1646.01424
Doing image 458 --
Total Time Taken is: 1649.62566
Doing image 459 --
Total Time Taken is: 1653.24269
Doing image 460 --
Total Time Taken is: 1656.82585
Doing image 461 --
Total Time Taken is: 1660.38760
Doing image 462 --
Total Time Taken is: 1663.94252
Doing image 463 --
Total Time Taken is: 1667.49202
Doing image 464 --
Total Time Taken is: 1671.03054
Doing image 465 --
Total Time Taken is: 1674.71297
Doing image 466 --
Total Time Taken is: 1678.26089
Doing image 467 --
Total Time Taken is: 1681.82567
Doing image 468 --
Total Time Taken is: 1685.37219
Doing image 469 --
Total Time Taken is: 1688.92401
Doing image 470 --
Total Time Taken is: 1692.48824
Doing image 471 --
Total Time Taken is: 1696.06502
Doing image 472 --
Total Time Taken is: 1699.65450
Doing image 473 --
Total Time Taken is: 1703.20028
Doing image 474 --
Total Time Taken is: 1706.75142
Doing image 475 --
Total Time Taken is: 1710.29841
Doing image 476 --
Total Time Taken is: 1713.92084
Doing image 477 --
Total Time Taken is: 1717.45783
Doing image 478 --
Total Time Taken is: 1721.01130
Doing image 479 --
Total Time Taken is: 1724.56937
Doing image 480 --
Total Time Taken is: 1728.18206
Doing image 481 --
Total Time Taken is: 1731.81254
Doing image 482 --
Total Time Taken is: 1735.41063
Doing image 483 --
Total Time Taken is: 1738.95353
Doing image 484 --
Total Time Taken is: 1742.51357
Doing image 485 --
Total Time Taken is: 1746.08315
Doing image 486 --
Total Time Taken is: 1749.62390
Doing image 487 --
Total Time Taken is: 1753.18447
Doing image 488 --
Total Time Taken is: 1756.72356
Doing image 489 --
Total Time Taken is: 1760.29332
Doing image 490 --
Total Time Taken is: 1763.83382
Doing image 491 --
Total Time Taken is: 1767.43315
Doing image 492 --
Total Time Taken is: 1770.98479
Doing image 493 --
Total Time Taken is: 1774.57671
Doing image 494 --
Total Time Taken is: 1778.13845
Doing image 495 --
Total Time Taken is: 1781.72367
Doing image 496 --
Total Time Taken is: 1785.30035
Doing image 497 --
Total Time Taken is: 1788.87629
Doing image 498 --
Total Time Taken is: 1792.56865
Doing image 499 --
Total Time Taken is: 1796.15261
Doing image 500 --
Total Time Taken is: 1799.72198
Doing image 501 --
Total Time Taken is: 1803.26231
Doing image 502 --
Total Time Taken is: 1806.81997
Doing image 503 --
Total Time Taken is: 1810.43369
Doing image 504 --
Total Time Taken is: 1813.98652
Doing image 505 --
Total Time Taken is: 1817.57642
Doing image 506 --
Total Time Taken is: 1821.15151
Doing image 507 --
Total Time Taken is: 1824.79640
Doing image 508 --
Total Time Taken is: 1828.46512
Doing image 509 --
Total Time Taken is: 1832.03652
Doing image 510 --
Total Time Taken is: 1835.63321
Doing image 511 --
Total Time Taken is: 1839.25417
Doing image 512 --
Total Time Taken is: 1842.85087
Doing image 513 --
Total Time Taken is: 1846.46660
Doing image 514 --
Total Time Taken is: 1850.08879
Doing image 515 --
Total Time Taken is: 1853.62905
Doing image 516 --
Total Time Taken is: 1857.22143
Doing image 517 --
Total Time Taken is: 1860.77357
Doing image 518 --
Total Time Taken is: 1864.30552
Doing image 519 --
Total Time Taken is: 1867.90137
Doing image 520 --
Total Time Taken is: 1871.49699
Doing image 521 --
Total Time Taken is: 1875.10328
Doing image 522 --
Total Time Taken is: 1878.69943
Doing image 523 --
Total Time Taken is: 1882.26758
Doing image 524 --
Total Time Taken is: 1885.84706
Doing image 525 --
Total Time Taken is: 1889.41098
Doing image 526 --
Total Time Taken is: 1892.96015
Doing image 527 --
Total Time Taken is: 1896.48849
Doing image 528 --
Total Time Taken is: 1900.05615
Doing image 529 --
Total Time Taken is: 1903.67243
Doing image 530 --
Total Time Taken is: 1907.29013
Doing image 531 --
Total Time Taken is: 1910.90343
Doing image 532 --
Total Time Taken is: 1914.45458
Doing image 533 --
Total Time Taken is: 1918.00653
Doing image 534 --
Total Time Taken is: 1921.56365
Doing image 535 --
Total Time Taken is: 1925.18935
Doing image 536 --
Total Time Taken is: 1928.73883
Doing image 537 --
Total Time Taken is: 1932.30759
Doing image 538 --
Total Time Taken is: 1935.89372
Doing image 539 --
Total Time Taken is: 1939.46192
Doing image 540 --
Total Time Taken is: 1943.02756
Doing image 541 --
Total Time Taken is: 1946.63112
Doing image 542 --
Total Time Taken is: 1950.18323
Doing image 543 --
Total Time Taken is: 1953.73334
Doing image 544 --
Total Time Taken is: 1957.36024
Doing image 545 --
Total Time Taken is: 1960.90658
Doing image 546 --
Total Time Taken is: 1964.49742
Doing image 547 --
Total Time Taken is: 1968.05789
Doing image 548 --
Total Time Taken is: 1971.61924
Doing image 549 --
Total Time Taken is: 1975.25335
Doing image 550 --
Total Time Taken is: 1978.79680
Doing image 551 --
Total Time Taken is: 1982.48835
Doing image 552 --
Total Time Taken is: 1986.09923
Doing image 553 --
Total Time Taken is: 1989.69208
Doing image 554 --
Total Time Taken is: 1993.32950
Doing image 555 --
Total Time Taken is: 1996.88440
Doing image 556 --
Total Time Taken is: 2000.43213
Doing image 557 --
Total Time Taken is: 2004.00313
Doing image 558 --
Total Time Taken is: 2007.58243
Doing image 559 --
Total Time Taken is: 2011.16904
Doing image 560 --
Total Time Taken is: 2014.71207
Doing image 561 --
Total Time Taken is: 2018.35753
Doing image 562 --
Total Time Taken is: 2021.91017
Doing image 563 --
Total Time Taken is: 2025.60080
Doing image 564 --
Total Time Taken is: 2029.17742
Doing image 565 --
Total Time Taken is: 2032.81737
Doing image 566 --
Total Time Taken is: 2036.37300
Doing image 567 --
Total Time Taken is: 2040.04756
Doing image 568 --
Total Time Taken is: 2043.61500
Doing image 569 --
Total Time Taken is: 2047.23114
Doing image 570 --
Total Time Taken is: 2050.80494
Doing image 571 --
Total Time Taken is: 2054.40349
Doing image 572 --
Total Time Taken is: 2058.02823
Doing image 573 --
Total Time Taken is: 2061.61833
Doing image 574 --
Total Time Taken is: 2065.18775
Doing image 575 --
Total Time Taken is: 2068.74451
Doing image 576 --
Total Time Taken is: 2072.37908
Doing image 577 --
Total Time Taken is: 2076.00982
Doing image 578 --
Total Time Taken is: 2079.56014
Doing image 579 --
Total Time Taken is: 2083.15757
Doing image 580 --
Total Time Taken is: 2086.75633
Doing image 581 --
Total Time Taken is: 2090.33706
Doing image 582 --
Total Time Taken is: 2093.89751
Doing image 583 --
Total Time Taken is: 2097.55128
Doing image 584 --
Total Time Taken is: 2101.07744
Doing image 585 --
Total Time Taken is: 2104.70297
Doing image 586 --
Total Time Taken is: 2108.31546
Doing image 587 --
Total Time Taken is: 2111.87305
Doing image 588 --
Total Time Taken is: 2115.42653
Doing image 589 --
Total Time Taken is: 2119.00467
Doing image 590 --
Total Time Taken is: 2122.54815
Doing image 591 --
Total Time Taken is: 2126.13118
Doing image 592 --
Total Time Taken is: 2129.68643
Doing image 593 --
Total Time Taken is: 2133.23038
Doing image 594 --
Total Time Taken is: 2136.87037
Doing image 595 --
Total Time Taken is: 2140.48929
Doing image 596 --
Total Time Taken is: 2144.03707
Doing image 597 --
Total Time Taken is: 2147.65131
Doing image 598 --
Total Time Taken is: 2151.20253
Doing image 599 --
Total Time Taken is: 2154.82392
Doing image 600 --
Total Time Taken is: 2158.42816
Doing image 601 --
Total Time Taken is: 2161.97880
Doing image 602 --
Total Time Taken is: 2165.59369
Doing image 603 --
Total Time Taken is: 2169.18723
Doing image 604 --
Total Time Taken is: 2172.81176
Doing image 605 --
Total Time Taken is: 2176.36366
Doing image 606 --
Total Time Taken is: 2179.94448
Doing image 607 --
Total Time Taken is: 2183.56797
Doing image 608 --
Total Time Taken is: 2187.12244
Doing image 609 --
Total Time Taken is: 2190.72501
Doing image 610 --
Total Time Taken is: 2194.29087
Doing image 611 --
Total Time Taken is: 2197.91643
Doing image 612 --
Total Time Taken is: 2201.51770
Doing image 613 --
Total Time Taken is: 2205.15171
Doing image 614 --
Total Time Taken is: 2208.83210
Doing image 615 --
Total Time Taken is: 2212.37869
Doing image 616 --
Total Time Taken is: 2215.97315
Doing image 617 --
Total Time Taken is: 2219.61931
Doing image 618 --
Total Time Taken is: 2223.18782
Doing image 619 --
Total Time Taken is: 2226.75193
Doing image 620 --
Total Time Taken is: 2230.32948
Doing image 621 --
Total Time Taken is: 2233.92653
Doing image 622 --
Total Time Taken is: 2237.48070
Doing image 623 --
Total Time Taken is: 2241.10056
Doing image 624 --
Total Time Taken is: 2244.74757
Doing image 625 --
Total Time Taken is: 2248.33933
Doing image 626 --
Total Time Taken is: 2251.89012
Doing image 627 --
Total Time Taken is: 2255.43560
Doing image 628 --
Total Time Taken is: 2258.98787
Doing image 629 --
Total Time Taken is: 2262.58363
Doing image 630 --
Total Time Taken is: 2266.19398
Doing image 631 --
Total Time Taken is: 2269.81053
Doing image 632 --
Total Time Taken is: 2273.39339
Doing image 633 --
Total Time Taken is: 2277.07312
Doing image 634 --
Total Time Taken is: 2280.64303
Doing image 635 --
Total Time Taken is: 2284.22203
Doing image 636 --
Total Time Taken is: 2287.84304
Doing image 637 --
Total Time Taken is: 2291.38116
Doing image 638 --
Total Time Taken is: 2294.95148
Doing image 639 --
Total Time Taken is: 2298.52025
Doing image 640 --
Total Time Taken is: 2302.18412
Doing image 641 --
Total Time Taken is: 2305.95474
Doing image 642 --
Total Time Taken is: 2309.63238
Doing image 643 --
Total Time Taken is: 2313.22306
Doing image 644 --
Total Time Taken is: 2316.91170
Doing image 645 --
Total Time Taken is: 2320.56405
Doing image 646 --
Total Time Taken is: 2324.20392
Doing image 647 --
Total Time Taken is: 2327.82901
Doing image 648 --
Total Time Taken is: 2331.50188
Doing image 649 --
Total Time Taken is: 2335.09695
Doing image 650 --
Total Time Taken is: 2338.72088
Doing image 651 --
Total Time Taken is: 2342.34902
Doing image 652 --
Total Time Taken is: 2346.03253
Doing image 653 --
Total Time Taken is: 2349.70926
Doing image 654 --
Total Time Taken is: 2353.44751
Doing image 655 --
Total Time Taken is: 2357.10338
Doing image 656 --
Total Time Taken is: 2360.70729
Doing image 657 --
Total Time Taken is: 2364.35114
Doing image 658 --
Total Time Taken is: 2367.92921
Doing image 659 --
Total Time Taken is: 2371.55155
Doing image 660 --
Total Time Taken is: 2375.10668
Doing image 661 --
Total Time Taken is: 2378.71946
Doing image 662 --
Total Time Taken is: 2382.41869
Doing image 663 --
Total Time Taken is: 2386.22120
Doing image 664 --
Total Time Taken is: 2389.76614
Doing image 665 --
Total Time Taken is: 2393.33919
Doing image 666 --
Total Time Taken is: 2396.91528
Doing image 667 --
Total Time Taken is: 2400.49083
Doing image 668 --
Total Time Taken is: 2404.08939
Doing image 669 --
Total Time Taken is: 2407.63860
Doing image 670 --
Total Time Taken is: 2411.25492
Doing image 671 --
Total Time Taken is: 2414.85935
Doing image 672 --
Total Time Taken is: 2418.40970
Doing image 673 --
Total Time Taken is: 2422.03688
Doing image 674 --
Total Time Taken is: 2425.59256
Doing image 675 --
Total Time Taken is: 2429.15881
Doing image 676 --
Total Time Taken is: 2432.83933
Doing image 677 --
Total Time Taken is: 2436.48188
Doing image 678 --
Total Time Taken is: 2440.03632
Doing image 679 --
Total Time Taken is: 2443.63126
Doing image 680 --
Total Time Taken is: 2447.20057
Doing image 681 --
Total Time Taken is: 2450.76161
Doing image 682 --
Total Time Taken is: 2454.31854
Doing image 683 --
Total Time Taken is: 2457.86255
Doing image 684 --
Total Time Taken is: 2461.46077
Doing image 685 --
Total Time Taken is: 2465.02893
Doing image 686 --
Total Time Taken is: 2468.65873
Doing image 687 --
Total Time Taken is: 2472.19367
Doing image 688 --
Total Time Taken is: 2475.75692
Doing image 689 --
Total Time Taken is: 2479.33148
Doing image 690 --
Total Time Taken is: 2482.88301
Doing image 691 --
Total Time Taken is: 2486.49320
Doing image 692 --
Total Time Taken is: 2490.03901
Doing image 693 --
Total Time Taken is: 2493.69441
Doing image 694 --
Total Time Taken is: 2497.25754
Doing image 695 --
Total Time Taken is: 2500.81097
Doing image 696 --
Total Time Taken is: 2504.36902
Doing image 697 --
Total Time Taken is: 2507.95498
Doing image 698 --
Total Time Taken is: 2511.50075
Doing image 699 --
Total Time Taken is: 2515.05821
Doing image 700 --
Total Time Taken is: 2518.69923
Doing image 701 --
Total Time Taken is: 2522.29203
Doing image 702 --
Total Time Taken is: 2525.88722
Doing image 703 --
Total Time Taken is: 2529.45655
Doing image 704 --
Total Time Taken is: 2533.06776
Doing image 705 --
Total Time Taken is: 2536.62942
Doing image 706 --
Total Time Taken is: 2540.20422
Doing image 707 --
Total Time Taken is: 2543.76742
Doing image 708 --
Total Time Taken is: 2547.32482
Doing image 709 --
Total Time Taken is: 2550.87841
Doing image 710 --
Total Time Taken is: 2554.53223
Doing image 711 --
Total Time Taken is: 2558.07859
Doing image 712 --
Total Time Taken is: 2561.63471
Doing image 713 --
Total Time Taken is: 2565.24856
Doing image 714 --
Total Time Taken is: 2568.82042
Doing image 715 --
Total Time Taken is: 2572.44176
Doing image 716 --
Total Time Taken is: 2576.00898
Doing image 717 --
Total Time Taken is: 2579.64188
Doing image 718 --
Total Time Taken is: 2583.18376
Doing image 719 --
Total Time Taken is: 2586.74057
Doing image 720 --
Total Time Taken is: 2590.35228
Doing image 721 --
Total Time Taken is: 2593.92029
Doing image 722 --
Total Time Taken is: 2597.49232
Doing image 723 --
Total Time Taken is: 2601.09162
Doing image 724 --
Total Time Taken is: 2604.69188
Doing image 725 --
Total Time Taken is: 2608.30181
Doing image 726 --
Total Time Taken is: 2611.92299
Doing image 727 --
Total Time Taken is: 2615.53937
Doing image 728 --
Total Time Taken is: 2619.14803
Doing image 729 --
Total Time Taken is: 2622.69414
Doing image 730 --
Total Time Taken is: 2626.23788
Doing image 731 --
Total Time Taken is: 2629.78624
Doing image 732 --
Total Time Taken is: 2633.35713
Doing image 733 --
Total Time Taken is: 2636.97507
Doing image 734 --
Total Time Taken is: 2640.54324
Doing image 735 --
Total Time Taken is: 2644.17667
Doing image 736 --
Total Time Taken is: 2647.71673
Doing image 737 --
Total Time Taken is: 2651.38497
Doing image 738 --
Total Time Taken is: 2654.98286
Doing image 739 --
Total Time Taken is: 2658.57238
Doing image 740 --
Total Time Taken is: 2662.18447
Doing image 741 --
Total Time Taken is: 2665.71829
Doing image 742 --
Total Time Taken is: 2669.34614
Doing image 743 --
Total Time Taken is: 2672.92584
Doing image 744 --
Total Time Taken is: 2676.55994
Doing image 745 --
Total Time Taken is: 2680.18176
Doing image 746 --
Total Time Taken is: 2683.79910
Doing image 747 --
Total Time Taken is: 2687.51863
Doing image 748 --
Total Time Taken is: 2691.16375
Doing image 749 --
Total Time Taken is: 2694.71446
Doing image 750 --
Total Time Taken is: 2697.39018
Doing image 751 --
Total Time Taken is: 2700.95974
Doing image 752 --
Total Time Taken is: 2704.50308
Doing image 753 --
Total Time Taken is: 2708.13011
Doing image 754 --
Total Time Taken is: 2711.69604
Doing image 755 --
Total Time Taken is: 2715.24880
Doing image 756 --
Total Time Taken is: 2718.83896
Doing image 757 --
Total Time Taken is: 2722.43337
Doing image 758 --
Total Time Taken is: 2726.04501
Doing image 759 --
Total Time Taken is: 2729.65270
Doing image 760 --
Total Time Taken is: 2733.19868
Doing image 761 --
Total Time Taken is: 2736.75756
Doing image 762 --
Total Time Taken is: 2740.33949
Doing image 763 --
Total Time Taken is: 2743.93416
Doing image 764 --
Total Time Taken is: 2747.60741
Doing image 765 --
Total Time Taken is: 2751.20793
Doing image 766 --
Total Time Taken is: 2754.75207
Doing image 767 --
Total Time Taken is: 2758.32482
Doing image 768 --
Total Time Taken is: 2761.94844
Doing image 769 --
Total Time Taken is: 2765.49660
Doing image 770 --
Total Time Taken is: 2769.21383
Doing image 771 --
Total Time Taken is: 2772.81477
Doing image 772 --
Total Time Taken is: 2776.45154
Doing image 773 --
Total Time Taken is: 2780.01269
Doing image 774 --
Total Time Taken is: 2783.64275
Doing image 775 --
Total Time Taken is: 2787.24699
Doing image 776 --
Total Time Taken is: 2790.89986
Doing image 777 --
Total Time Taken is: 2794.45860
Doing image 778 --
Total Time Taken is: 2798.04174
Doing image 779 --
Total Time Taken is: 2801.64252
Doing image 780 --
Total Time Taken is: 2805.18990
Doing image 781 --
Total Time Taken is: 2808.77371
Doing image 782 --
Total Time Taken is: 2812.32678
Doing image 783 --
Total Time Taken is: 2815.89269
Doing image 784 --
Total Time Taken is: 2819.52287
Doing image 785 --
Total Time Taken is: 2823.28630
Doing image 786 --
Total Time Taken is: 2827.00217
Doing image 787 --
Total Time Taken is: 2830.61557
Doing image 788 --
Total Time Taken is: 2834.20430
Doing image 789 --
Total Time Taken is: 2837.94522
Doing image 790 --
Total Time Taken is: 2841.59859
Doing image 791 --
Total Time Taken is: 2845.23235
Doing image 792 --
Total Time Taken is: 2848.82563
Doing image 793 --
Total Time Taken is: 2852.36976
Doing image 794 --
Total Time Taken is: 2855.97081
Doing image 795 --
Total Time Taken is: 2859.58400
Doing image 796 --
Total Time Taken is: 2863.18946
Doing image 797 --
Total Time Taken is: 2866.77501
Doing image 798 --
Total Time Taken is: 2870.35151
Doing image 799 --
Total Time Taken is: 2874.13075
Doing image 800 --
Total Time Taken is: 2877.68809
Doing image 801 --
Total Time Taken is: 2881.25988
Doing image 802 --
Total Time Taken is: 2884.90062
Doing image 803 --
Total Time Taken is: 2888.45733
Doing image 804 --
Total Time Taken is: 2892.05448
Doing image 805 --
Total Time Taken is: 2895.66892
Doing image 806 --
Total Time Taken is: 2899.28879
Doing image 807 --
Total Time Taken is: 2902.92979
Doing image 808 --
Total Time Taken is: 2906.49281
Doing image 809 --
Total Time Taken is: 2910.04270
Doing image 810 --
Total Time Taken is: 2913.61055
Doing image 811 --
Total Time Taken is: 2917.26691
Doing image 812 --
Total Time Taken is: 2920.84394
Doing image 813 --
Total Time Taken is: 2924.38985
Doing image 814 --
Total Time Taken is: 2928.06704
Doing image 815 --
Total Time Taken is: 2931.61467
Doing image 816 --
Total Time Taken is: 2935.16233
Doing image 817 --
Total Time Taken is: 2938.77117
Doing image 818 --
Total Time Taken is: 2942.33939
Doing image 819 --
Total Time Taken is: 2945.91513
Doing image 820 --
Total Time Taken is: 2949.51923
Doing image 821 --
Total Time Taken is: 2953.15816
Doing image 822 --
Total Time Taken is: 2956.77272
Doing image 823 --
Total Time Taken is: 2960.37105
Doing image 824 --
Total Time Taken is: 2963.97540
Doing image 825 --
Total Time Taken is: 2967.63247
Doing image 826 --
Total Time Taken is: 2971.21608
Doing image 827 --
Total Time Taken is: 2974.80317
Doing image 828 --
Total Time Taken is: 2978.43803
Doing image 829 --
Total Time Taken is: 2981.98697
Doing image 830 --
Total Time Taken is: 2985.62368
Doing image 831 --
Total Time Taken is: 2989.23880
Doing image 832 --
Total Time Taken is: 2992.78709
Doing image 833 --
Total Time Taken is: 2996.38892
Doing image 834 --
Total Time Taken is: 2999.95124
Doing image 835 --
Total Time Taken is: 3003.49952
Doing image 836 --
Total Time Taken is: 3007.19448
Doing image 837 --
Total Time Taken is: 3010.86312
Doing image 838 --
Total Time Taken is: 3014.43418
Doing image 839 --
Total Time Taken is: 3017.98618
Doing image 840 --
Total Time Taken is: 3021.60258
Doing image 841 --
Total Time Taken is: 3025.14115
Doing image 842 --
Total Time Taken is: 3028.76180
Doing image 843 --
Total Time Taken is: 3032.30589
Doing image 844 --
Total Time Taken is: 3035.89788
Doing image 845 --
Total Time Taken is: 3039.47829
Doing image 846 --
Total Time Taken is: 3043.13185
Doing image 847 --
Total Time Taken is: 3046.70010
Doing image 848 --
Total Time Taken is: 3050.30524
Doing image 849 --
Total Time Taken is: 3053.92198
Doing image 850 --
Total Time Taken is: 3057.47326
Doing image 851 --
Total Time Taken is: 3061.01325
Doing image 852 --
Total Time Taken is: 3064.60857
Doing image 853 --
Total Time Taken is: 3068.21778
Doing image 854 --
Total Time Taken is: 3070.81602
Doing image 855 --
Total Time Taken is: 3074.42531
Doing image 856 --
Total Time Taken is: 3078.05166
Doing image 857 --
Total Time Taken is: 3081.61425
Doing image 858 --
Total Time Taken is: 3085.23727
Doing image 859 --
Total Time Taken is: 3088.79510
Doing image 860 --
Total Time Taken is: 3092.45348
Doing image 861 --
Total Time Taken is: 3096.01252
Doing image 862 --
Total Time Taken is: 3099.55098
Doing image 863 --
Total Time Taken is: 3103.14644
Doing image 864 --
Total Time Taken is: 3106.69877
Doing image 865 --
Total Time Taken is: 3110.26728
Doing image 866 --
Total Time Taken is: 3113.83093
Doing image 867 --
Total Time Taken is: 3117.51626
Doing image 868 --
Total Time Taken is: 3121.14678
Doing image 869 --
Total Time Taken is: 3124.79174
Doing image 870 --
Total Time Taken is: 3128.42930
Doing image 871 --
Total Time Taken is: 3132.02179
Doing image 872 --
Total Time Taken is: 3135.56387
Doing image 873 --
Total Time Taken is: 3139.14823
Doing image 874 --
Total Time Taken is: 3142.79073
Doing image 875 --
Total Time Taken is: 3146.37228
Doing image 876 --
Total Time Taken is: 3150.01401
Doing image 877 --
Total Time Taken is: 3153.63955
Doing image 878 --
Total Time Taken is: 3157.19181
Doing image 879 --
Total Time Taken is: 3160.73895
Doing image 880 --
Total Time Taken is: 3164.34854
Doing image 881 --
Total Time Taken is: 3167.92328
Doing image 882 --
Total Time Taken is: 3171.55005
Doing image 883 --
Total Time Taken is: 3175.10429
Doing image 884 --
Total Time Taken is: 3178.69277
Doing image 885 --
Total Time Taken is: 3182.25894
Doing image 886 --
Total Time Taken is: 3185.83039
Doing image 887 --
Total Time Taken is: 3189.37270
Doing image 888 --
Total Time Taken is: 3193.13149
Doing image 889 --
Total Time Taken is: 3196.71949
Doing image 890 --
Total Time Taken is: 3200.27519
Doing image 891 --
Total Time Taken is: 3203.81871
Doing image 892 --
Total Time Taken is: 3207.41853
Doing image 893 --
Total Time Taken is: 3211.03972
Doing image 894 --
Total Time Taken is: 3214.65413
Doing image 895 --
Total Time Taken is: 3218.22857
Doing image 896 --
Total Time Taken is: 3221.88605
Doing image 897 --
Total Time Taken is: 3225.53103
Doing image 898 --
Total Time Taken is: 3229.14363
Doing image 899 --
Total Time Taken is: 3232.97326
Doing image 900 --
Total Time Taken is: 3236.79761
Doing image 901 --
Total Time Taken is: 3240.52366
Doing image 902 --
Total Time Taken is: 3244.15349
Doing image 903 --
Total Time Taken is: 3247.73519
Doing image 904 --
Total Time Taken is: 3251.36155
Doing image 905 --
Total Time Taken is: 3254.99741
Doing image 906 --
Total Time Taken is: 3258.58607
Doing image 907 --
Total Time Taken is: 3262.17507
Doing image 908 --
Total Time Taken is: 3265.74384
Doing image 909 --
Total Time Taken is: 3269.34264
Doing image 910 --
Total Time Taken is: 3272.89106
Doing image 911 --
Total Time Taken is: 3276.46909
Doing image 912 --
Total Time Taken is: 3280.03331
Doing image 913 --
Total Time Taken is: 3283.64067
Doing image 914 --
Total Time Taken is: 3287.25095
Doing image 915 --
Total Time Taken is: 3290.81222
Doing image 916 --
Total Time Taken is: 3294.42235
Doing image 917 --
Total Time Taken is: 3298.03046
Doing image 918 --
Total Time Taken is: 3301.67460
Doing image 919 --
Total Time Taken is: 3305.24171
Doing image 920 --
Total Time Taken is: 3308.85300
Doing image 921 --
Total Time Taken is: 3312.40574
Doing image 922 --
Total Time Taken is: 3316.02524
Doing image 923 --
Total Time Taken is: 3319.66934
Doing image 924 --
Total Time Taken is: 3323.31522
Doing image 925 --
Total Time Taken is: 3326.88860
Doing image 926 --
Total Time Taken is: 3330.45347
Doing image 927 --
Total Time Taken is: 3334.08881
Doing image 928 --
Total Time Taken is: 3337.73911
Doing image 929 --
Total Time Taken is: 3341.29846
Doing image 930 --
Total Time Taken is: 3344.85246
Doing image 931 --
Total Time Taken is: 3348.42798
Doing image 932 --
Total Time Taken is: 3352.04367
Doing image 933 --
Total Time Taken is: 3355.63351
Doing image 934 --
Total Time Taken is: 3359.19591
Doing image 935 --
Total Time Taken is: 3362.74753
Doing image 936 --
Total Time Taken is: 3366.31709
Doing image 937 --
Total Time Taken is: 3369.86567
Doing image 938 --
Total Time Taken is: 3373.42211
Doing image 939 --
Total Time Taken is: 3377.04016
Doing image 940 --
Total Time Taken is: 3380.71747
Doing image 941 --
Total Time Taken is: 3384.26543
Doing image 942 --
Total Time Taken is: 3387.85508
Doing image 943 --
Total Time Taken is: 3391.40829
Doing image 944 --
Total Time Taken is: 3394.95954
Doing image 945 --
Total Time Taken is: 3398.53309
Doing image 946 --
Total Time Taken is: 3402.14448
Doing image 947 --
Total Time Taken is: 3405.69952
Doing image 948 --
Total Time Taken is: 3409.26059
Doing image 949 --
Total Time Taken is: 3412.83660
Doing image 950 --
Total Time Taken is: 3416.40723


It took 3416.40723 ms to complete this task of converting 950 images....
It took 241277 ms to complete the script....
