Doing image 1 --
Total Time Taken is: 2.84018
Doing image 2 --
Total Time Taken is: 6.19810
Doing image 3 --
Total Time Taken is: 9.52495
Doing image 4 --
Total Time Taken is: 12.85784
Doing image 5 --
Total Time Taken is: 16.44852
Doing image 6 --
Total Time Taken is: 19.78656
Doing image 7 --
Total Time Taken is: 23.11153
Doing image 8 --
Total Time Taken is: 26.46372
Doing image 9 --
Total Time Taken is: 29.78614
Doing image 10 --
Total Time Taken is: 33.11585
Doing image 11 --
Total Time Taken is: 36.46320
Doing image 12 --
Total Time Taken is: 39.78399
Doing image 13 --
Total Time Taken is: 43.11189
Doing image 14 --
Total Time Taken is: 46.43203
Doing image 15 --
Total Time Taken is: 49.74549
Doing image 16 --
Total Time Taken is: 53.06620
Doing image 17 --
Total Time Taken is: 56.39216
Doing image 18 --
Total Time Taken is: 59.71292
Doing image 19 --
Total Time Taken is: 63.02577
Doing image 20 --
Total Time Taken is: 66.35721
Doing image 21 --
Total Time Taken is: 69.65950
Doing image 22 --
Total Time Taken is: 72.98820
Doing image 23 --
Total Time Taken is: 76.34423
Doing image 24 --
Total Time Taken is: 79.70537
Doing image 25 --
Total Time Taken is: 83.02413
Doing image 26 --
Total Time Taken is: 86.34768
Doing image 27 --
Total Time Taken is: 89.71437
Doing image 28 --
Total Time Taken is: 93.02341
Doing image 29 --
Total Time Taken is: 96.34884
Doing image 30 --
Total Time Taken is: 99.70160
Doing image 31 --
Total Time Taken is: 103.03847
Doing image 32 --
Total Time Taken is: 106.35210
Doing image 33 --
Total Time Taken is: 109.66219
Doing image 34 --
Total Time Taken is: 112.99956
Doing image 35 --
Total Time Taken is: 116.31405
Doing image 36 --
Total Time Taken is: 119.77332
Doing image 37 --
Total Time Taken is: 123.11865
Doing image 38 --
Total Time Taken is: 126.47436
Doing image 39 --
Total Time Taken is: 129.81141
Doing image 40 --
Total Time Taken is: 133.14740
Doing image 41 --
Total Time Taken is: 136.46208
Doing image 42 --
Total Time Taken is: 139.78071
Doing image 43 --
Total Time Taken is: 143.09860
Doing image 44 --
Total Time Taken is: 146.45321
Doing image 45 --
Total Time Taken is: 149.79129
Doing image 46 --
Total Time Taken is: 153.11840
Doing image 47 --
Total Time Taken is: 156.48487
Doing image 48 --
Total Time Taken is: 159.80692
Doing image 49 --
Total Time Taken is: 163.15579
Doing image 50 --
Total Time Taken is: 166.47747
Doing image 51 --
Total Time Taken is: 169.84162
Doing image 52 --
Total Time Taken is: 173.17408
Doing image 53 --
Total Time Taken is: 176.49298
Doing image 54 --
Total Time Taken is: 179.84661
Doing image 55 --
Total Time Taken is: 183.16497
Doing image 56 --
Total Time Taken is: 186.51717
Doing image 57 --
Total Time Taken is: 189.83577
Doing image 58 --
Total Time Taken is: 193.15664
Doing image 59 --
Total Time Taken is: 196.47707
Doing image 60 --
Total Time Taken is: 199.88175
Doing image 61 --
Total Time Taken is: 203.21940
Doing image 62 --
Total Time Taken is: 206.53776
Doing image 63 --
Total Time Taken is: 209.88019
Doing image 64 --
Total Time Taken is: 213.19718
Doing image 65 --
Total Time Taken is: 216.56254
Doing image 66 --
Total Time Taken is: 219.91502
Doing image 67 --
Total Time Taken is: 223.25786
Doing image 68 --
Total Time Taken is: 226.58797
Doing image 69 --
Total Time Taken is: 229.89887
Doing image 70 --
Total Time Taken is: 233.20334
Doing image 71 --
Total Time Taken is: 236.50940
Doing image 72 --
Total Time Taken is: 239.81960
Doing image 73 --
Total Time Taken is: 243.15615
Doing image 74 --
Total Time Taken is: 246.47051
Doing image 75 --
Total Time Taken is: 249.79421
Doing image 76 --
Total Time Taken is: 253.12118
Doing image 77 --
Total Time Taken is: 256.43876
Doing image 78 --
Total Time Taken is: 259.80127
Doing image 79 --
Total Time Taken is: 263.14541
Doing image 80 --
Total Time Taken is: 266.47153
Doing image 81 --
Total Time Taken is: 269.81092
Doing image 82 --
Total Time Taken is: 273.15864
Doing image 83 --
Total Time Taken is: 276.48972
Doing image 84 --
Total Time Taken is: 279.82448
Doing image 85 --
Total Time Taken is: 283.14729
Doing image 86 --
Total Time Taken is: 286.48346
Doing image 87 --
Total Time Taken is: 289.80828
Doing image 88 --
Total Time Taken is: 293.13004
Doing image 89 --
Total Time Taken is: 296.48950
Doing image 90 --
Total Time Taken is: 299.80828
Doing image 91 --
Total Time Taken is: 303.12830
Doing image 92 --
Total Time Taken is: 306.47523
Doing image 93 --
Total Time Taken is: 309.79374
Doing image 94 --
Total Time Taken is: 313.09789
Doing image 95 --
Total Time Taken is: 316.47825
Doing image 96 --
Total Time Taken is: 319.82334
Doing image 97 --
Total Time Taken is: 323.12392
Doing image 98 --
Total Time Taken is: 326.46552
Doing image 99 --
Total Time Taken is: 329.81463
Doing image 100 --
Total Time Taken is: 333.14983
Doing image 101 --
Total Time Taken is: 336.50299
Doing image 102 --
Total Time Taken is: 339.81867
Doing image 103 --
Total Time Taken is: 343.13711
Doing image 104 --
Total Time Taken is: 346.48168
Doing image 105 --
Total Time Taken is: 349.79017
Doing image 106 --
Total Time Taken is: 353.11661
Doing image 107 --
Total Time Taken is: 356.44548
Doing image 108 --
Total Time Taken is: 359.77081
Doing image 109 --
Total Time Taken is: 363.10514
Doing image 110 --
Total Time Taken is: 366.43066
Doing image 111 --
Total Time Taken is: 369.79005
Doing image 112 --
Total Time Taken is: 373.11678
Doing image 113 --
Total Time Taken is: 376.43402
Doing image 114 --
Total Time Taken is: 379.76846
Doing image 115 --
Total Time Taken is: 383.09761
Doing image 116 --
Total Time Taken is: 386.43756
Doing image 117 --
Total Time Taken is: 389.78042
Doing image 118 --
Total Time Taken is: 393.12492
Doing image 119 --
Total Time Taken is: 396.44197
Doing image 120 --
Total Time Taken is: 399.77715
Doing image 121 --
Total Time Taken is: 403.08734
Doing image 122 --
Total Time Taken is: 406.48911
Doing image 123 --
Total Time Taken is: 409.82161
Doing image 124 --
Total Time Taken is: 413.17311
Doing image 125 --
Total Time Taken is: 416.48782
Doing image 126 --
Total Time Taken is: 419.81845
Doing image 127 --
Total Time Taken is: 423.15327
Doing image 128 --
Total Time Taken is: 426.46690
Doing image 129 --
Total Time Taken is: 429.79013
Doing image 130 --
Total Time Taken is: 433.15352
Doing image 131 --
Total Time Taken is: 436.50430
Doing image 132 --
Total Time Taken is: 439.84742
Doing image 133 --
Total Time Taken is: 443.17374
Doing image 134 --
Total Time Taken is: 446.49440
Doing image 135 --
Total Time Taken is: 449.82632
Doing image 136 --
Total Time Taken is: 453.17240
Doing image 137 --
Total Time Taken is: 456.73529
Doing image 138 --
Total Time Taken is: 460.04959
Doing image 139 --
Total Time Taken is: 463.40654
Doing image 140 --
Total Time Taken is: 466.72986
Doing image 141 --
Total Time Taken is: 470.08083
Doing image 142 --
Total Time Taken is: 473.42949
Doing image 143 --
Total Time Taken is: 476.75480
Doing image 144 --
Total Time Taken is: 480.07368
Doing image 145 --
Total Time Taken is: 483.39722
Doing image 146 --
Total Time Taken is: 486.74506
Doing image 147 --
Total Time Taken is: 490.09084
Doing image 148 --
Total Time Taken is: 493.42705
Doing image 149 --
Total Time Taken is: 496.78653
Doing image 150 --
Total Time Taken is: 500.13735
Doing image 151 --
Total Time Taken is: 503.46165
Doing image 152 --
Total Time Taken is: 506.81519
Doing image 153 --
Total Time Taken is: 510.13475
Doing image 154 --
Total Time Taken is: 513.47050
Doing image 155 --
Total Time Taken is: 516.80574
Doing image 156 --
Total Time Taken is: 520.11342
Doing image 157 --
Total Time Taken is: 523.43087
Doing image 158 --
Total Time Taken is: 526.74439
Doing image 159 --
Total Time Taken is: 530.07474
Doing image 160 --
Total Time Taken is: 533.43829
Doing image 161 --
Total Time Taken is: 536.74533
Doing image 162 --
Total Time Taken is: 540.05562
Doing image 163 --
Total Time Taken is: 543.39771
Doing image 164 --
Total Time Taken is: 546.70801
Doing image 165 --
Total Time Taken is: 550.04330
Doing image 166 --
Total Time Taken is: 553.37946
Doing image 167 --
Total Time Taken is: 556.69322
Doing image 168 --
Total Time Taken is: 560.01727
Doing image 169 --
Total Time Taken is: 563.37203
Doing image 170 --
Total Time Taken is: 566.73487
Doing image 171 --
Total Time Taken is: 570.08092
Doing image 172 --
Total Time Taken is: 573.44276
Doing image 173 --
Total Time Taken is: 576.80165
Doing image 174 --
Total Time Taken is: 580.12919
Doing image 175 --
Total Time Taken is: 583.48465
Doing image 176 --
Total Time Taken is: 586.83297
Doing image 177 --
Total Time Taken is: 590.15786
Doing image 178 --
Total Time Taken is: 593.48921
Doing image 179 --
Total Time Taken is: 596.85858
Doing image 180 --
Total Time Taken is: 600.18999
Doing image 181 --
Total Time Taken is: 603.51434
Doing image 182 --
Total Time Taken is: 606.82916
Doing image 183 --
Total Time Taken is: 610.14844
Doing image 184 --
Total Time Taken is: 613.46823
Doing image 185 --
Total Time Taken is: 616.79057
Doing image 186 --
Total Time Taken is: 620.29025
Doing image 187 --
Total Time Taken is: 623.62212
Doing image 188 --
Total Time Taken is: 626.95170
Doing image 189 --
Total Time Taken is: 630.29961
Doing image 190 --
Total Time Taken is: 633.62911
Doing image 191 --
Total Time Taken is: 636.96350
Doing image 192 --
Total Time Taken is: 640.32156
Doing image 193 --
Total Time Taken is: 643.66249
Doing image 194 --
Total Time Taken is: 647.00314
Doing image 195 --
Total Time Taken is: 650.36305
Doing image 196 --
Total Time Taken is: 653.71694
Doing image 197 --
Total Time Taken is: 657.10041
Doing image 198 --
Total Time Taken is: 660.45152
Doing image 199 --
Total Time Taken is: 663.78556
Doing image 200 --
Total Time Taken is: 667.12614
Doing image 201 --
Total Time Taken is: 670.46756
Doing image 202 --
Total Time Taken is: 673.82577
Doing image 203 --
Total Time Taken is: 677.18478
Doing image 204 --
Total Time Taken is: 680.51081
Doing image 205 --
Total Time Taken is: 683.83344
Doing image 206 --
Total Time Taken is: 687.20725
Doing image 207 --
Total Time Taken is: 690.51697
Doing image 208 --
Total Time Taken is: 693.83306
Doing image 209 --
Total Time Taken is: 697.19390
Doing image 210 --
Total Time Taken is: 700.51645
Doing image 211 --
Total Time Taken is: 703.83950
Doing image 212 --
Total Time Taken is: 707.21433
Doing image 213 --
Total Time Taken is: 710.56569
Doing image 214 --
Total Time Taken is: 713.89018
Doing image 215 --
Total Time Taken is: 717.22949
Doing image 216 --
Total Time Taken is: 720.59992
Doing image 217 --
Total Time Taken is: 723.92578
Doing image 218 --
Total Time Taken is: 727.26128
Doing image 219 --
Total Time Taken is: 730.59791
Doing image 220 --
Total Time Taken is: 733.93987
Doing image 221 --
Total Time Taken is: 737.25390
Doing image 222 --
Total Time Taken is: 740.58622
Doing image 223 --
Total Time Taken is: 743.90157
Doing image 224 --
Total Time Taken is: 747.22640
Doing image 225 --
Total Time Taken is: 750.55142
Doing image 226 --
Total Time Taken is: 753.88816
Doing image 227 --
Total Time Taken is: 757.20259
Doing image 228 --
Total Time Taken is: 760.52202
Doing image 229 --
Total Time Taken is: 763.85545
Doing image 230 --
Total Time Taken is: 767.23293
Doing image 231 --
Total Time Taken is: 770.61247
Doing image 232 --
Total Time Taken is: 773.92875
Doing image 233 --
Total Time Taken is: 777.27605
Doing image 234 --
Total Time Taken is: 780.60952
Doing image 235 --
Total Time Taken is: 783.96627
Doing image 236 --
Total Time Taken is: 787.31928
Doing image 237 --
Total Time Taken is: 790.68825
Doing image 238 --
Total Time Taken is: 794.00095
Doing image 239 --
Total Time Taken is: 797.31718
Doing image 240 --
Total Time Taken is: 800.63806
Doing image 241 --
Total Time Taken is: 803.95623
Doing image 242 --
Total Time Taken is: 807.27593
Doing image 243 --
Total Time Taken is: 810.60105
Doing image 244 --
Total Time Taken is: 813.90951
Doing image 245 --
Total Time Taken is: 817.23068
Doing image 246 --
Total Time Taken is: 820.55773
Doing image 247 --
Total Time Taken is: 823.87464
Doing image 248 --
Total Time Taken is: 827.18230
Doing image 249 --
Total Time Taken is: 830.50137
Doing image 250 --
Total Time Taken is: 833.82880
Doing image 251 --
Total Time Taken is: 837.14824
Doing image 252 --
Total Time Taken is: 840.47344
Doing image 253 --
Total Time Taken is: 843.79384
Doing image 254 --
Total Time Taken is: 847.29856
Doing image 255 --
Total Time Taken is: 850.82030
Doing image 256 --
Total Time Taken is: 854.13508
Doing image 257 --
Total Time Taken is: 857.45713
Doing image 258 --
Total Time Taken is: 860.78599
Doing image 259 --
Total Time Taken is: 864.09841
Doing image 260 --
Total Time Taken is: 867.40904
Doing image 261 --
Total Time Taken is: 870.71870
Doing image 262 --
Total Time Taken is: 874.04233
Doing image 263 --
Total Time Taken is: 877.34839
Doing image 264 --
Total Time Taken is: 880.66347
Doing image 265 --
Total Time Taken is: 883.98683
Doing image 266 --
Total Time Taken is: 887.39743
Doing image 267 --
Total Time Taken is: 890.72220
Doing image 268 --
Total Time Taken is: 894.03713
Doing image 269 --
Total Time Taken is: 897.36051
Doing image 270 --
Total Time Taken is: 900.68772
Doing image 271 --
Total Time Taken is: 904.00200
Doing image 272 --
Total Time Taken is: 907.30791
Doing image 273 --
Total Time Taken is: 910.62861
Doing image 274 --
Total Time Taken is: 913.94698
Doing image 275 --
Total Time Taken is: 917.26601
Doing image 276 --
Total Time Taken is: 920.58388
Doing image 277 --
Total Time Taken is: 923.89020
Doing image 278 --
Total Time Taken is: 927.26212
Doing image 279 --
Total Time Taken is: 930.57342
Doing image 280 --
Total Time Taken is: 933.88984
Doing image 281 --
Total Time Taken is: 937.20213
Doing image 282 --
Total Time Taken is: 940.51182
Doing image 283 --
Total Time Taken is: 943.82724
Doing image 284 --
Total Time Taken is: 947.13697
Doing image 285 --
Total Time Taken is: 950.45950
Doing image 286 --
Total Time Taken is: 953.77474
Doing image 287 --
Total Time Taken is: 957.26955
Doing image 288 --
Total Time Taken is: 960.58275
Doing image 289 --
Total Time Taken is: 963.90651
Doing image 290 --
Total Time Taken is: 967.23078
Doing image 291 --
Total Time Taken is: 970.56672
Doing image 292 --
Total Time Taken is: 973.90912
Doing image 293 --
Total Time Taken is: 977.21941
Doing image 294 --
Total Time Taken is: 980.53741
Doing image 295 --
Total Time Taken is: 983.85832
Doing image 296 --
Total Time Taken is: 987.24051
Doing image 297 --
Total Time Taken is: 990.55969
Doing image 298 --
Total Time Taken is: 993.87490
Doing image 299 --
Total Time Taken is: 997.19072
Doing image 300 --
Total Time Taken is: 1000.52638
Doing image 301 --
Total Time Taken is: 1003.85271
Doing image 302 --
Total Time Taken is: 1007.16933
Doing image 303 --
Total Time Taken is: 1010.49323
Doing image 304 --
Total Time Taken is: 1013.80010
Doing image 305 --
Total Time Taken is: 1017.13355
Doing image 306 --
Total Time Taken is: 1020.44216
Doing image 307 --
Total Time Taken is: 1023.76718
Doing image 308 --
Total Time Taken is: 1027.09171
Doing image 309 --
Total Time Taken is: 1030.40390
Doing image 310 --
Total Time Taken is: 1033.71213
Doing image 311 --
Total Time Taken is: 1037.02649
Doing image 312 --
Total Time Taken is: 1040.34278
Doing image 313 --
Total Time Taken is: 1043.67727
Doing image 314 --
Total Time Taken is: 1046.99747
Doing image 315 --
Total Time Taken is: 1050.32405
Doing image 316 --
Total Time Taken is: 1053.63509
Doing image 317 --
Total Time Taken is: 1056.98047
Doing image 318 --
Total Time Taken is: 1060.29565
Doing image 319 --
Total Time Taken is: 1063.61023
Doing image 320 --
Total Time Taken is: 1066.93315
Doing image 321 --
Total Time Taken is: 1070.27411
Doing image 322 --
Total Time Taken is: 1073.59929
Doing image 323 --
Total Time Taken is: 1076.91985
Doing image 324 --
Total Time Taken is: 1080.23414
Doing image 325 --
Total Time Taken is: 1083.58326
Doing image 326 --
Total Time Taken is: 1086.93875
Doing image 327 --
Total Time Taken is: 1090.25333
Doing image 328 --
Total Time Taken is: 1093.57075
Doing image 329 --
Total Time Taken is: 1096.90067
Doing image 330 --
Total Time Taken is: 1100.23566
Doing image 331 --
Total Time Taken is: 1103.57142
Doing image 332 --
Total Time Taken is: 1106.90091
Doing image 333 --
Total Time Taken is: 1110.34347
Doing image 334 --
Total Time Taken is: 1113.68891
Doing image 335 --
Total Time Taken is: 1117.00208
Doing image 336 --
Total Time Taken is: 1120.32725
Doing image 337 --
Total Time Taken is: 1123.66180
Doing image 338 --
Total Time Taken is: 1126.99311
Doing image 339 --
Total Time Taken is: 1130.34220
Doing image 340 --
Total Time Taken is: 1133.69669
Doing image 341 --
Total Time Taken is: 1137.01952
Doing image 342 --
Total Time Taken is: 1140.37436
Doing image 343 --
Total Time Taken is: 1143.69335
Doing image 344 --
Total Time Taken is: 1147.03719
Doing image 345 --
Total Time Taken is: 1150.38637
Doing image 346 --
Total Time Taken is: 1153.73058
Doing image 347 --
Total Time Taken is: 1157.08231
Doing image 348 --
Total Time Taken is: 1160.40891
Doing image 349 --
Total Time Taken is: 1163.77008
Doing image 350 --
Total Time Taken is: 1167.10324
Doing image 351 --
Total Time Taken is: 1170.44367
Doing image 352 --
Total Time Taken is: 1173.79604
Doing image 353 --
Total Time Taken is: 1177.10534
Doing image 354 --
Total Time Taken is: 1180.41965
Doing image 355 --
Total Time Taken is: 1183.73004
Doing image 356 --
Total Time Taken is: 1187.09550
Doing image 357 --
Total Time Taken is: 1190.40756
Doing image 358 --
Total Time Taken is: 1193.79200
Doing image 359 --
Total Time Taken is: 1197.13052
Doing image 360 --
Total Time Taken is: 1200.45834
Doing image 361 --
Total Time Taken is: 1203.80553
Doing image 362 --
Total Time Taken is: 1207.14696
Doing image 363 --
Total Time Taken is: 1210.50319
Doing image 364 --
Total Time Taken is: 1213.86538
Doing image 365 --
Total Time Taken is: 1217.20064
Doing image 366 --
Total Time Taken is: 1220.67219
Doing image 367 --
Total Time Taken is: 1224.01625
Doing image 368 --
Total Time Taken is: 1227.46251
Doing image 369 --
Total Time Taken is: 1230.81791
Doing image 370 --
Total Time Taken is: 1234.16287
Doing image 371 --
Total Time Taken is: 1237.48617
Doing image 372 --
Total Time Taken is: 1240.85025
Doing image 373 --
Total Time Taken is: 1244.16391
Doing image 374 --
Total Time Taken is: 1247.52295
Doing image 375 --
Total Time Taken is: 1250.84104
Doing image 376 --
Total Time Taken is: 1254.16947
Doing image 377 --
Total Time Taken is: 1257.49785
Doing image 378 --
Total Time Taken is: 1260.81547
Doing image 379 --
Total Time Taken is: 1264.14239
Doing image 380 --
Total Time Taken is: 1267.48470
Doing image 381 --
Total Time Taken is: 1270.82339
Doing image 382 --
Total Time Taken is: 1274.13993
Doing image 383 --
Total Time Taken is: 1277.46710
Doing image 384 --
Total Time Taken is: 1280.78811
Doing image 385 --
Total Time Taken is: 1284.12963
Doing image 386 --
Total Time Taken is: 1287.44298
Doing image 387 --
Total Time Taken is: 1290.77486
Doing image 388 --
Total Time Taken is: 1294.20300
Doing image 389 --
Total Time Taken is: 1297.53562
Doing image 390 --
Total Time Taken is: 1300.86569
Doing image 391 --
Total Time Taken is: 1304.20796
Doing image 392 --
Total Time Taken is: 1307.53371
Doing image 393 --
Total Time Taken is: 1310.85740
Doing image 394 --
Total Time Taken is: 1313.30031
Doing image 395 --
Total Time Taken is: 1316.61671
Doing image 396 --
Total Time Taken is: 1319.97729
Doing image 397 --
Total Time Taken is: 1323.30017
Doing image 398 --
Total Time Taken is: 1326.62744
Doing image 399 --
Total Time Taken is: 1329.94161
Doing image 400 --
Total Time Taken is: 1333.26198
Doing image 401 --
Total Time Taken is: 1336.59096
Doing image 402 --
Total Time Taken is: 1339.94872
Doing image 403 --
Total Time Taken is: 1343.27209
Doing image 404 --
Total Time Taken is: 1346.58431
Doing image 405 --
Total Time Taken is: 1349.91820
Doing image 406 --
Total Time Taken is: 1353.23692
Doing image 407 --
Total Time Taken is: 1356.55624
Doing image 408 --
Total Time Taken is: 1359.87480
Doing image 409 --
Total Time Taken is: 1363.18246
Doing image 410 --
Total Time Taken is: 1366.53072
Doing image 411 --
Total Time Taken is: 1369.88255
Doing image 412 --
Total Time Taken is: 1373.22492
Doing image 413 --
Total Time Taken is: 1376.55708
Doing image 414 --
Total Time Taken is: 1379.87304
Doing image 415 --
Total Time Taken is: 1383.19322
Doing image 416 --
Total Time Taken is: 1386.53940
Doing image 417 --
Total Time Taken is: 1389.87224
Doing image 418 --
Total Time Taken is: 1393.22153
Doing image 419 --
Total Time Taken is: 1396.57078
Doing image 420 --
Total Time Taken is: 1399.89859
Doing image 421 --
Total Time Taken is: 1403.22017
Doing image 422 --
Total Time Taken is: 1406.56264
Doing image 423 --
Total Time Taken is: 1409.88387
Doing image 424 --
Total Time Taken is: 1413.22305
Doing image 425 --
Total Time Taken is: 1416.55446
Doing image 426 --
Total Time Taken is: 1419.89972
Doing image 427 --
Total Time Taken is: 1423.23173
Doing image 428 --
Total Time Taken is: 1426.58129
Doing image 429 --
Total Time Taken is: 1429.89540
Doing image 430 --
Total Time Taken is: 1433.20466
Doing image 431 --
Total Time Taken is: 1436.51992
Doing image 432 --
Total Time Taken is: 1439.85169
Doing image 433 --
Total Time Taken is: 1443.17413
Doing image 434 --
Total Time Taken is: 1446.50309
Doing image 435 --
Total Time Taken is: 1449.85538
Doing image 436 --
Total Time Taken is: 1453.22123
Doing image 437 --
Total Time Taken is: 1456.56076
Doing image 438 --
Total Time Taken is: 1459.87493
Doing image 439 --
Total Time Taken is: 1463.22024
Doing image 440 --
Total Time Taken is: 1466.53800
Doing image 441 --
Total Time Taken is: 1469.86764
Doing image 442 --
Total Time Taken is: 1473.19873
Doing image 443 --
Total Time Taken is: 1476.52566
Doing image 444 --
Total Time Taken is: 1479.86628
Doing image 445 --
Total Time Taken is: 1483.20961
Doing image 446 --
Total Time Taken is: 1486.53709
Doing image 447 --
Total Time Taken is: 1489.85267
Doing image 448 --
Total Time Taken is: 1493.20187
Doing image 449 --
Total Time Taken is: 1496.51975
Doing image 450 --
Total Time Taken is: 1499.84987
Doing image 451 --
Total Time Taken is: 1503.20431
Doing image 452 --
Total Time Taken is: 1506.52766
Doing image 453 --
Total Time Taken is: 1509.86553
Doing image 454 --
Total Time Taken is: 1513.22889
Doing image 455 --
Total Time Taken is: 1516.55936
Doing image 456 --
Total Time Taken is: 1519.88979
Doing image 457 --
Total Time Taken is: 1523.22743
Doing image 458 --
Total Time Taken is: 1526.57022
Doing image 459 --
Total Time Taken is: 1529.94630
Doing image 460 --
Total Time Taken is: 1533.28010
Doing image 461 --
Total Time Taken is: 1537.87326
Doing image 462 --
Total Time Taken is: 1541.19083
Doing image 463 --
Total Time Taken is: 1544.52532
Doing image 464 --
Total Time Taken is: 1547.84124
Doing image 465 --
Total Time Taken is: 1551.15894
Doing image 466 --
Total Time Taken is: 1553.61606
Doing image 467 --
Total Time Taken is: 1556.93752
Doing image 468 --
Total Time Taken is: 1560.25361
Doing image 469 --
Total Time Taken is: 1563.55958
Doing image 470 --
Total Time Taken is: 1566.88149
Doing image 471 --
Total Time Taken is: 1570.22141
Doing image 472 --
Total Time Taken is: 1573.54522
Doing image 473 --
Total Time Taken is: 1576.87710
Doing image 474 --
Total Time Taken is: 1580.22250
Doing image 475 --
Total Time Taken is: 1583.53696
Doing image 476 --
Total Time Taken is: 1586.87834
Doing image 477 --
Total Time Taken is: 1590.22203
Doing image 478 --
Total Time Taken is: 1593.55544
Doing image 479 --
Total Time Taken is: 1596.85897
Doing image 480 --
Total Time Taken is: 1600.24302
Doing image 481 --
Total Time Taken is: 1602.69984
Doing image 482 --
Total Time Taken is: 1606.05901
Doing image 483 --
Total Time Taken is: 1609.38148
Doing image 484 --
Total Time Taken is: 1612.70399
Doing image 485 --
Total Time Taken is: 1616.05521
Doing image 486 --
Total Time Taken is: 1619.48549
Doing image 487 --
Total Time Taken is: 1622.81019
Doing image 488 --
Total Time Taken is: 1626.13115
Doing image 489 --
Total Time Taken is: 1629.45441
Doing image 490 --
Total Time Taken is: 1632.76802
Doing image 491 --
Total Time Taken is: 1636.08615
Doing image 492 --
Total Time Taken is: 1639.43249
Doing image 493 --
Total Time Taken is: 1642.74210
Doing image 494 --
Total Time Taken is: 1646.06083
Doing image 495 --
Total Time Taken is: 1649.39001
Doing image 496 --
Total Time Taken is: 1652.72299
Doing image 497 --
Total Time Taken is: 1656.05178
Doing image 498 --
Total Time Taken is: 1659.41451
Doing image 499 --
Total Time Taken is: 1662.76350
Doing image 500 --
Total Time Taken is: 1666.10651
Doing image 501 --
Total Time Taken is: 1669.43307
Doing image 502 --
Total Time Taken is: 1672.78730
Doing image 503 --
Total Time Taken is: 1676.10095
Doing image 504 --
Total Time Taken is: 1680.78928
Doing image 505 --
Total Time Taken is: 1684.21547
Doing image 506 --
Total Time Taken is: 1687.89920
Doing image 507 --
Total Time Taken is: 1691.22252
Doing image 508 --
Total Time Taken is: 1694.53968
Doing image 509 --
Total Time Taken is: 1697.84911
Doing image 510 --
Total Time Taken is: 1701.19230
Doing image 511 --
Total Time Taken is: 1704.51405
Doing image 512 --
Total Time Taken is: 1707.85916
Doing image 513 --
Total Time Taken is: 1711.18762
Doing image 514 --
Total Time Taken is: 1714.52870
Doing image 515 --
Total Time Taken is: 1717.88814
Doing image 516 --
Total Time Taken is: 1721.21433
Doing image 517 --
Total Time Taken is: 1724.58623
Doing image 518 --
Total Time Taken is: 1727.92455
Doing image 519 --
Total Time Taken is: 1731.24399
Doing image 520 --
Total Time Taken is: 1734.74498
Doing image 521 --
Total Time Taken is: 1738.06423
Doing image 522 --
Total Time Taken is: 1741.39702
Doing image 523 --
Total Time Taken is: 1744.74019
Doing image 524 --
Total Time Taken is: 1748.06424
Doing image 525 --
Total Time Taken is: 1751.39321
Doing image 526 --
Total Time Taken is: 1753.83679
Doing image 527 --
Total Time Taken is: 1757.23662
Doing image 528 --
Total Time Taken is: 1760.57357
Doing image 529 --
Total Time Taken is: 1763.89112
Doing image 530 --
Total Time Taken is: 1767.36387
Doing image 531 --
Total Time Taken is: 1770.69599
Doing image 532 --
Total Time Taken is: 1774.02378
Doing image 533 --
Total Time Taken is: 1777.34425
Doing image 534 --
Total Time Taken is: 1780.66175
Doing image 535 --
Total Time Taken is: 1783.97841
Doing image 536 --
Total Time Taken is: 1787.32872
Doing image 537 --
Total Time Taken is: 1790.70295
Doing image 538 --
Total Time Taken is: 1794.06283
Doing image 539 --
Total Time Taken is: 1797.50143
Doing image 540 --
Total Time Taken is: 1800.83116
Doing image 541 --
Total Time Taken is: 1804.15812
Doing image 542 --
Total Time Taken is: 1807.48074
Doing image 543 --
Total Time Taken is: 1810.81345
Doing image 544 --
Total Time Taken is: 1814.16049
Doing image 545 --
Total Time Taken is: 1817.49645
Doing image 546 --
Total Time Taken is: 1820.81162
Doing image 547 --
Total Time Taken is: 1824.12817
Doing image 548 --
Total Time Taken is: 1827.48181
Doing image 549 --
Total Time Taken is: 1830.80724
Doing image 550 --
Total Time Taken is: 1834.12311
Doing image 551 --
Total Time Taken is: 1837.48015
Doing image 552 --
Total Time Taken is: 1840.84435
Doing image 553 --
Total Time Taken is: 1844.19686
Doing image 554 --
Total Time Taken is: 1847.51253
Doing image 555 --
Total Time Taken is: 1850.83392
Doing image 556 --
Total Time Taken is: 1854.15737
Doing image 557 --
Total Time Taken is: 1857.47880
Doing image 558 --
Total Time Taken is: 1861.68840
Doing image 559 --
Total Time Taken is: 1865.01001
Doing image 560 --
Total Time Taken is: 1868.35031
Doing image 561 --
Total Time Taken is: 1871.67189
Doing image 562 --
Total Time Taken is: 1875.00954
Doing image 563 --
Total Time Taken is: 1878.36209
Doing image 564 --
Total Time Taken is: 1881.71652
Doing image 565 --
Total Time Taken is: 1885.03358
Doing image 566 --
Total Time Taken is: 1888.36291
Doing image 567 --
Total Time Taken is: 1891.70606
Doing image 568 --
Total Time Taken is: 1895.04229
Doing image 569 --
Total Time Taken is: 1898.35648
Doing image 570 --
Total Time Taken is: 1901.68716
Doing image 571 --
Total Time Taken is: 1905.01740
Doing image 572 --
Total Time Taken is: 1908.34151
Doing image 573 --
Total Time Taken is: 1911.69477
Doing image 574 --
Total Time Taken is: 1915.06387
Doing image 575 --
Total Time Taken is: 1918.82689
Doing image 576 --
Total Time Taken is: 1922.13878
Doing image 577 --
Total Time Taken is: 1925.47132
Doing image 578 --
Total Time Taken is: 1928.80343
Doing image 579 --
Total Time Taken is: 1932.12478
Doing image 580 --
Total Time Taken is: 1935.43436
Doing image 581 --
Total Time Taken is: 1938.77487
Doing image 582 --
Total Time Taken is: 1942.09792
Doing image 583 --
Total Time Taken is: 1945.43041
Doing image 584 --
Total Time Taken is: 1948.74524
Doing image 585 --
Total Time Taken is: 1952.09353
Doing image 586 --
Total Time Taken is: 1955.42183
Doing image 587 --
Total Time Taken is: 1958.74878
Doing image 588 --
Total Time Taken is: 1962.15417
Doing image 589 --
Total Time Taken is: 1965.47229
Doing image 590 --
Total Time Taken is: 1968.78501
Doing image 591 --
Total Time Taken is: 1972.12671
Doing image 592 --
Total Time Taken is: 1975.44790
Doing image 593 --
Total Time Taken is: 1978.75372
Doing image 594 --
Total Time Taken is: 1982.10250
Doing image 595 --
Total Time Taken is: 1985.44193
Doing image 596 --
Total Time Taken is: 1988.78852
Doing image 597 --
Total Time Taken is: 1992.13978
Doing image 598 --
Total Time Taken is: 1995.46268
Doing image 599 --
Total Time Taken is: 1998.81487
Doing image 600 --
Total Time Taken is: 2002.14690
Doing image 601 --
Total Time Taken is: 2005.50428
Doing image 602 --
Total Time Taken is: 2008.90947
Doing image 603 --
Total Time Taken is: 2012.23838
Doing image 604 --
Total Time Taken is: 2015.55156
Doing image 605 --
Total Time Taken is: 2018.90200
Doing image 606 --
Total Time Taken is: 2022.26384
Doing image 607 --
Total Time Taken is: 2025.59194
Doing image 608 --
Total Time Taken is: 2028.91468
Doing image 609 --
Total Time Taken is: 2032.22534
Doing image 610 --
Total Time Taken is: 2035.53110
Doing image 611 --
Total Time Taken is: 2038.84094
Doing image 612 --
Total Time Taken is: 2042.15752
Doing image 613 --
Total Time Taken is: 2045.50172
Doing image 614 --
Total Time Taken is: 2048.84844
Doing image 615 --
Total Time Taken is: 2052.16055
Doing image 616 --
Total Time Taken is: 2055.47715
Doing image 617 --
Total Time Taken is: 2058.84172
Doing image 618 --
Total Time Taken is: 2063.13249
Doing image 619 --
Total Time Taken is: 2066.46233
Doing image 620 --
Total Time Taken is: 2069.77750
Doing image 621 --
Total Time Taken is: 2073.10354
Doing image 622 --
Total Time Taken is: 2076.48745
Doing image 623 --
Total Time Taken is: 2079.79875
Doing image 624 --
Total Time Taken is: 2083.14477
Doing image 625 --
Total Time Taken is: 2086.47128
Doing image 626 --
Total Time Taken is: 2089.79057
Doing image 627 --
Total Time Taken is: 2093.18300
Doing image 628 --
Total Time Taken is: 2096.58591
Doing image 629 --
Total Time Taken is: 2099.92730
Doing image 630 --
Total Time Taken is: 2103.27693
Doing image 631 --
Total Time Taken is: 2106.62881
Doing image 632 --
Total Time Taken is: 2110.17786
Doing image 633 --
Total Time Taken is: 2113.70072
Doing image 634 --
Total Time Taken is: 2117.05509
Doing image 635 --
Total Time Taken is: 2120.38210
Doing image 636 --
Total Time Taken is: 2123.70684
Doing image 637 --
Total Time Taken is: 2127.03020
Doing image 638 --
Total Time Taken is: 2130.38281
Doing image 639 --
Total Time Taken is: 2133.72878
Doing image 640 --
Total Time Taken is: 2137.06717
Doing image 641 --
Total Time Taken is: 2140.38795
Doing image 642 --
Total Time Taken is: 2143.72104
Doing image 643 --
Total Time Taken is: 2147.07291
Doing image 644 --
Total Time Taken is: 2150.41025
Doing image 645 --
Total Time Taken is: 2153.74274
Doing image 646 --
Total Time Taken is: 2157.05484
Doing image 647 --
Total Time Taken is: 2160.39312
Doing image 648 --
Total Time Taken is: 2163.71174
Doing image 649 --
Total Time Taken is: 2167.04940
Doing image 650 --
Total Time Taken is: 2170.36846
Doing image 651 --
Total Time Taken is: 2173.67444
Doing image 652 --
Total Time Taken is: 2177.02384
Doing image 653 --
Total Time Taken is: 2180.38581
Doing image 654 --
Total Time Taken is: 2183.74019
Doing image 655 --
Total Time Taken is: 2187.08850
Doing image 656 --
Total Time Taken is: 2190.43225
Doing image 657 --
Total Time Taken is: 2193.76292
Doing image 658 --
Total Time Taken is: 2197.08950
Doing image 659 --
Total Time Taken is: 2200.42528
Doing image 660 --
Total Time Taken is: 2203.91501
Doing image 661 --
Total Time Taken is: 2207.25167
Doing image 662 --
Total Time Taken is: 2210.62833
Doing image 663 --
Total Time Taken is: 2213.95847
Doing image 664 --
Total Time Taken is: 2217.40135
Doing image 665 --
Total Time Taken is: 2220.74287
Doing image 666 --
Total Time Taken is: 2224.07706
Doing image 667 --
Total Time Taken is: 2227.41750
Doing image 668 --
Total Time Taken is: 2230.78029
Doing image 669 --
Total Time Taken is: 2234.12547
Doing image 670 --
Total Time Taken is: 2237.44625
Doing image 671 --
Total Time Taken is: 2240.76964
Doing image 672 --
Total Time Taken is: 2244.10150
Doing image 673 --
Total Time Taken is: 2247.43317
Doing image 674 --
Total Time Taken is: 2250.77891
Doing image 675 --
Total Time Taken is: 2254.10736
Doing image 676 --
Total Time Taken is: 2257.42753
Doing image 677 --
Total Time Taken is: 2260.74925
Doing image 678 --
Total Time Taken is: 2264.07890
Doing image 679 --
Total Time Taken is: 2267.39254
Doing image 680 --
Total Time Taken is: 2270.70819
Doing image 681 --
Total Time Taken is: 2274.04223
Doing image 682 --
Total Time Taken is: 2277.39631
Doing image 683 --
Total Time Taken is: 2280.76606
Doing image 684 --
Total Time Taken is: 2284.10983
Doing image 685 --
Total Time Taken is: 2287.45893
Doing image 686 --
Total Time Taken is: 2290.77969
Doing image 687 --
Total Time Taken is: 2294.11802
Doing image 688 --
Total Time Taken is: 2297.43913
Doing image 689 --
Total Time Taken is: 2300.79412
Doing image 690 --
Total Time Taken is: 2304.14033
Doing image 691 --
Total Time Taken is: 2307.48923
Doing image 692 --
Total Time Taken is: 2310.80261
Doing image 693 --
Total Time Taken is: 2314.13167
Doing image 694 --
Total Time Taken is: 2317.47386
Doing image 695 --
Total Time Taken is: 2320.80532
Doing image 696 --
Total Time Taken is: 2324.12717
Doing image 697 --
Total Time Taken is: 2327.47586
Doing image 698 --
Total Time Taken is: 2330.80909
Doing image 699 --
Total Time Taken is: 2334.15068
Doing image 700 --
Total Time Taken is: 2337.50922
Doing image 701 --
Total Time Taken is: 2340.83666
Doing image 702 --
Total Time Taken is: 2344.15092
Doing image 703 --
Total Time Taken is: 2347.49807
Doing image 704 --
Total Time Taken is: 2350.84085
Doing image 705 --
Total Time Taken is: 2354.20244
Doing image 706 --
Total Time Taken is: 2357.52431
Doing image 707 --
Total Time Taken is: 2360.88386
Doing image 708 --
Total Time Taken is: 2364.24580
Doing image 709 --
Total Time Taken is: 2367.56431
Doing image 710 --
Total Time Taken is: 2370.91345
Doing image 711 --
Total Time Taken is: 2374.27500
Doing image 712 --
Total Time Taken is: 2377.59304
Doing image 713 --
Total Time Taken is: 2380.93641
Doing image 714 --
Total Time Taken is: 2384.25965
Doing image 715 --
Total Time Taken is: 2387.56768
Doing image 716 --
Total Time Taken is: 2390.88153
Doing image 717 --
Total Time Taken is: 2394.20874
Doing image 718 --
Total Time Taken is: 2397.51581
Doing image 719 --
Total Time Taken is: 2400.83233
Doing image 720 --
Total Time Taken is: 2404.18195
Doing image 721 --
Total Time Taken is: 2407.60067
Doing image 722 --
Total Time Taken is: 2410.92789
Doing image 723 --
Total Time Taken is: 2414.24094
Doing image 724 --
Total Time Taken is: 2417.61428
Doing image 725 --
Total Time Taken is: 2420.92322
Doing image 726 --
Total Time Taken is: 2424.24239
Doing image 727 --
Total Time Taken is: 2427.56729
Doing image 728 --
Total Time Taken is: 2430.91158
Doing image 729 --
Total Time Taken is: 2434.22249
Doing image 730 --
Total Time Taken is: 2437.57378
Doing image 731 --
Total Time Taken is: 2440.89799
Doing image 732 --
Total Time Taken is: 2444.21035
Doing image 733 --
Total Time Taken is: 2447.56890
Doing image 734 --
Total Time Taken is: 2450.92235
Doing image 735 --
Total Time Taken is: 2454.26851
Doing image 736 --
Total Time Taken is: 2457.58094
Doing image 737 --
Total Time Taken is: 2460.91456
Doing image 738 --
Total Time Taken is: 2464.26265
Doing image 739 --
Total Time Taken is: 2467.59198
Doing image 740 --
Total Time Taken is: 2470.94602
Doing image 741 --
Total Time Taken is: 2474.27111
Doing image 742 --
Total Time Taken is: 2477.64154
Doing image 743 --
Total Time Taken is: 2480.96410
Doing image 744 --
Total Time Taken is: 2484.28769
Doing image 745 --
Total Time Taken is: 2487.60626
Doing image 746 --
Total Time Taken is: 2490.94847
Doing image 747 --
Total Time Taken is: 2494.40696
Doing image 748 --
Total Time Taken is: 2497.96464
Doing image 749 --
Total Time Taken is: 2501.28113
Doing image 750 --
Total Time Taken is: 2504.60346
Doing image 751 --
Total Time Taken is: 2507.91951
Doing image 752 --
Total Time Taken is: 2511.26294
Doing image 753 --
Total Time Taken is: 2514.59690
Doing image 754 --
Total Time Taken is: 2517.91570
Doing image 755 --
Total Time Taken is: 2521.24266
Doing image 756 --
Total Time Taken is: 2524.55050
Doing image 757 --
Total Time Taken is: 2527.93100
Doing image 758 --
Total Time Taken is: 2531.25173
Doing image 759 --
Total Time Taken is: 2534.57948
Doing image 760 --
Total Time Taken is: 2537.90282
Doing image 761 --
Total Time Taken is: 2541.22419
Doing image 762 --
Total Time Taken is: 2544.57239
Doing image 763 --
Total Time Taken is: 2547.91372
Doing image 764 --
Total Time Taken is: 2551.26047
Doing image 765 --
Total Time Taken is: 2554.75824
Doing image 766 --
Total Time Taken is: 2558.08701
Doing image 767 --
Total Time Taken is: 2561.46852
Doing image 768 --
Total Time Taken is: 2564.79671
Doing image 769 --
Total Time Taken is: 2568.14276
Doing image 770 --
Total Time Taken is: 2571.46727
Doing image 771 --
Total Time Taken is: 2574.78671
Doing image 772 --
Total Time Taken is: 2578.13391
Doing image 773 --
Total Time Taken is: 2581.46298
Doing image 774 --
Total Time Taken is: 2584.98989
Doing image 775 --
Total Time Taken is: 2588.33451
Doing image 776 --
Total Time Taken is: 2591.64862
Doing image 777 --
Total Time Taken is: 2594.98466
Doing image 778 --
Total Time Taken is: 2598.36267
Doing image 779 --
Total Time Taken is: 2601.85934
Doing image 780 --
Total Time Taken is: 2605.18456
Doing image 781 --
Total Time Taken is: 2608.50718
Doing image 782 --
Total Time Taken is: 2611.84272
Doing image 783 --
Total Time Taken is: 2615.20450
Doing image 784 --
Total Time Taken is: 2618.54397
Doing image 785 --
Total Time Taken is: 2621.86058
Doing image 786 --
Total Time Taken is: 2625.22692
Doing image 787 --
Total Time Taken is: 2628.55180
Doing image 788 --
Total Time Taken is: 2631.88803
Doing image 789 --
Total Time Taken is: 2635.21074
Doing image 790 --
Total Time Taken is: 2638.56138
Doing image 791 --
Total Time Taken is: 2641.93817
Doing image 792 --
Total Time Taken is: 2645.30284
Doing image 793 --
Total Time Taken is: 2648.62383
Doing image 794 --
Total Time Taken is: 2651.95443
Doing image 795 --
Total Time Taken is: 2655.27006
Doing image 796 --
Total Time Taken is: 2658.58587
Doing image 797 --
Total Time Taken is: 2661.93399
Doing image 798 --
Total Time Taken is: 2665.24080
Doing image 799 --
Total Time Taken is: 2668.57423
Doing image 800 --
Total Time Taken is: 2671.94032
Doing image 801 --
Total Time Taken is: 2675.30827
Doing image 802 --
Total Time Taken is: 2678.64769
Doing image 803 --
Total Time Taken is: 2682.10890
Doing image 804 --
Total Time Taken is: 2685.46201
Doing image 805 --
Total Time Taken is: 2688.78043
Doing image 806 --
Total Time Taken is: 2692.09416
Doing image 807 --
Total Time Taken is: 2695.42622
Doing image 808 --
Total Time Taken is: 2698.74759
Doing image 809 --
Total Time Taken is: 2702.08260
Doing image 810 --
Total Time Taken is: 2705.43970
Doing image 811 --
Total Time Taken is: 2708.76123
Doing image 812 --
Total Time Taken is: 2712.08911
Doing image 813 --
Total Time Taken is: 2715.49705
Doing image 814 --
Total Time Taken is: 2718.85152
Doing image 815 --
Total Time Taken is: 2722.18660
Doing image 816 --
Total Time Taken is: 2725.51079
Doing image 817 --
Total Time Taken is: 2728.86552
Doing image 818 --
Total Time Taken is: 2732.19908
Doing image 819 --
Total Time Taken is: 2735.52586
Doing image 820 --
Total Time Taken is: 2738.84527
Doing image 821 --
Total Time Taken is: 2742.15460
Doing image 822 --
Total Time Taken is: 2745.46868
Doing image 823 --
Total Time Taken is: 2748.81907
Doing image 824 --
Total Time Taken is: 2752.17675
Doing image 825 --
Total Time Taken is: 2755.51858
Doing image 826 --
Total Time Taken is: 2758.88550
Doing image 827 --
Total Time Taken is: 2763.66463
Doing image 828 --
Total Time Taken is: 2767.06950
Doing image 829 --
Total Time Taken is: 2770.39060
Doing image 830 --
Total Time Taken is: 2773.72385
Doing image 831 --
Total Time Taken is: 2777.04975
Doing image 832 --
Total Time Taken is: 2780.36554
Doing image 833 --
Total Time Taken is: 2783.68887
Doing image 834 --
Total Time Taken is: 2787.03339
Doing image 835 --
Total Time Taken is: 2790.35547
Doing image 836 --
Total Time Taken is: 2793.66374
Doing image 837 --
Total Time Taken is: 2796.99503
Doing image 838 --
Total Time Taken is: 2800.33551
Doing image 839 --
Total Time Taken is: 2803.66122
Doing image 840 --
Total Time Taken is: 2806.98165
Doing image 841 --
Total Time Taken is: 2810.30598
Doing image 842 --
Total Time Taken is: 2812.75013
Doing image 843 --
Total Time Taken is: 2816.11681
Doing image 844 --
Total Time Taken is: 2819.45582
Doing image 845 --
Total Time Taken is: 2822.77966
Doing image 846 --
Total Time Taken is: 2826.09325
Doing image 847 --
Total Time Taken is: 2829.43174
Doing image 848 --
Total Time Taken is: 2832.75687
Doing image 849 --
Total Time Taken is: 2836.08759
Doing image 850 --
Total Time Taken is: 2839.43158
Doing image 851 --
Total Time Taken is: 2842.74002
Doing image 852 --
Total Time Taken is: 2846.07779
Doing image 853 --
Total Time Taken is: 2849.42608
Doing image 854 --
Total Time Taken is: 2852.84424
Doing image 855 --
Total Time Taken is: 2856.17519
Doing image 856 --
Total Time Taken is: 2859.50008
Doing image 857 --
Total Time Taken is: 2862.86073
Doing image 858 --
Total Time Taken is: 2866.21494
Doing image 859 --
Total Time Taken is: 2869.56436
Doing image 860 --
Total Time Taken is: 2872.92878
Doing image 861 --
Total Time Taken is: 2876.24535
Doing image 862 --
Total Time Taken is: 2879.73484
Doing image 863 --
Total Time Taken is: 2883.14114
Doing image 864 --
Total Time Taken is: 2886.49855
Doing image 865 --
Total Time Taken is: 2889.85732
Doing image 866 --
Total Time Taken is: 2893.21411
Doing image 867 --
Total Time Taken is: 2896.55995
Doing image 868 --
Total Time Taken is: 2899.88526
Doing image 869 --
Total Time Taken is: 2903.25442
Doing image 870 --
Total Time Taken is: 2906.58070
Doing image 871 --
Total Time Taken is: 2909.90157
Doing image 872 --
Total Time Taken is: 2913.24337
Doing image 873 --
Total Time Taken is: 2916.58613
Doing image 874 --
Total Time Taken is: 2919.91715
Doing image 875 --
Total Time Taken is: 2923.26477
Doing image 876 --
Total Time Taken is: 2926.73605
Doing image 877 --
Total Time Taken is: 2930.24133
Doing image 878 --
Total Time Taken is: 2933.55581
Doing image 879 --
Total Time Taken is: 2936.88045
Doing image 880 --
Total Time Taken is: 2940.24313
Doing image 881 --
Total Time Taken is: 2943.58749
Doing image 882 --
Total Time Taken is: 2946.95209
Doing image 883 --
Total Time Taken is: 2951.25337
Doing image 884 --
Total Time Taken is: 2954.64665
Doing image 885 --
Total Time Taken is: 2957.97075
Doing image 886 --
Total Time Taken is: 2961.29123
Doing image 887 --
Total Time Taken is: 2964.62464
Doing image 888 --
Total Time Taken is: 2967.94638
Doing image 889 --
Total Time Taken is: 2971.28166
Doing image 890 --
Total Time Taken is: 2974.59088
Doing image 891 --
Total Time Taken is: 2977.92454
Doing image 892 --
Total Time Taken is: 2981.26273
Doing image 893 --
Total Time Taken is: 2984.63644
Doing image 894 --
Total Time Taken is: 2987.96213
Doing image 895 --
Total Time Taken is: 2991.28163
Doing image 896 --
Total Time Taken is: 2994.63688
Doing image 897 --
Total Time Taken is: 2997.95508
Doing image 898 --
Total Time Taken is: 3001.27581
Doing image 899 --
Total Time Taken is: 3004.59760
Doing image 900 --
Total Time Taken is: 3007.94200
Doing image 901 --
Total Time Taken is: 3011.28764
Doing image 902 --
Total Time Taken is: 3014.60076
Doing image 903 --
Total Time Taken is: 3017.92681
Doing image 904 --
Total Time Taken is: 3021.26305
Doing image 905 --
Total Time Taken is: 3024.56413
Doing image 906 --
Total Time Taken is: 3027.93869
Doing image 907 --
Total Time Taken is: 3031.26344
Doing image 908 --
Total Time Taken is: 3034.61476
Doing image 909 --
Total Time Taken is: 3038.00378
Doing image 910 --
Total Time Taken is: 3041.32938
Doing image 911 --
Total Time Taken is: 3044.64557
Doing image 912 --
Total Time Taken is: 3047.95843
Doing image 913 --
Total Time Taken is: 3051.28211
Doing image 914 --
Total Time Taken is: 3054.62358
Doing image 915 --
Total Time Taken is: 3057.95109
Doing image 916 --
Total Time Taken is: 3061.29168
Doing image 917 --
Total Time Taken is: 3064.61017
Doing image 918 --
Total Time Taken is: 3067.92972
Doing image 919 --
Total Time Taken is: 3071.24720
Doing image 920 --
Total Time Taken is: 3074.58104
Doing image 921 --
Total Time Taken is: 3077.89230
Doing image 922 --
Total Time Taken is: 3081.20763
Doing image 923 --
Total Time Taken is: 3084.53061
Doing image 924 --
Total Time Taken is: 3087.84900
Doing image 925 --
Total Time Taken is: 3091.23465
Doing image 926 --
Total Time Taken is: 3094.54958
Doing image 927 --
Total Time Taken is: 3097.87503
Doing image 928 --
Total Time Taken is: 3101.19990
Doing image 929 --
Total Time Taken is: 3104.51682
Doing image 930 --
Total Time Taken is: 3107.85421
Doing image 931 --
Total Time Taken is: 3111.17018
Doing image 932 --
Total Time Taken is: 3114.48467
Doing image 933 --
Total Time Taken is: 3117.79105
Doing image 934 --
Total Time Taken is: 3121.15111
Doing image 935 --
Total Time Taken is: 3124.50611
Doing image 936 --
Total Time Taken is: 3127.87364
Doing image 937 --
Total Time Taken is: 3131.19582
Doing image 938 --
Total Time Taken is: 3134.52787
Doing image 939 --
Total Time Taken is: 3137.85428
Doing image 940 --
Total Time Taken is: 3141.32097
Doing image 941 --
Total Time Taken is: 3144.64757
Doing image 942 --
Total Time Taken is: 3147.99589
Doing image 943 --
Total Time Taken is: 3151.32729
Doing image 944 --
Total Time Taken is: 3154.66249
Doing image 945 --
Total Time Taken is: 3157.98271
Doing image 946 --
Total Time Taken is: 3161.32374
Doing image 947 --
Total Time Taken is: 3164.64219
Doing image 948 --
Total Time Taken is: 3167.98740
Doing image 949 --
Total Time Taken is: 3171.33940
Doing image 950 --
Total Time Taken is: 3174.72351


It took 3174.72351 ms to complete this task of converting 950 images....
It took 229806 ms to complete the script....